 RMG_CustomizeObjectProperties

 Timestamp is 67a2db47 (Wed Feb  5 06:30:15 2025)

 Preferred load address is 10000000

 Start         Length     Name                   Class
 0001:00000000 00000d00H .text$di                CODE
 0001:00000d00 000397b0H .text$mn                CODE
 0001:0003a4b0 000013b0H .text$x                 CODE
 0001:0003b860 000003feH .text$yd                CODE
 0002:00000000 00000150H .idata$5                DATA
 0002:00000150 00000008H .00cfg                  DATA
 0002:00000158 00000004H .CRT$XCA                DATA
 0002:0000015c 0000000cH .CRT$XCC                DATA
 0002:00000168 00000008H .CRT$XCL                DATA
 0002:00000170 00000174H .CRT$XCU                DATA
 0002:000002e4 00000004H .CRT$XCZ                DATA
 0002:000002e8 00000004H .CRT$XIA                DATA
 0002:000002ec 00000014H .CRT$XIC                DATA
 0002:00000300 00000004H .CRT$XIZ                DATA
 0002:00000304 00000004H .CRT$XLA                DATA
 0002:00000308 00000004H .CRT$XLZ                DATA
 0002:0000030c 00000004H .CRT$XPA                DATA
 0002:00000310 00000008H .CRT$XPX                DATA
 0002:00000318 00000004H .CRT$XPXA               DATA
 0002:0000031c 00000004H .CRT$XPZ                DATA
 0002:00000320 00000004H .CRT$XTA                DATA
 0002:00000324 0000001cH .CRT$XTZ                DATA
 0002:00000328 00000000H .gfids$y                DATA
 0002:00000340 000095c0H .rdata                  DATA
 0002:00009900 00000000H .rdata$CastGuardVftablesA DATA
 0002:00009900 00000000H .rdata$CastGuardVftablesC DATA
 0002:00009900 00000018H .rdata$T                DATA
 0002:00009918 00000f80H .rdata$r                DATA
 0002:0000a898 0000029cH .rdata$sxdata           DATA
 0002:0000ab34 00000108H .rdata$voltmd           DATA
 0002:0000ac3c 00000410H .rdata$zzzdbg           DATA
 0002:0000b04c 00000004H .rtc$IAA                DATA
 0002:0000b050 00000004H .rtc$IZZ                DATA
 0002:0000b054 00000004H .rtc$TAA                DATA
 0002:0000b058 00000004H .rtc$TZZ                DATA
 0002:0000b05c 00000004H .tls                    DATA
 0002:0000b060 00000004H .tls$                   DATA
 0002:0000b064 00000004H .tls$ZZZ                DATA
 0002:0000b068 00003978H .xdata$x                DATA
 0002:0000e9e0 00000070H .edata                  DATA
 0002:0000ea50 00000014H .idata$2                DATA
 0002:0000ea64 00000014H .idata$3                DATA
 0002:0000ea78 00000150H .idata$4                DATA
 0002:0000ebc8 0000064cH .idata$6                DATA
 0003:00000000 00000ae0H .data                   DATA
 0003:00000ae0 00000268H .data$r                 DATA
 0003:00000d48 00000578H .data$rs                DATA
 0003:000012c0 00004e04H .bss                    DATA
 0004:00000000 00000060H .rsrc$01                DATA
 0004:00000060 00000098H .rsrc$02                DATA

  Address         Publics by Value              Rva+Base       Lib:Object

 0000:00000000       ___AbsoluteZero            00000000     <absolute>
 0000:00000000       ___arm64x_extra_rfe_table  00000000     <absolute>
 0000:00000000       ___arm64x_extra_rfe_table_size 00000000     <absolute>
 0000:00000000       ___arm64x_native_entrypoint 00000000     <absolute>
 0000:00000000       ___arm64x_redirection_metadata 00000000     <absolute>
 0000:00000000       ___arm64x_redirection_metadata_count 00000000     <absolute>
 0000:00000000       ___dynamic_value_reloc_table 00000000     <absolute>
 0000:00000000       ___enclave_config          00000000     <absolute>
 0000:00000000       ___guard_check_icall_a64n_fptr 00000000     <absolute>
 0000:00000000       ___guard_eh_cont_count     00000000     <absolute>
 0000:00000000       ___guard_eh_cont_table     00000000     <absolute>
 0000:00000000       ___guard_fids_count        00000000     <absolute>
 0000:00000000       ___guard_fids_table        00000000     <absolute>
 0000:00000000       ___guard_iat_count         00000000     <absolute>
 0000:00000000       ___guard_iat_table         00000000     <absolute>
 0000:00000000       ___guard_longjmp_count     00000000     <absolute>
 0000:00000000       ___guard_longjmp_table     00000000     <absolute>
 0000:00000000       ___hybrid_auxiliary_delayload_iat 00000000     <absolute>
 0000:00000000       ___hybrid_auxiliary_delayload_iat_copy 00000000     <absolute>
 0000:00000000       ___hybrid_auxiliary_iat    00000000     <absolute>
 0000:00000000       ___hybrid_auxiliary_iat_copy 00000000     <absolute>
 0000:00000000       ___hybrid_code_map         00000000     <absolute>
 0000:00000000       ___hybrid_code_map_count   00000000     <absolute>
 0000:00000000       ___hybrid_image_info_bitfield 00000000     <absolute>
 0000:00000000       ___x64_code_ranges_to_entry_points 00000000     <absolute>
 0000:00000000       ___x64_code_ranges_to_entry_points_count 00000000     <absolute>
 0000:00000000       __except_list              00000000     <absolute>
 0000:0000002c       __tls_array                0000002c     <absolute>
 0000:000000a7       ___safe_se_handler_count   000000a7     <absolute>
 0000:00000100       ___guard_flags             00000100     <absolute>
 0000:00000000       ___ImageBase               10000000     <linker-defined>
 0001:00000d00       ?OnCancel@H3Dlg@h3@@UAEXXZ 10001d00 f i RMG_SettingsDlg.obj
 0001:00000d00       ?OnOK@H3Dlg@h3@@UAEXXZ     10001d00 f i RMG_SettingsDlg.obj
 0001:00000d00       ?_Lock@?$basic_streambuf@DU?$char_traits@D@std@@@std@@UAEXXZ 10001d00 f i ObjectsExtender.obj
 0001:00000d00       ?_Unlock@?$basic_streambuf@DU?$char_traits@D@std@@@std@@UAEXXZ 10001d00 f i ObjectsExtender.obj
 0001:00000d00       ?__empty_global_delete@@YAXPAXI@Z 10001d00 f i DrawPcx16ResizedBicubic.obj
 0001:00000d00       ?__global_delete@@YAXPAXI@Z 10001d00 f i * CIL library *:* CIL module *
 0001:00000d00       @_guard_check_icall_nop@4  10001d00 f i LIBCMT:guard_support.obj
 0001:00000d10       ___local_stdio_printf_options 10001d10 f i era.obj
 0001:00000d20       _sprintf_s                 10001d20 f i era.obj
 0001:00000d50       ??0exception@std@@QAE@ABV01@@Z 10001d50 f i era.obj
 0001:00000d80       ?what@exception@std@@UBEPBDXZ 10001d80 f i era.obj
 0001:00000d90       ??_Ebad_alloc@std@@UAEPAXI@Z 10001d90 f i * CIL library *:* CIL module *
 0001:00000d90       ??_Ebad_array_new_length@std@@UAEPAXI@Z 10001d90 f i * CIL library *:* CIL module *
 0001:00000d90       ??_Ebad_cast@std@@UAEPAXI@Z 10001d90 f i * CIL library *:* CIL module *
 0001:00000d90       ??_Eexception@std@@UAEPAXI@Z 10001d90 f i * CIL library *:* CIL module *
 0001:00000d90       ??_Eruntime_error@std@@UAEPAXI@Z 10001d90 f i * CIL library *:* CIL module *
 0001:00000d90       ??_Gbad_alloc@std@@UAEPAXI@Z 10001d90 f i era.obj
 0001:00000d90       ??_Gbad_array_new_length@std@@UAEPAXI@Z 10001d90 f i era.obj
 0001:00000d90       ??_Gbad_cast@std@@UAEPAXI@Z 10001d90 f i ObjectsExtender.obj
 0001:00000d90       ??_Gexception@std@@UAEPAXI@Z 10001d90 f i era.obj
 0001:00000d90       ??_Gruntime_error@std@@UAEPAXI@Z 10001d90 f i ObjectsExtender.obj
 0001:00000dc0       ??1__non_rtti_object@std@@UAE@XZ 10001dc0 f i libvcruntime:rtti.obj
 0001:00000dc0       ??1bad_alloc@std@@UAE@XZ   10001dc0 f i era.obj
 0001:00000dc0       ??1bad_array_new_length@std@@UAE@XZ 10001dc0 f i era.obj
 0001:00000dc0       ??1bad_cast@std@@UAE@XZ    10001dc0 f i ObjectsExtender.obj
 0001:00000dc0       ??1bad_exception@std@@UAE@XZ 10001dc0 f i libvcruntime:frame.obj
 0001:00000dc0       ??1failure@ios_base@std@@UAE@XZ 10001dc0 f i ObjectsExtender.obj
 0001:00000dc0       ??1length_error@std@@UAE@XZ 10001dc0 f i libcpmt:xthrow.obj
 0001:00000dc0       ??1out_of_range@std@@UAE@XZ 10001dc0 f i libcpmt:xthrow.obj
 0001:00000dc0       ??1runtime_error@std@@UAE@XZ 10001dc0 f i ObjectsExtender.obj
 0001:00000dc0       ??1system_error@std@@UAE@XZ 10001dc0 f i ObjectsExtender.obj
 0001:00000de0       ??0bad_array_new_length@std@@QAE@XZ 10001de0 f i era.obj
 0001:00000e00       ?_Throw_bad_array_new_length@std@@YAXXZ 10001e00 f i era.obj
 0001:00000e00       ?__scrt_throw_std_bad_array_new_length@@YAXXZ 10001e00 f i LIBCMT:throw_bad_alloc.obj
 0001:00000e20       ??0bad_array_new_length@std@@QAE@ABV01@@Z 10001e20 f i era.obj
 0001:00000e60       ??0bad_alloc@std@@QAE@ABV01@@Z 10001e60 f i era.obj
 0001:00000ea0       ?_Xlen_string@std@@YAXXZ   10001ea0 f i era.obj
 0001:00000eb0       ??1?$basic_string@DU?$char_traits@D@std@@V?$allocator@D@2@@std@@QAE@XZ 10001eb0 f i era.obj
 0001:00000eb0       ??1?$pair@V?$basic_string@DU?$char_traits@D@std@@V?$allocator@D@2@@std@@I@std@@QAE@XZ 10001eb0 f i SoundManager.obj
 0001:00000eb0       ?_Tidy_deallocate@?$basic_string@DU?$char_traits@D@std@@V?$allocator@D@2@@std@@AAEXXZ 10001eb0 f i era.obj
 0001:00000f00       ??0?$basic_string@DU?$char_traits@D@std@@V?$allocator@D@2@@std@@QAE@QBD@Z 10001f00 f i era.obj
 0001:00000f40       ?deallocate@?$allocator@D@std@@QAEXQADI@Z 10001f40 f i era.obj
 0001:00000f80       ??$_Construct@$00PBD@?$basic_string@DU?$char_traits@D@std@@V?$allocator@D@2@@std@@AAEXQBDI@Z 10001f80 f i era.obj
 0001:00001010       ??0?$basic_string@DU?$char_traits@D@std@@V?$allocator@D@2@@std@@QAE@U_String_constructor_concat_tag@1@AAV01@1@Z 10002010 f i era.obj
 0001:000011a0       ??$_Allocate_for_capacity@$0A@@?$basic_string@DU?$char_traits@D@std@@V?$allocator@D@2@@std@@CAPADAAV?$allocator@D@1@AAI@Z 100021a0 f i era.obj
 0001:00001200       ??$_Allocate_at_least_helper@V?$allocator@D@std@@@std@@YAPADAAV?$allocator@D@0@AAI@Z 10002200 f i era.obj
 0001:00001250       __vsnprintf_l              10002250 f i dllmain.obj
 0001:00001290       _sprintf                   10002290 f i dllmain.obj
 0001:000012b0       _ceilf                     100022b0 f i SoundManager.obj
 0001:000012f0       ??1H3String@h3@@QAE@XZ     100022f0 f i SoundManager.obj
 0001:00001330       ?Format@H3String@h3@@SA?AU12@PBDZZ 10002330 f i SoundManager.obj
 0001:000013d0       ??1?$_Hash@V?$_Umap_traits@KHV?$_Uhash_compare@KU?$hash@K@std@@U?$equal_to@K@2@@std@@V?$allocator@U?$pair@$$CBKH@std@@@2@$0A@@std@@@std@@QAE@XZ 100023d0 f i SoundManager.obj
 0001:000013d0       ??1?$_Hash@V?$_Uset_traits@URMGObjectSetable@extender@@V?$_Uhash_compare@URMGObjectSetable@extender@@UHashFunction@12@U?$equal_to@URMGObjectSetable@extender@@@std@@@std@@V?$allocator@URMGObjectSetable@extender@@@4@$0A@@std@@@std@@QAE@XZ 100023d0 f i ObjectsExtender.obj
 0001:00001460       ??1?$unordered_map@V?$basic_string@DU?$char_traits@D@std@@V?$allocator@D@2@@std@@IU?$hash@V?$basic_string@DU?$char_traits@D@std@@V?$allocator@D@2@@std@@@2@U?$equal_to@V?$basic_string@DU?$char_traits@D@std@@V?$allocator@D@2@@std@@@2@V?$allocator@U?$pair@$$CBV?$basic_string@DU?$char_traits@D@std@@V?$allocator@D@2@@std@@I@std@@@2@@std@@QAE@XZ 10002460 f i SoundManager.obj
 0001:00001470       ??1?$_Hash@V?$_Umap_traits@V?$basic_string@DU?$char_traits@D@std@@V?$allocator@D@2@@std@@IV?$_Uhash_compare@V?$basic_string@DU?$char_traits@D@std@@V?$allocator@D@2@@std@@U?$hash@V?$basic_string@DU?$char_traits@D@std@@V?$allocator@D@2@@std@@@2@U?$equal_to@V?$basic_string@DU?$char_traits@D@std@@V?$allocator@D@2@@std@@@2@@2@V?$allocator@U?$pair@$$CBV?$basic_string@DU?$char_traits@D@std@@V?$allocator@D@2@@std@@I@std@@@2@$0A@@std@@@std@@QAE@XZ 10002470 f i SoundManager.obj
 0001:000014e0       ??1?$_Hash_vec@V?$allocator@V?$_List_unchecked_const_iterator@V?$_List_val@U?$_List_simple_types@I@std@@@std@@U_Iterator_base0@2@@std@@@std@@@std@@QAE@XZ 100024e0 f i RMGObjectsEditor.obj
 0001:000014e0       ??1?$_Hash_vec@V?$allocator@V?$_List_unchecked_const_iterator@V?$_List_val@U?$_List_simple_types@PBD@std@@@std@@U_Iterator_base0@2@@std@@@std@@@std@@QAE@XZ 100024e0 f i ObjectsExtender.obj
 0001:000014e0       ??1?$_Hash_vec@V?$allocator@V?$_List_unchecked_const_iterator@V?$_List_val@U?$_List_simple_types@URMGObjectSetable@extender@@@std@@@std@@U_Iterator_base0@2@@std@@@std@@@std@@QAE@XZ 100024e0 f i ObjectsExtender.obj
 0001:000014e0       ??1?$_Hash_vec@V?$allocator@V?$_List_unchecked_iterator@V?$_List_val@U?$_List_simple_types@U?$pair@$$CBKH@std@@@std@@@std@@@std@@@std@@@std@@QAE@XZ 100024e0 f i SoundManager.obj
 0001:000014e0       ??1?$_Hash_vec@V?$allocator@V?$_List_unchecked_iterator@V?$_List_val@U?$_List_simple_types@U?$pair@$$CBV?$basic_string@DU?$char_traits@D@std@@V?$allocator@D@2@@std@@I@std@@@std@@@std@@@std@@@std@@@std@@QAE@XZ 100024e0 f i SoundManager.obj
 0001:00001540       ??1?$list@U?$pair@$$CBV?$basic_string@DU?$char_traits@D@std@@V?$allocator@D@2@@std@@I@std@@V?$allocator@U?$pair@$$CBV?$basic_string@DU?$char_traits@D@std@@V?$allocator@D@2@@std@@I@std@@@2@@std@@QAE@XZ 10002540 f i SoundManager.obj
 0001:00001560       ??1?$list@U?$pair@$$CBKH@std@@V?$allocator@U?$pair@$$CBKH@std@@@2@@std@@QAE@XZ 10002560 f i SoundManager.obj
 0001:00001560       ??1?$list@URMGObjectSetable@extender@@V?$allocator@URMGObjectSetable@extender@@@std@@@std@@QAE@XZ 10002560 f i ObjectsExtender.obj
 0001:000015a0       ??1?$vector@HV?$allocator@H@std@@@std@@QAE@XZ 100025a0 f i SoundManager.obj
 0001:000015a0       ??1?$vector@PADV?$allocator@PAD@std@@@std@@QAE@XZ 100025a0 f i SoundManager.obj
 0001:000015a0       ??1?$vector@PAUH3DlgCaptionButton@h3@@V?$allocator@PAUH3DlgCaptionButton@h3@@@std@@@std@@QAE@XZ 100025a0 f i RMG_SettingsDlg.obj
 0001:000015a0       ??1?$vector@PAUH3DlgDef@h3@@V?$allocator@PAUH3DlgDef@h3@@@std@@@std@@QAE@XZ 100025a0 f i RMG_SettingsDlg.obj
 0001:000015a0       ??1?$vector@PAUH3DlgItem@h3@@V?$allocator@PAUH3DlgItem@h3@@@std@@@std@@QAE@XZ 100025a0 f i RMG_SettingsDlg.obj
 0001:000015a0       ??1?$vector@PAUH3WavFile@h3@@V?$allocator@PAUH3WavFile@h3@@@std@@@std@@QAE@XZ 100025a0 f i SoundManager.obj
 0001:000015a0       ??1?$vector@PAUObjectsPanel@RMG_SettingsDlg@rmgdlg@@V?$allocator@PAUObjectsPanel@RMG_SettingsDlg@rmgdlg@@@std@@@std@@QAE@XZ 100025a0 f i RMG_SettingsDlg.obj
 0001:000015a0       ??1?$vector@PAUPage@RMG_SettingsDlg@rmgdlg@@V?$allocator@PAUPage@RMG_SettingsDlg@rmgdlg@@@std@@@std@@QAE@XZ 100025a0 f i RMG_SettingsDlg.obj
 0001:000015a0       ?_Tidy@?$vector@HV?$allocator@H@std@@@std@@AAEXXZ 100025a0 f i SoundManager.obj
 0001:000015a0       ?_Tidy@?$vector@PADV?$allocator@PAD@std@@@std@@AAEXXZ 100025a0 f i SoundManager.obj
 0001:00001600       ??0?$basic_string@DU?$char_traits@D@std@@V?$allocator@D@2@@std@@QAE@ABV01@@Z 10002600 f i SoundManager.obj
 0001:000016b0       ?_Assign_grow@?$_Hash_vec@V?$allocator@V?$_List_unchecked_const_iterator@V?$_List_val@U?$_List_simple_types@I@std@@@std@@U_Iterator_base0@2@@std@@@std@@@std@@QAEXIV?$_List_unchecked_const_iterator@V?$_List_val@U?$_List_simple_types@I@std@@@std@@U_Iterator_base0@2@@2@@Z 100026b0 f i RMGObjectsEditor.obj
 0001:000016b0       ?_Assign_grow@?$_Hash_vec@V?$allocator@V?$_List_unchecked_const_iterator@V?$_List_val@U?$_List_simple_types@URMGObjectSetable@extender@@@std@@@std@@U_Iterator_base0@2@@std@@@std@@@std@@QAEXIV?$_List_unchecked_const_iterator@V?$_List_val@U?$_List_simple_types@URMGObjectSetable@extender@@@std@@@std@@U_Iterator_base0@2@@2@@Z 100026b0 f i ObjectsExtender.obj
 0001:000016b0       ?_Assign_grow@?$_Hash_vec@V?$allocator@V?$_List_unchecked_iterator@V?$_List_val@U?$_List_simple_types@U?$pair@$$CBKH@std@@@std@@@std@@@std@@@std@@@std@@QAEXIV?$_List_unchecked_iterator@V?$_List_val@U?$_List_simple_types@U?$pair@$$CBKH@std@@@std@@@std@@@2@@Z 100026b0 f i SoundManager.obj
 0001:000016b0       ?_Assign_grow@?$_Hash_vec@V?$allocator@V?$_List_unchecked_iterator@V?$_List_val@U?$_List_simple_types@U?$pair@$$CBV?$basic_string@DU?$char_traits@D@std@@V?$allocator@D@2@@std@@I@std@@@std@@@std@@@std@@@std@@@std@@QAEXIV?$_List_unchecked_iterator@V?$_List_val@U?$_List_simple_types@U?$pair@$$CBV?$basic_string@DU?$char_traits@D@std@@V?$allocator@D@2@@std@@I@std@@@std@@@std@@@2@@Z 100026b0 f i SoundManager.obj
 0001:000017a0       ??$_Reallocate@$00@?$vector@HV?$allocator@H@std@@@std@@AAEXAAI@Z 100027a0 f i CreatureBanksExtender.obj
 0001:000017a0       ??$_Reallocate@$00@?$vector@PADV?$allocator@PAD@std@@@std@@AAEXAAI@Z 100027a0 f i SoundManager.obj
 0001:000017a0       ??$_Reallocate@$0A@@?$vector@HV?$allocator@H@std@@@std@@AAEXAAI@Z 100027a0 f i CreatureBanksExtender.obj
 0001:000017a0       ??$_Reallocate@$0A@@?$vector@PAUH3DlgItem@h3@@V?$allocator@PAUH3DlgItem@h3@@@std@@@std@@AAEXAAI@Z 100027a0 f i RMG_SettingsDlg.obj
 0001:00001870       ??$_Free_non_head@V?$allocator@U?$_List_node@U?$pair@$$CBV?$basic_string@DU?$char_traits@D@std@@V?$allocator@D@2@@std@@I@std@@PAX@std@@@std@@@?$_List_node@U?$pair@$$CBV?$basic_string@DU?$char_traits@D@std@@V?$allocator@D@2@@std@@I@std@@PAX@std@@SAXAAV?$allocator@U?$_List_node@U?$pair@$$CBV?$basic_string@DU?$char_traits@D@std@@V?$allocator@D@2@@std@@I@std@@PAX@std@@@1@PAU01@@Z 10002870 f i SoundManager.obj
 0001:000018e0       ??$uninitialized_fill@PAV?$_List_unchecked_const_iterator@V?$_List_val@U?$_List_simple_types@I@std@@@std@@U_Iterator_base0@2@@std@@V12@@std@@YAXQAV?$_List_unchecked_const_iterator@V?$_List_val@U?$_List_simple_types@I@std@@@std@@U_Iterator_base0@2@@0@0ABV10@@Z 100028e0 f i RMGObjectsEditor.obj
 0001:000018e0       ??$uninitialized_fill@PAV?$_List_unchecked_const_iterator@V?$_List_val@U?$_List_simple_types@PBD@std@@@std@@U_Iterator_base0@2@@std@@V12@@std@@YAXQAV?$_List_unchecked_const_iterator@V?$_List_val@U?$_List_simple_types@PBD@std@@@std@@U_Iterator_base0@2@@0@0ABV10@@Z 100028e0 f i ObjectsExtender.obj
 0001:000018e0       ??$uninitialized_fill@PAV?$_List_unchecked_const_iterator@V?$_List_val@U?$_List_simple_types@URMGObjectSetable@extender@@@std@@@std@@U_Iterator_base0@2@@std@@V12@@std@@YAXQAV?$_List_unchecked_const_iterator@V?$_List_val@U?$_List_simple_types@URMGObjectSetable@extender@@@std@@@std@@U_Iterator_base0@2@@0@0ABV10@@Z 100028e0 f i ObjectsExtender.obj
 0001:000018e0       ??$uninitialized_fill@PAV?$_List_unchecked_iterator@V?$_List_val@U?$_List_simple_types@U?$pair@$$CBKH@std@@@std@@@std@@@std@@V12@@std@@YAXQAV?$_List_unchecked_iterator@V?$_List_val@U?$_List_simple_types@U?$pair@$$CBKH@std@@@std@@@std@@@0@0ABV10@@Z 100028e0 f i SoundManager.obj
 0001:000018e0       ??$uninitialized_fill@PAV?$_List_unchecked_iterator@V?$_List_val@U?$_List_simple_types@U?$pair@$$CBV?$basic_string@DU?$char_traits@D@std@@V?$allocator@D@2@@std@@I@std@@@std@@@std@@@std@@V12@@std@@YAXQAV?$_List_unchecked_iterator@V?$_List_val@U?$_List_simple_types@U?$pair@$$CBV?$basic_string@DU?$char_traits@D@std@@V?$allocator@D@2@@std@@I@std@@@std@@@std@@@0@0ABV10@@Z 100028e0 f i SoundManager.obj
 0001:00001900       ??$fill@PAV?$_List_unchecked_const_iterator@V?$_List_val@U?$_List_simple_types@I@std@@@std@@U_Iterator_base0@2@@std@@V12@@std@@YAXQAV?$_List_unchecked_const_iterator@V?$_List_val@U?$_List_simple_types@I@std@@@std@@U_Iterator_base0@2@@0@0ABV10@@Z 10002900 f i RMGObjectsEditor.obj
 0001:00001900       ??$fill@PAV?$_List_unchecked_const_iterator@V?$_List_val@U?$_List_simple_types@PBD@std@@@std@@U_Iterator_base0@2@@std@@V12@@std@@YAXQAV?$_List_unchecked_const_iterator@V?$_List_val@U?$_List_simple_types@PBD@std@@@std@@U_Iterator_base0@2@@0@0ABV10@@Z 10002900 f i ObjectsExtender.obj
 0001:00001900       ??$fill@PAV?$_List_unchecked_const_iterator@V?$_List_val@U?$_List_simple_types@URMGObjectSetable@extender@@@std@@@std@@U_Iterator_base0@2@@std@@V12@@std@@YAXQAV?$_List_unchecked_const_iterator@V?$_List_val@U?$_List_simple_types@URMGObjectSetable@extender@@@std@@@std@@U_Iterator_base0@2@@0@0ABV10@@Z 10002900 f i ObjectsExtender.obj
 0001:00001900       ??$fill@PAV?$_List_unchecked_iterator@V?$_List_val@U?$_List_simple_types@U?$pair@$$CBKH@std@@@std@@@std@@@std@@V12@@std@@YAXQAV?$_List_unchecked_iterator@V?$_List_val@U?$_List_simple_types@U?$pair@$$CBKH@std@@@std@@@std@@@0@0ABV10@@Z 10002900 f i SoundManager.obj
 0001:00001900       ??$fill@PAV?$_List_unchecked_iterator@V?$_List_val@U?$_List_simple_types@U?$pair@$$CBV?$basic_string@DU?$char_traits@D@std@@V?$allocator@D@2@@std@@I@std@@@std@@@std@@@std@@V12@@std@@YAXQAV?$_List_unchecked_iterator@V?$_List_val@U?$_List_simple_types@U?$pair@$$CBV?$basic_string@DU?$char_traits@D@std@@V?$allocator@D@2@@std@@I@std@@@std@@@std@@@0@0ABV10@@Z 10002900 f i SoundManager.obj
 0001:00001970       ?_Change_array@?$vector@HV?$allocator@H@std@@@std@@AAEXQAHII@Z 10002970 f i SoundManager.obj
 0001:00001970       ?_Change_array@?$vector@PADV?$allocator@PAD@std@@@std@@AAEXQAPADII@Z 10002970 f i SoundManager.obj
 0001:00001970       ?_Change_array@?$vector@PAUH3DlgItem@h3@@V?$allocator@PAUH3DlgItem@h3@@@std@@@std@@AAEXQAPAUH3DlgItem@h3@@II@Z 10002970 f i RMG_SettingsDlg.obj
 0001:00001970       ?_Change_array@?$vector@PAUPage@RMG_SettingsDlg@rmgdlg@@V?$allocator@PAUPage@RMG_SettingsDlg@rmgdlg@@@std@@@std@@AAEXQAPAUPage@RMG_SettingsDlg@rmgdlg@@II@Z 10002970 f i RMG_SettingsDlg.obj
 0001:000019d0       ??$emplace@U?$pair@V?$basic_string@DU?$char_traits@D@std@@V?$allocator@D@2@@std@@I@std@@@?$_Hash@V?$_Umap_traits@V?$basic_string@DU?$char_traits@D@std@@V?$allocator@D@2@@std@@IV?$_Uhash_compare@V?$basic_string@DU?$char_traits@D@std@@V?$allocator@D@2@@std@@U?$hash@V?$basic_string@DU?$char_traits@D@std@@V?$allocator@D@2@@std@@@2@U?$equal_to@V?$basic_string@DU?$char_traits@D@std@@V?$allocator@D@2@@std@@@2@@2@V?$allocator@U?$pair@$$CBV?$basic_string@DU?$char_traits@D@std@@V?$allocator@D@2@@std@@I@std@@@2@$0A@@std@@@std@@QAE?AU?$pair@V?$_List_iterator@V?$_List_val@U?$_List_simple_types@U?$pair@$$CBV?$basic_string@DU?$char_traits@D@std@@V?$allocator@D@2@@std@@I@std@@@std@@@std@@@std@@_N@1@$$QAU?$pair@V?$basic_string@DU?$char_traits@D@std@@V?$allocator@D@2@@std@@I@1@@Z 100029d0 f i SoundManager.obj
 0001:00001ba0       ??$emplace@U?$pair@PBDI@std@@@?$_Hash@V?$_Umap_traits@V?$basic_string@DU?$char_traits@D@std@@V?$allocator@D@2@@std@@IV?$_Uhash_compare@V?$basic_string@DU?$char_traits@D@std@@V?$allocator@D@2@@std@@U?$hash@V?$basic_string@DU?$char_traits@D@std@@V?$allocator@D@2@@std@@@2@U?$equal_to@V?$basic_string@DU?$char_traits@D@std@@V?$allocator@D@2@@std@@@2@@2@V?$allocator@U?$pair@$$CBV?$basic_string@DU?$char_traits@D@std@@V?$allocator@D@2@@std@@I@std@@@2@$0A@@std@@@std@@QAE?AU?$pair@V?$_List_iterator@V?$_List_val@U?$_List_simple_types@U?$pair@$$CBV?$basic_string@DU?$char_traits@D@std@@V?$allocator@D@2@@std@@I@std@@@std@@@std@@@std@@_N@1@$$QAU?$pair@PBDI@1@@Z 10002ba0 f i SoundManager.obj
 0001:00001de0       ??$_Emplace_reallocate@AAH@?$vector@HV?$allocator@H@std@@@std@@AAEPAHQAHAAH@Z 10002de0 f i CreatureBanksExtender.obj
 0001:00001de0       ??$_Emplace_reallocate@AAPAD@?$vector@PADV?$allocator@PAD@std@@@std@@AAEPAPADQAPADAAPAD@Z 10002de0 f i SoundManager.obj
 0001:00001de0       ??$_Emplace_reallocate@AAPAUH3DlgDef@h3@@@?$vector@PAUH3DlgItem@h3@@V?$allocator@PAUH3DlgItem@h3@@@std@@@std@@AAEPAPAUH3DlgItem@h3@@QAPAU23@AAPAUH3DlgDef@3@@Z 10002de0 f i RMG_SettingsDlg.obj
 0001:00001de0       ??$_Emplace_reallocate@AAPAUH3DlgDefButton@h3@@@?$vector@PAUH3DlgItem@h3@@V?$allocator@PAUH3DlgItem@h3@@@std@@@std@@AAEPAPAUH3DlgItem@h3@@QAPAU23@AAPAUH3DlgDefButton@3@@Z 10002de0 f i RMG_SettingsDlg.obj
 0001:00001de0       ??$_Emplace_reallocate@AAPAUH3DlgEdit@h3@@@?$vector@PAUH3DlgItem@h3@@V?$allocator@PAUH3DlgItem@h3@@@std@@@std@@AAEPAPAUH3DlgItem@h3@@QAPAU23@AAPAUH3DlgEdit@3@@Z 10002de0 f i RMG_SettingsDlg.obj
 0001:00001de0       ??$_Emplace_reallocate@AAPAUH3DlgFrame@h3@@@?$vector@PAUH3DlgItem@h3@@V?$allocator@PAUH3DlgItem@h3@@@std@@@std@@AAEPAPAUH3DlgItem@h3@@QAPAU23@AAPAUH3DlgFrame@3@@Z 10002de0 f i RMG_SettingsDlg.obj
 0001:00001de0       ??$_Emplace_reallocate@AAPAUH3DlgPcx16@h3@@@?$vector@PAUH3DlgItem@h3@@V?$allocator@PAUH3DlgItem@h3@@@std@@@std@@AAEPAPAUH3DlgItem@h3@@QAPAU23@AAPAUH3DlgPcx16@3@@Z 10002de0 f i RMG_SettingsDlg.obj
 0001:00001de0       ??$_Emplace_reallocate@AAPAUH3DlgText@h3@@@?$vector@PAUH3DlgItem@h3@@V?$allocator@PAUH3DlgItem@h3@@@std@@@std@@AAEPAPAUH3DlgItem@h3@@QAPAU23@AAPAUH3DlgText@3@@Z 10002de0 f i RMG_SettingsDlg.obj
 0001:00001de0       ??$_Emplace_reallocate@ABH@?$vector@HV?$allocator@H@std@@@std@@AAEPAHQAHABH@Z 10002de0 f i CreatureBanksExtender.obj
 0001:00001de0       ??$_Emplace_reallocate@PAUBanksPage@RMG_SettingsDlg@rmgdlg@@@?$vector@PAUPage@RMG_SettingsDlg@rmgdlg@@V?$allocator@PAUPage@RMG_SettingsDlg@rmgdlg@@@std@@@std@@AAEPAPAUPage@RMG_SettingsDlg@rmgdlg@@QAPAU234@$$QAPAUBanksPage@34@@Z 10002de0 f i RMG_SettingsDlg.obj
 0001:00001de0       ??$_Emplace_reallocate@PAUH3DlgFrame@h3@@@?$vector@PAUH3DlgItem@h3@@V?$allocator@PAUH3DlgItem@h3@@@std@@@std@@AAEPAPAUH3DlgItem@h3@@QAPAU23@$$QAPAUH3DlgFrame@3@@Z 10002de0 f i RMG_SettingsDlg.obj
 0001:00001de0       ??$_Emplace_reallocate@PAUObjectsPage@RMG_SettingsDlg@rmgdlg@@@?$vector@PAUPage@RMG_SettingsDlg@rmgdlg@@V?$allocator@PAUPage@RMG_SettingsDlg@rmgdlg@@@std@@@std@@AAEPAPAUPage@RMG_SettingsDlg@rmgdlg@@QAPAU234@$$QAPAUObjectsPage@34@@Z 10002de0 f i RMG_SettingsDlg.obj
 0001:00001f10       ??$emplace@U?$pair@KH@std@@@?$_Hash@V?$_Umap_traits@KHV?$_Uhash_compare@KU?$hash@K@std@@U?$equal_to@K@2@@std@@V?$allocator@U?$pair@$$CBKH@std@@@2@$0A@@std@@@std@@QAE?AU?$pair@V?$_List_iterator@V?$_List_val@U?$_List_simple_types@U?$pair@$$CBKH@std@@@std@@@std@@@std@@_N@1@$$QAU?$pair@KH@1@@Z 10002f10 f i SoundManager.obj
 0001:000020e0       ??$_Resize_reallocate@H@?$vector@HV?$allocator@H@std@@@std@@AAEXIABH@Z 100030e0 f i SoundManager.obj
 0001:000021c0       ??$_Uninitialized_fill_n@V?$allocator@H@std@@@std@@YAPAHPAHIABHAAV?$allocator@H@0@@Z 100031c0 f i SoundManager.obj
 0001:000021c0       ??$_Uninitialized_fill_n@V?$allocator@PAUH3WavFile@h3@@@std@@@std@@YAPAPAUH3WavFile@h3@@PAPAU12@IABQAU12@AAV?$allocator@PAUH3WavFile@h3@@@0@@Z 100031c0 f i SoundManager.obj
 0001:00002220       ??$_Resize_reallocate@PAUH3WavFile@h3@@@?$vector@PAUH3WavFile@h3@@V?$allocator@PAUH3WavFile@h3@@@std@@@std@@AAEXIABQAUH3WavFile@h3@@@Z 10003220 f i SoundManager.obj
 0001:00002340       ??$_Resize_reallocate@U_Value_init_tag@std@@@?$vector@PADV?$allocator@PAD@std@@@std@@AAEXIABU_Value_init_tag@1@@Z 10003340 f i SoundManager.obj
 0001:00002420       ??1?$_Alloc_construct_ptr@V?$allocator@U?$_List_node@U?$pair@$$CBKH@std@@PAX@std@@@std@@@std@@QAE@XZ 10003420 f i SoundManager.obj
 0001:00002420       ??1?$_Alloc_construct_ptr@V?$allocator@U?$_List_node@URMGObjectSetable@extender@@PAX@std@@@std@@@std@@QAE@XZ 10003420 f i ObjectsExtender.obj
 0001:00002420       ??1?$_List_node_emplace_op2@V?$allocator@U?$_List_node@U?$pair@$$CBKH@std@@PAX@std@@@std@@@std@@QAE@XZ 10003420 f i SoundManager.obj
 0001:00002420       ??1?$_List_node_emplace_op2@V?$allocator@U?$_List_node@URMGObjectSetable@extender@@PAX@std@@@std@@@std@@QAE@XZ 10003420 f i ObjectsExtender.obj
 0001:00002440       ??1?$_List_node_emplace_op2@V?$allocator@U?$_List_node@U?$pair@$$CBV?$basic_string@DU?$char_traits@D@std@@V?$allocator@D@2@@std@@I@std@@PAX@std@@@std@@@std@@QAE@XZ 10003440 f i SoundManager.obj
 0001:000024b0       ?_Rehash_for_1@?$_Hash@V?$_Umap_traits@V?$basic_string@DU?$char_traits@D@std@@V?$allocator@D@2@@std@@IV?$_Uhash_compare@V?$basic_string@DU?$char_traits@D@std@@V?$allocator@D@2@@std@@U?$hash@V?$basic_string@DU?$char_traits@D@std@@V?$allocator@D@2@@std@@@2@U?$equal_to@V?$basic_string@DU?$char_traits@D@std@@V?$allocator@D@2@@std@@@2@@2@V?$allocator@U?$pair@$$CBV?$basic_string@DU?$char_traits@D@std@@V?$allocator@D@2@@std@@I@std@@@2@$0A@@std@@@std@@IAEXXZ 100034b0 f i SoundManager.obj
 0001:00002510       ?_Xlength@?$vector@HV?$allocator@H@std@@@std@@CAXXZ 10003510 f i SoundManager.obj
 0001:00002510       ?_Xlength@?$vector@PADV?$allocator@PAD@std@@@std@@CAXXZ 10003510 f i SoundManager.obj
 0001:00002510       ?_Xlength@?$vector@PAUH3DlgDef@h3@@V?$allocator@PAUH3DlgDef@h3@@@std@@@std@@CAXXZ 10003510 f i RMG_SettingsDlg.obj
 0001:00002510       ?_Xlength@?$vector@PAUH3DlgItem@h3@@V?$allocator@PAUH3DlgItem@h3@@@std@@@std@@CAXXZ 10003510 f i RMG_SettingsDlg.obj
 0001:00002510       ?_Xlength@?$vector@PAUH3WavFile@h3@@V?$allocator@PAUH3WavFile@h3@@@std@@@std@@CAXXZ 10003510 f i SoundManager.obj
 0001:00002510       ?_Xlength@?$vector@PAUObjectsPanel@RMG_SettingsDlg@rmgdlg@@V?$allocator@PAUObjectsPanel@RMG_SettingsDlg@rmgdlg@@@std@@@std@@CAXXZ 10003510 f i RMG_SettingsDlg.obj
 0001:00002510       ?_Xlength@?$vector@PAUPage@RMG_SettingsDlg@rmgdlg@@V?$allocator@PAUPage@RMG_SettingsDlg@rmgdlg@@@std@@@std@@CAXXZ 10003510 f i RMG_SettingsDlg.obj
 0001:00002510       ?_Xlength@?$vector@PAV?$vector@U?$pair@UH3ObjectAttributes@h3@@PAUH3LoadedPcx16@2@@std@@V?$allocator@U?$pair@UH3ObjectAttributes@h3@@PAUH3LoadedPcx16@2@@std@@@2@@std@@V?$allocator@PAV?$vector@U?$pair@UH3ObjectAttributes@h3@@PAUH3LoadedPcx16@2@@std@@V?$allocator@U?$pair@UH3ObjectAttributes@h3@@PAUH3LoadedPcx16@2@@std@@@2@@std@@@2@@std@@CAXXZ 10003510 f i RMG_SettingsDlg.obj
 0001:00002510       ?_Xlength@?$vector@PAVObjectsExtender@extender@@V?$allocator@PAVObjectsExtender@extender@@@std@@@std@@CAXXZ 10003510 f i ObjectsExtender.obj
 0001:00002510       ?_Xlength@?$vector@U?$pair@UH3ObjectAttributes@h3@@PAUH3LoadedPcx16@2@@std@@V?$allocator@U?$pair@UH3ObjectAttributes@h3@@PAUH3LoadedPcx16@2@@std@@@2@@std@@CAXXZ 10003510 f i RMG_SettingsDlg.obj
 0001:00002510       ?_Xlength@?$vector@UH3CreatureBankSetup@h3@@V?$allocator@UH3CreatureBankSetup@h3@@@std@@@std@@CAXXZ 10003510 f i CreatureBanksExtender.obj
 0001:00002510       ?_Xlength@?$vector@UObjectSound@SoundManager@sound@@V?$allocator@UObjectSound@SoundManager@sound@@@std@@@std@@CAXXZ 10003510 f i ObjectsExtender.obj
 0001:00002510       ?_Xlength@?$vector@URMGObjectInfo@@V?$allocator@URMGObjectInfo@@@std@@@std@@CAXXZ 10003510 f i ObjectsExtender.obj
 0001:00002510       ?_Xlength@?$vector@V?$array@H$04@std@@V?$allocator@V?$array@H$04@std@@@2@@std@@CAXXZ 10003510 f i CreatureBanksExtender.obj
 0001:00002510       ?_Xlength@?$vector@V?$array@H$0O@@std@@V?$allocator@V?$array@H$0O@@std@@@2@@std@@CAXXZ 10003510 f i CreatureBanksExtender.obj
 0001:00002510       ?_Xlength@?$vector@V?$basic_string@DU?$char_traits@D@std@@V?$allocator@D@2@@std@@V?$allocator@V?$basic_string@DU?$char_traits@D@std@@V?$allocator@D@2@@std@@@2@@std@@CAXXZ 10003510 f i ObjectsExtender.obj
 0001:00002510       ?_Xlength@?$vector@VRMGObject@rmgdlg@@V?$allocator@VRMGObject@rmgdlg@@@std@@@std@@CAXXZ 10003510 f i RMG_SettingsDlg.obj
 0001:00002520       ??1?$_Alloc_construct_ptr@V?$allocator@U?$_List_node@U?$pair@$$CBV?$basic_string@DU?$char_traits@D@std@@V?$allocator@D@2@@std@@I@std@@PAX@std@@@std@@@std@@QAE@XZ 10003520 f i SoundManager.obj
 0001:00002540       ?_Forced_rehash@?$_Hash@V?$_Umap_traits@V?$basic_string@DU?$char_traits@D@std@@V?$allocator@D@2@@std@@IV?$_Uhash_compare@V?$basic_string@DU?$char_traits@D@std@@V?$allocator@D@2@@std@@U?$hash@V?$basic_string@DU?$char_traits@D@std@@V?$allocator@D@2@@std@@@2@U?$equal_to@V?$basic_string@DU?$char_traits@D@std@@V?$allocator@D@2@@std@@@2@@2@V?$allocator@U?$pair@$$CBV?$basic_string@DU?$char_traits@D@std@@V?$allocator@D@2@@std@@I@std@@@2@$0A@@std@@@std@@IAEXI@Z 10003540 f i SoundManager.obj
 0001:00002860       ?_Forced_rehash@?$_Hash@V?$_Umap_traits@KHV?$_Uhash_compare@KU?$hash@K@std@@U?$equal_to@K@2@@std@@V?$allocator@U?$pair@$$CBKH@std@@@2@$0A@@std@@@std@@IAEXI@Z 10003860 f i SoundManager.obj
 0001:000029d0       ??$_Find_last@V?$basic_string@DU?$char_traits@D@std@@V?$allocator@D@2@@std@@@?$_Hash@V?$_Umap_traits@V?$basic_string@DU?$char_traits@D@std@@V?$allocator@D@2@@std@@IV?$_Uhash_compare@V?$basic_string@DU?$char_traits@D@std@@V?$allocator@D@2@@std@@U?$hash@V?$basic_string@DU?$char_traits@D@std@@V?$allocator@D@2@@std@@@2@U?$equal_to@V?$basic_string@DU?$char_traits@D@std@@V?$allocator@D@2@@std@@@2@@2@V?$allocator@U?$pair@$$CBV?$basic_string@DU?$char_traits@D@std@@V?$allocator@D@2@@std@@I@std@@@2@$0A@@std@@@std@@IBE?AU?$_Hash_find_last_result@PAU?$_List_node@U?$pair@$$CBV?$basic_string@DU?$char_traits@D@std@@V?$allocator@D@2@@std@@I@std@@PAX@std@@@1@ABV?$basic_string@DU?$char_traits@D@std@@V?$allocator@D@2@@1@I@Z 100039d0 f i SoundManager.obj
 0001:00002ac0       ??$_Find_last@I@?$_Hash@V?$_Uset_traits@IV?$_Uhash_compare@IU?$hash@I@std@@U?$equal_to@I@2@@std@@V?$allocator@I@2@$0A@@std@@@std@@IBE?AU?$_Hash_find_last_result@PAU?$_List_node@IPAX@std@@@1@ABII@Z 10003ac0 f i RMGObjectsEditor.obj
 0001:00002ac0       ??$_Find_last@K@?$_Hash@V?$_Umap_traits@KHV?$_Uhash_compare@KU?$hash@K@std@@U?$equal_to@K@2@@std@@V?$allocator@U?$pair@$$CBKH@std@@@2@$0A@@std@@@std@@IBE?AU?$_Hash_find_last_result@PAU?$_List_node@U?$pair@$$CBKH@std@@PAX@std@@@1@ABKI@Z 10003ac0 f i SoundManager.obj
 0001:00002ac0       ??$_Find_last@PBD@?$_Hash@V?$_Uset_traits@PBDV?$_Uhash_compare@PBDU?$hash@PBD@std@@U?$equal_to@PBD@2@@std@@V?$allocator@PBD@2@$0A@@std@@@std@@IBE?AU?$_Hash_find_last_result@PAU?$_List_node@PBDPAX@std@@@1@ABQBDI@Z 10003ac0 f i ObjectsExtender.obj
 0001:00002b30       ?Show@H3Messagebox@h3@@SAXPBDABUH3PictureCategories@2@11@Z 10003b30 f i ColosseumOfTheMagiExtender.obj
 0001:00002b60       ??_EColosseumOfTheMagiExtender@colosseumOfTheMagi@@EAEPAXI@Z 10003b60 f i * CIL library *:* CIL module *
 0001:00002b60       ??_EGazeboExtender@gazebo@@EAEPAXI@Z 10003b60 f i * CIL library *:* CIL module *
 0001:00002b60       ??_EObjectsExtender@extender@@MAEPAXI@Z 10003b60 f i * CIL library *:* CIL module *
 0001:00002b60       ??_EShrinesExternder@shrines@@EAEPAXI@Z 10003b60 f i * CIL library *:* CIL module *
 0001:00002b60       ??_EWarehousesExtender@warehouses@@EAEPAXI@Z 10003b60 f i * CIL library *:* CIL module *
 0001:00002b60       ??_EWoGObjectsExtender@wog@@EAEPAXI@Z 10003b60 f i * CIL library *:* CIL module *
 0001:00002b60       ??_GColosseumOfTheMagiExtender@colosseumOfTheMagi@@EAEPAXI@Z 10003b60 f i ColosseumOfTheMagiExtender.obj
 0001:00002b60       ??_GGazeboExtender@gazebo@@EAEPAXI@Z 10003b60 f i GazeboExtender.obj
 0001:00002b60       ??_GObjectsExtender@extender@@MAEPAXI@Z 10003b60 f i ObjectsExtender.obj
 0001:00002b60       ??_GShrinesExternder@shrines@@EAEPAXI@Z 10003b60 f i ShrinesExternder.obj
 0001:00002b60       ??_GWarehousesExtender@warehouses@@EAEPAXI@Z 10003b60 f i WarehousesExtender.obj
 0001:00002b60       ??_GWoGObjectsExtender@wog@@EAEPAXI@Z 10003b60 f i WoGObjectsExtender.obj
 0001:00002bb0       ??_ECreatureBanksExtender@cbanks@@EAEPAXI@Z 10003bb0 f i * CIL library *:* CIL module *
 0001:00002bb0       ??_GCreatureBanksExtender@cbanks@@EAEPAXI@Z 10003bb0 f i CreatureBanksExtender.obj
 0001:00002c10       ??1CreatureBank@CreatureBanksExtender@cbanks@@QAE@XZ 10003c10 f i CreatureBanksExtender.obj
 0001:00002cd0       ??0H3CreatureBankSetup@h3@@QAE@XZ 10003cd0 f i CreatureBanksExtender.obj
 0001:00002d80       ??1?$pair@UH3ObjectAttributes@h3@@$$T@std@@QAE@XZ 10003d80 f i RMG_SettingsDlg.obj
 0001:00002d80       ??1H3CreatureBankSetup@h3@@QAE@XZ 10003d80 f i CreatureBanksExtender.obj
 0001:00002dc0       ?_Tidy@?$vector@V?$array@H$0O@@std@@V?$allocator@V?$array@H$0O@@std@@@2@@std@@AAEXXZ 10003dc0 f i CreatureBanksExtender.obj
 0001:00002e30       ?_Tidy@?$vector@UH3CreatureBankSetup@h3@@V?$allocator@UH3CreatureBankSetup@h3@@@std@@@std@@AAEXXZ 10003e30 f i CreatureBanksExtender.obj
 0001:00002ea0       ?_Tidy@?$vector@V?$array@H$04@std@@V?$allocator@V?$array@H$04@std@@@2@@std@@AAEXXZ 10003ea0 f i CreatureBanksExtender.obj
 0001:00002f10       ?deallocate@?$allocator@UH3CreatureBankSetup@h3@@@std@@QAEXQAUH3CreatureBankSetup@h3@@I@Z 10003f10 f i CreatureBanksExtender.obj
 0001:00002f50       ??$_Reallocate@$00@?$vector@V?$array@H$0O@@std@@V?$allocator@V?$array@H$0O@@std@@@2@@std@@AAEXAAI@Z 10003f50 f i CreatureBanksExtender.obj
 0001:00002f50       ??$_Reallocate@$0A@@?$vector@V?$array@H$0O@@std@@V?$allocator@V?$array@H$0O@@std@@@2@@std@@AAEXAAI@Z 10003f50 f i CreatureBanksExtender.obj
 0001:00002fb0       ??$_Reallocate@$00@?$vector@UH3CreatureBankSetup@h3@@V?$allocator@UH3CreatureBankSetup@h3@@@std@@@std@@AAEXAAI@Z 10003fb0 f i CreatureBanksExtender.obj
 0001:00002fb0       ??$_Reallocate@$0A@@?$vector@UH3CreatureBankSetup@h3@@V?$allocator@UH3CreatureBankSetup@h3@@@std@@@std@@AAEXAAI@Z 10003fb0 f i CreatureBanksExtender.obj
 0001:00003080       ??$_Reallocate@$00@?$vector@V?$array@H$04@std@@V?$allocator@V?$array@H$04@std@@@2@@std@@AAEXAAI@Z 10004080 f i CreatureBanksExtender.obj
 0001:00003080       ??$_Reallocate@$0A@@?$vector@V?$array@H$04@std@@V?$allocator@V?$array@H$04@std@@@2@@std@@AAEXAAI@Z 10004080 f i CreatureBanksExtender.obj
 0001:000030e0       ??$_Destroy_range@V?$allocator@UH3CreatureBankSetup@h3@@@std@@@std@@YAXPAUH3CreatureBankSetup@h3@@QAU12@AAV?$allocator@UH3CreatureBankSetup@h3@@@0@@Z 100040e0 f i CreatureBanksExtender.obj
 0001:00003150       ?_Change_array@?$vector@V?$array@H$0O@@std@@V?$allocator@V?$array@H$0O@@std@@@2@@std@@AAEXQAV?$array@H$0O@@2@II@Z 10004150 f i CreatureBanksExtender.obj
 0001:000031e0       ?allocate@?$allocator@V?$array@H$0O@@std@@@std@@QAEPAV?$array@H$0O@@2@I@Z 100041e0 f i CreatureBanksExtender.obj
 0001:00003250       ?_Change_array@?$vector@UH3CreatureBankSetup@h3@@V?$allocator@UH3CreatureBankSetup@h3@@@std@@@std@@AAEXQAUH3CreatureBankSetup@h3@@II@Z 10004250 f i CreatureBanksExtender.obj
 0001:000032d0       ?allocate@?$allocator@UH3CreatureBankSetup@h3@@@std@@QAEPAUH3CreatureBankSetup@h3@@I@Z 100042d0 f i CreatureBanksExtender.obj
 0001:00003330       ?_Change_array@?$vector@V?$array@H$04@std@@V?$allocator@V?$array@H$04@std@@@2@@std@@AAEXQAV?$array@H$04@2@II@Z 10004330 f i CreatureBanksExtender.obj
 0001:000033b0       ?allocate@?$allocator@V?$array@H$04@std@@@std@@QAEPAV?$array@H$04@2@I@Z 100043b0 f i CreatureBanksExtender.obj
 0001:00003410       ??$_Emplace_reallocate@AAV?$array@H$0O@@std@@@?$vector@V?$array@H$0O@@std@@V?$allocator@V?$array@H$0O@@std@@@2@@std@@AAEPAV?$array@H$0O@@1@QAV21@AAV21@@Z 10004410 f i CreatureBanksExtender.obj
 0001:00003540       ??$_Emplace_reallocate@AAUH3CreatureBankSetup@h3@@@?$vector@UH3CreatureBankSetup@h3@@V?$allocator@UH3CreatureBankSetup@h3@@@std@@@std@@AAEPAUH3CreatureBankSetup@h3@@QAU23@AAU23@@Z 10004540 f i CreatureBanksExtender.obj
 0001:00003690       ??$_Emplace_reallocate@AAV?$array@H$04@std@@@?$vector@V?$array@H$04@std@@V?$allocator@V?$array@H$04@std@@@2@@std@@AAEPAV?$array@H$04@1@QAV21@AAV21@@Z 10004690 f i CreatureBanksExtender.obj
 0001:000037a0       ??$_Resize_reallocate@U_Value_init_tag@std@@@?$vector@V?$array@H$0O@@std@@V?$allocator@V?$array@H$0O@@std@@@2@@std@@AAEXIABU_Value_init_tag@1@@Z 100047a0 f i CreatureBanksExtender.obj
 0001:00003880       ??$_Uninitialized_copy@PAUH3CreatureBankSetup@h3@@PAU12@V?$allocator@UH3CreatureBankSetup@h3@@@std@@@std@@YAPAUH3CreatureBankSetup@h3@@PAU12@00AAV?$allocator@UH3CreatureBankSetup@h3@@@0@@Z 10004880 f i CreatureBanksExtender.obj
 0001:00003900       ??$_Resize_reallocate@U_Value_init_tag@std@@@?$vector@UH3CreatureBankSetup@h3@@V?$allocator@UH3CreatureBankSetup@h3@@@std@@@std@@AAEXIABU_Value_init_tag@1@@Z 10004900 f i CreatureBanksExtender.obj
 0001:00003a30       ??$_Uninitialized_value_construct_n@V?$allocator@UH3CreatureBankSetup@h3@@@std@@@std@@YAPAUH3CreatureBankSetup@h3@@PAU12@IAAV?$allocator@UH3CreatureBankSetup@h3@@@0@@Z 10004a30 f i CreatureBanksExtender.obj
 0001:00003aa0       ??$_Resize_reallocate@U_Value_init_tag@std@@@?$vector@V?$array@H$04@std@@V?$allocator@V?$array@H$04@std@@@2@@std@@AAEXIABU_Value_init_tag@1@@Z 10004aa0 f i CreatureBanksExtender.obj
 0001:00003b70       ??$_Resize_reallocate@U_Value_init_tag@std@@@?$vector@HV?$allocator@H@std@@@std@@AAEXIABU_Value_init_tag@1@@Z 10004b70 f i CreatureBanksExtender.obj
 0001:00003c60       ??1?$_Uninitialized_backout_al@V?$allocator@UH3CreatureBankSetup@h3@@@std@@@std@@QAE@XZ 10004c60 f i CreatureBanksExtender.obj
 0001:00003cd0       ??$construct@UH3CreatureBankSetup@h3@@AAU12@@?$_Default_allocator_traits@V?$allocator@UH3CreatureBankSetup@h3@@@std@@@std@@SAXAAV?$allocator@UH3CreatureBankSetup@h3@@@1@QAUH3CreatureBankSetup@h3@@AAU34@@Z 10004cd0 f i CreatureBanksExtender.obj
 0001:00003e10       ??$_Uninitialized_move@PAUH3CreatureBankSetup@h3@@V?$allocator@UH3CreatureBankSetup@h3@@@std@@@std@@YAPAUH3CreatureBankSetup@h3@@QAU12@0PAU12@AAV?$allocator@UH3CreatureBankSetup@h3@@@0@@Z 10004e10 f i CreatureBanksExtender.obj
 0001:00003fc0       ?Reserve@?$H3Vector@V?$array@H$01@std@@@h3@@QAEHI@Z 10004fc0 f i CreatureBanksExtender.obj
 0001:000040b0       ?Choice@H3Messagebox@h3@@SAHABUH3String@2@ABUH3PictureCategories@2@11@Z 100050b0 f i GazeboExtender.obj
 0001:00004100       ?sprintf@libc@h3@@YAHPADPBDZZ 10005100 f i WarehousesExtender.obj
 0001:00004120       ??0exception@std@@QAE@QBD@Z 10005120 f i ObjectsExtender.obj
 0001:00004160       ??0runtime_error@std@@QAE@ABV01@@Z 10005160 f i ObjectsExtender.obj
 0001:000041a0       ?default_error_condition@error_category@std@@UBE?AVerror_condition@2@H@Z 100051a0 f i ObjectsExtender.obj
 0001:000041c0       ?equivalent@error_category@std@@UBE_NHABVerror_condition@2@@Z 100051c0 f i ObjectsExtender.obj
 0001:00004200       ?equivalent@error_category@std@@UBE_NABVerror_code@2@H@Z 10005200 f i ObjectsExtender.obj
 0001:00004230       ?make_error_code@std@@YA?AVerror_code@1@W4io_errc@1@@Z 10005230 f i ObjectsExtender.obj
 0001:00004250       ??0_System_error@std@@IAE@Verror_code@1@ABV?$basic_string@DU?$char_traits@D@std@@V?$allocator@D@2@@1@@Z 10005250 f i ObjectsExtender.obj
 0001:000043e0       ??_E_System_error@std@@UAEPAXI@Z 100053e0 f i * CIL library *:* CIL module *
 0001:000043e0       ??_Efailure@ios_base@std@@UAEPAXI@Z 100053e0 f i * CIL library *:* CIL module *
 0001:000043e0       ??_Esystem_error@std@@UAEPAXI@Z 100053e0 f i * CIL library *:* CIL module *
 0001:000043e0       ??_G_System_error@std@@UAEPAXI@Z 100053e0 f i ObjectsExtender.obj
 0001:000043e0       ??_Gfailure@ios_base@std@@UAEPAXI@Z 100053e0 f i ObjectsExtender.obj
 0001:000043e0       ??_Gsystem_error@std@@UAEPAXI@Z 100053e0 f i ObjectsExtender.obj
 0001:00004410       ??0system_error@std@@QAE@ABV01@@Z 10005410 f i ObjectsExtender.obj
 0001:00004460       ??0_System_error@std@@QAE@ABV01@@Z 10005460 f i ObjectsExtender.obj
 0001:000044b0       ?name@_Iostream_error_category2@std@@UBEPBDXZ 100054b0 f i ObjectsExtender.obj
 0001:000044c0       ?message@_Iostream_error_category2@std@@UBE?AV?$basic_string@DU?$char_traits@D@std@@V?$allocator@D@2@@2@H@Z 100054c0 f i ObjectsExtender.obj
 0001:00004580       ??_E_Iostream_error_category2@std@@UAEPAXI@Z 10005580 f i * CIL library *:* CIL module *
 0001:00004580       ??_G_Iostream_error_category2@std@@UAEPAXI@Z 10005580 f i ObjectsExtender.obj
 0001:000045a0       ??0bad_cast@std@@QAE@XZ    100055a0 f i ObjectsExtender.obj
 0001:000045c0       ?_Throw_bad_cast@std@@YAXXZ 100055c0 f i ObjectsExtender.obj
 0001:000045e0       ??0bad_cast@std@@QAE@ABV01@@Z 100055e0 f i ObjectsExtender.obj
 0001:00004620       ??_E_Facet_base@std@@UAEPAXI@Z 10005620 f i * CIL library *:* CIL module *
 0001:00004620       ??_G_Facet_base@std@@UAEPAXI@Z 10005620 f i ObjectsExtender.obj
 0001:00004650       ?_Incref@facet@locale@std@@UAEXXZ 10005650 f i ObjectsExtender.obj
 0001:00004660       ?_Decref@facet@locale@std@@UAEPAV_Facet_base@3@XZ 10005660 f i ObjectsExtender.obj
 0001:00004680       ??1locale@std@@QAE@XZ      10005680 f i ObjectsExtender.obj
 0001:000046a0       ?_Getcat@?$ctype@D@std@@SAIPAPBVfacet@locale@2@PBV42@@Z 100056a0 f i ObjectsExtender.obj
 0001:00004860       ?do_tolower@?$ctype@D@std@@MBEDD@Z 10005860 f i ObjectsExtender.obj
 0001:00004880       ?do_tolower@?$ctype@D@std@@MBEPBDPADPBD@Z 10005880 f i ObjectsExtender.obj
 0001:000048b0       ?do_toupper@?$ctype@D@std@@MBEDD@Z 100058b0 f i ObjectsExtender.obj
 0001:000048d0       ?do_toupper@?$ctype@D@std@@MBEPBDPADPBD@Z 100058d0 f i ObjectsExtender.obj
 0001:00004900       ?do_widen@?$ctype@D@std@@MBEDD@Z 10005900 f i ObjectsExtender.obj
 0001:00004910       ?do_widen@?$ctype@D@std@@MBEPBDPBD0PAD@Z 10005910 f i ObjectsExtender.obj
 0001:00004930       ?do_narrow@?$ctype@D@std@@MBEDDD@Z 10005930 f i ObjectsExtender.obj
 0001:00004940       ?do_narrow@?$ctype@D@std@@MBEPBDPBD0DPAD@Z 10005940 f i ObjectsExtender.obj
 0001:00004960       ??_E?$ctype@D@std@@MAEPAXI@Z 10005960 f i * CIL library *:* CIL module *
 0001:00004960       ??_G?$ctype@D@std@@MAEPAXI@Z 10005960 f i ObjectsExtender.obj
 0001:000049c0       ??0failure@ios_base@std@@QAE@PBDABVerror_code@2@@Z 100059c0 f i ObjectsExtender.obj
 0001:00004aa0       ?clear@ios_base@std@@QAEXH_N@Z 10005aa0 f i ObjectsExtender.obj
 0001:00004b20       ??0failure@ios_base@std@@QAE@ABV012@@Z 10005b20 f i ObjectsExtender.obj
 0001:00004b70       ??_Eios_base@std@@UAEPAXI@Z 10005b70 f i * CIL library *:* CIL module *
 0001:00004b70       ??_Gios_base@std@@UAEPAXI@Z 10005b70 f i ObjectsExtender.obj
 0001:00004bd0       ?GetEraModList@modList@@YAHAAV?$vector@V?$basic_string@DU?$char_traits@D@std@@V?$allocator@D@2@@std@@V?$allocator@V?$basic_string@DU?$char_traits@D@std@@V?$allocator@D@2@@std@@@2@@std@@H@Z 10005bd0 f i ObjectsExtender.obj
 0001:00005130       ??_D?$basic_istringstream@DU?$char_traits@D@std@@V?$allocator@D@2@@std@@QAEXXZ 10006130 f i ObjectsExtender.obj
 0001:000051c0       ??1thread@std@@QAE@XZ      100061c0 f i ObjectsExtender.obj
 0001:000051d0       ??1?$unordered_set@IU?$hash@I@std@@U?$equal_to@I@2@V?$allocator@I@2@@std@@QAE@XZ 100061d0 f i RMGObjectsEditor.obj
 0001:000051d0       ??1?$unordered_set@PBDU?$hash@PBD@std@@U?$equal_to@PBD@2@V?$allocator@PBD@2@@std@@QAE@XZ 100061d0 f i ObjectsExtender.obj
 0001:000051e0       ??1?$_Hash@V?$_Uset_traits@IV?$_Uhash_compare@IU?$hash@I@std@@U?$equal_to@I@2@@std@@V?$allocator@I@2@$0A@@std@@@std@@QAE@XZ 100061e0 f i RMGObjectsEditor.obj
 0001:000051e0       ??1?$_Hash@V?$_Uset_traits@PBDV?$_Uhash_compare@PBDU?$hash@PBD@std@@U?$equal_to@PBD@2@@std@@V?$allocator@PBD@2@$0A@@std@@@std@@QAE@XZ 100061e0 f i ObjectsExtender.obj
 0001:00005270       ??1?$unordered_set@URMGObjectSetable@extender@@UHashFunction@12@U?$equal_to@URMGObjectSetable@extender@@@std@@V?$allocator@URMGObjectSetable@extender@@@5@@std@@QAE@XZ 10006270 f i ObjectsExtender.obj
 0001:00005280       ??1?$vector@UObjectSound@SoundManager@sound@@V?$allocator@UObjectSound@SoundManager@sound@@@std@@@std@@QAE@XZ 10006280 f i ObjectsExtender.obj
 0001:000052e0       ??1?$list@IV?$allocator@I@std@@@std@@QAE@XZ 100062e0 f i RMGObjectsEditor.obj
 0001:000052e0       ??1?$list@PBDV?$allocator@PBD@std@@@std@@QAE@XZ 100062e0 f i ObjectsExtender.obj
 0001:00005320       ??1?$vector@URMGObjectInfo@@V?$allocator@URMGObjectInfo@@@std@@@std@@QAE@XZ 10006320 f i ObjectsExtender.obj
 0001:00005390       ??0?$vector@URMGObjectInfo@@V?$allocator@URMGObjectInfo@@@std@@@std@@QAE@XZ 10006390 f i ObjectsExtender.obj
 0001:000053b0       ?seekpos@?$basic_stringbuf@DU?$char_traits@D@std@@V?$allocator@D@2@@std@@MAE?AV?$fpos@U_Mbstatet@@@2@V32@H@Z 100063b0 f i ObjectsExtender.obj
 0001:00005520       ?seekoff@?$basic_stringbuf@DU?$char_traits@D@std@@V?$allocator@D@2@@std@@MAE?AV?$fpos@U_Mbstatet@@@2@_JHH@Z 10006520 f i ObjectsExtender.obj
 0001:00005710       ?underflow@?$basic_stringbuf@DU?$char_traits@D@std@@V?$allocator@D@2@@std@@MAEHXZ 10006710 f i ObjectsExtender.obj
 0001:00005780       ?pbackfail@?$basic_stringbuf@DU?$char_traits@D@std@@V?$allocator@D@2@@std@@MAEHH@Z 10006780 f i ObjectsExtender.obj
 0001:000057e0       ?overflow@?$basic_stringbuf@DU?$char_traits@D@std@@V?$allocator@D@2@@std@@MAEHH@Z 100067e0 f i ObjectsExtender.obj
 0001:00005940       ??1?$basic_stringbuf@DU?$char_traits@D@std@@V?$allocator@D@2@@std@@UAE@XZ 10006940 f i ObjectsExtender.obj
 0001:00005a60       ?OnClose@H3Dlg@h3@@UAEXH@Z 10006a60 f i RMG_SettingsDlg.obj
 0001:00005a60       ?imbue@?$basic_streambuf@DU?$char_traits@D@std@@@std@@MAEXABVlocale@2@@Z 10006a60 f i ObjectsExtender.obj
 0001:00005a60       ?vParentActivate_10@H3Dlg@h3@@MAEXPAUH3DlgItem@2@@Z 10006a60 f i RMG_SettingsDlg.obj
 0001:00005a70       ?sync@?$basic_streambuf@DU?$char_traits@D@std@@@std@@MAEHXZ 10006a70 f i ObjectsExtender.obj
 0001:00005a70       ?vGetStatusBar@H3Dlg@h3@@MAEPAUH3DlgTextPcx@2@XZ 10006a70 f i RMG_SettingsDlg.obj
 0001:00005a80       ?setbuf@?$basic_streambuf@DU?$char_traits@D@std@@@std@@MAEPAV12@PAD_J@Z 10006a80 f i ObjectsExtender.obj
 0001:00005a90       ?seekpos@?$basic_streambuf@DU?$char_traits@D@std@@@std@@MAE?AV?$fpos@U_Mbstatet@@@2@V32@H@Z 10006a90 f i ObjectsExtender.obj
 0001:00005ac0       ?seekoff@?$basic_streambuf@DU?$char_traits@D@std@@@std@@MAE?AV?$fpos@U_Mbstatet@@@2@_JHH@Z 10006ac0 f i ObjectsExtender.obj
 0001:00005af0       ?xsputn@?$basic_streambuf@DU?$char_traits@D@std@@@std@@MAE_JPBD_J@Z 10006af0 f i ObjectsExtender.obj
 0001:00005bd0       ?xsgetn@?$basic_streambuf@DU?$char_traits@D@std@@@std@@MAE_JPAD_J@Z 10006bd0 f i ObjectsExtender.obj
 0001:00005cb0       ?uflow@?$basic_streambuf@DU?$char_traits@D@std@@@std@@MAEHXZ 10006cb0 f i ObjectsExtender.obj
 0001:00005ce0       ?underflow@?$basic_streambuf@DU?$char_traits@D@std@@@std@@MAEHXZ 10006ce0 f i ObjectsExtender.obj
 0001:00005cf0       ?showmanyc@?$basic_streambuf@DU?$char_traits@D@std@@@std@@MAE_JXZ 10006cf0 f i ObjectsExtender.obj
 0001:00005d00       ?overflow@?$basic_streambuf@DU?$char_traits@D@std@@@std@@MAEHH@Z 10006d00 f i ObjectsExtender.obj
 0001:00005d00       ?pbackfail@?$basic_streambuf@DU?$char_traits@D@std@@@std@@MAEHH@Z 10006d00 f i ObjectsExtender.obj
 0001:00005d10       ??1?$basic_streambuf@DU?$char_traits@D@std@@@std@@UAE@XZ 10006d10 f i ObjectsExtender.obj
 0001:00005d50       ??0?$basic_istringstream@DU?$char_traits@D@std@@V?$allocator@D@2@@std@@QAE@ABV?$basic_string@DU?$char_traits@D@std@@V?$allocator@D@2@@1@H@Z 10006d50 f i ObjectsExtender.obj
 0001:00006030       ??1?$basic_istream@DU?$char_traits@D@std@@@std@@UAE@XZ 10007030 f i ObjectsExtender.obj
 0001:00006050       ??1?$basic_ios@DU?$char_traits@D@std@@@std@@UAE@XZ 10007050 f i ObjectsExtender.obj
 0001:000060a0       ??1?$vector@V?$basic_string@DU?$char_traits@D@std@@V?$allocator@D@2@@std@@V?$allocator@V?$basic_string@DU?$char_traits@D@std@@V?$allocator@D@2@@std@@@2@@std@@QAE@XZ 100070a0 f i ObjectsExtender.obj
 0001:00006110       ??1?$_Yarn@D@std@@QAE@XZ   10007110 f i ObjectsExtender.obj
 0001:00006110       ??1?$_Yarn@_W@std@@QAE@XZ  10007110 f i ObjectsExtender.obj
 0001:00006130       ?find@?$basic_string@DU?$char_traits@D@std@@V?$allocator@D@2@@std@@QBEIQBDI@Z 10007130 f i ObjectsExtender.obj
 0001:00006240       ??_E?$basic_stringbuf@DU?$char_traits@D@std@@V?$allocator@D@2@@std@@UAEPAXI@Z 10007240 f i * CIL library *:* CIL module *
 0001:00006240       ??_G?$basic_stringbuf@DU?$char_traits@D@std@@V?$allocator@D@2@@std@@UAEPAXI@Z 10007240 f i ObjectsExtender.obj
 0001:00006270       ??_E?$basic_streambuf@DU?$char_traits@D@std@@@std@@UAEPAXI@Z 10007270 f i * CIL library *:* CIL module *
 0001:00006270       ??_G?$basic_streambuf@DU?$char_traits@D@std@@@std@@UAEPAXI@Z 10007270 f i ObjectsExtender.obj
 0001:000062c0       ??_E?$basic_istringstream@DU?$char_traits@D@std@@V?$allocator@D@2@@std@@UAEPAXI@Z 100072c0 f i * CIL library *:* CIL module *
 0001:000062c0       ??_G?$basic_istringstream@DU?$char_traits@D@std@@V?$allocator@D@2@@std@@UAEPAXI@Z 100072c0 f i ObjectsExtender.obj
 0001:00006360       ??_E?$basic_istream@DU?$char_traits@D@std@@@std@@UAEPAXI@Z 10007360 f i * CIL library *:* CIL module *
 0001:00006360       ??_G?$basic_istream@DU?$char_traits@D@std@@@std@@UAEPAXI@Z 10007360 f i ObjectsExtender.obj
 0001:000063e0       ??_E?$basic_ios@DU?$char_traits@D@std@@@std@@UAEPAXI@Z 100073e0 f i * CIL library *:* CIL module *
 0001:000063e0       ??_G?$basic_ios@DU?$char_traits@D@std@@@std@@UAEPAXI@Z 100073e0 f i ObjectsExtender.obj
 0001:00006440       ??0?$fpos@U_Mbstatet@@@std@@QAE@_J@Z 10007440 f i ObjectsExtender.obj
 0001:00006470       ??0?$basic_ios@DU?$char_traits@D@std@@@std@@IAE@XZ 10007470 f i ObjectsExtender.obj
 0001:000064e0       ?append@?$basic_string@DU?$char_traits@D@std@@V?$allocator@D@2@@std@@QAEAAV12@QBDI@Z 100074e0 f i ObjectsExtender.obj
 0001:00006640       ?deallocate@?$allocator@V?$basic_string@DU?$char_traits@D@std@@V?$allocator@D@2@@std@@@std@@QAEXQAV?$basic_string@DU?$char_traits@D@std@@V?$allocator@D@2@@2@I@Z 10007640 f i ObjectsExtender.obj
 0001:00006680       ?setstate@?$basic_ios@DU?$char_traits@D@std@@@std@@QAEXH_N@Z 10007680 f i ObjectsExtender.obj
 0001:000066b0       ?_Xran@?$_String_val@U?$_Simple_types@D@std@@@std@@SAXXZ 100076b0 f i ObjectsExtender.obj
 0001:000066c0       ??$use_facet@V?$ctype@D@std@@@std@@YAABV?$ctype@D@0@ABVlocale@0@@Z 100076c0 f i ObjectsExtender.obj
 0001:000067e0       ??$getline@DU?$char_traits@D@std@@V?$allocator@D@2@@std@@YAAAV?$basic_istream@DU?$char_traits@D@std@@@0@AAV10@AAV?$basic_string@DU?$char_traits@D@std@@V?$allocator@D@2@@0@@Z 100077e0 f i ObjectsExtender.obj
 0001:00006880       ??$emplace@URMGObjectSetable@extender@@@?$_Hash@V?$_Uset_traits@URMGObjectSetable@extender@@V?$_Uhash_compare@URMGObjectSetable@extender@@UHashFunction@12@U?$equal_to@URMGObjectSetable@extender@@@std@@@std@@V?$allocator@URMGObjectSetable@extender@@@4@$0A@@std@@@std@@QAE?AU?$pair@V?$_List_const_iterator@V?$_List_val@U?$_List_simple_types@URMGObjectSetable@extender@@@std@@@std@@@std@@_N@1@$$QAURMGObjectSetable@extender@@@Z 10007880 f i ObjectsExtender.obj
 0001:00006a20       ??$_Destroy_range@V?$allocator@V?$basic_string@DU?$char_traits@D@std@@V?$allocator@D@2@@std@@@std@@@std@@YAXPAV?$basic_string@DU?$char_traits@D@std@@V?$allocator@D@2@@0@QAV10@AAV?$allocator@V?$basic_string@DU?$char_traits@D@std@@V?$allocator@D@2@@std@@@0@@Z 10007a20 f i ObjectsExtender.obj
 0001:00006a80       ??1?$_Alloc_construct_ptr@V?$allocator@U?$_List_node@IPAX@std@@@std@@@std@@QAE@XZ 10007a80 f i RMGObjectsEditor.obj
 0001:00006a80       ??1?$_Alloc_construct_ptr@V?$allocator@U?$_List_node@PBDPAX@std@@@std@@@std@@QAE@XZ 10007a80 f i ObjectsExtender.obj
 0001:00006a80       ??1?$_List_node_emplace_op2@V?$allocator@U?$_List_node@IPAX@std@@@std@@@std@@QAE@XZ 10007a80 f i RMGObjectsEditor.obj
 0001:00006a80       ??1?$_List_node_emplace_op2@V?$allocator@U?$_List_node@PBDPAX@std@@@std@@@std@@QAE@XZ 10007a80 f i ObjectsExtender.obj
 0001:00006aa0       ??1?$unique_ptr@V_Facet_base@std@@U?$default_delete@V_Facet_base@std@@@2@@std@@QAE@XZ 10007aa0 f i ObjectsExtender.obj
 0001:00006ab0       ?_Rehash_for_1@?$_Hash@V?$_Uset_traits@PBDV?$_Uhash_compare@PBDU?$hash@PBD@std@@U?$equal_to@PBD@2@@std@@V?$allocator@PBD@2@$0A@@std@@@std@@IAEXXZ 10007ab0 f i ObjectsExtender.obj
 0001:00006b10       ?_Forced_rehash@?$_Hash@V?$_Uset_traits@URMGObjectSetable@extender@@V?$_Uhash_compare@URMGObjectSetable@extender@@UHashFunction@12@U?$equal_to@URMGObjectSetable@extender@@@std@@@std@@V?$allocator@URMGObjectSetable@extender@@@4@$0A@@std@@@std@@IAEXI@Z 10007b10 f i ObjectsExtender.obj
 0001:00006c50       ?_Assign_grow@?$_Hash_vec@V?$allocator@V?$_List_unchecked_const_iterator@V?$_List_val@U?$_List_simple_types@PBD@std@@@std@@U_Iterator_base0@2@@std@@@std@@@std@@QAEXIV?$_List_unchecked_const_iterator@V?$_List_val@U?$_List_simple_types@PBD@std@@@std@@U_Iterator_base0@2@@2@@Z 10007c50 f i ObjectsExtender.obj
 0001:00006d40       ?_Forced_rehash@?$_Hash@V?$_Uset_traits@PBDV?$_Uhash_compare@PBDU?$hash@PBD@std@@U?$equal_to@PBD@2@@std@@V?$allocator@PBD@2@$0A@@std@@@std@@IAEXI@Z 10007d40 f i ObjectsExtender.obj
 0001:00006ea0       ??$getline@DU?$char_traits@D@std@@V?$allocator@D@2@@std@@YAAAV?$basic_istream@DU?$char_traits@D@std@@@0@$$QAV10@AAV?$basic_string@DU?$char_traits@D@std@@V?$allocator@D@2@@0@D@Z 10007ea0 f i ObjectsExtender.obj
 0001:00007160       ??$_Emplace_reallocate@AAV?$basic_string@DU?$char_traits@D@std@@V?$allocator@D@2@@std@@@?$vector@V?$basic_string@DU?$char_traits@D@std@@V?$allocator@D@2@@std@@V?$allocator@V?$basic_string@DU?$char_traits@D@std@@V?$allocator@D@2@@std@@@2@@std@@AAEPAV?$basic_string@DU?$char_traits@D@std@@V?$allocator@D@2@@1@QAV21@AAV21@@Z 10008160 f i ObjectsExtender.obj
 0001:00007300       ??$_Emplace_reallocate@PAVObjectsExtender@extender@@@?$vector@PAVObjectsExtender@extender@@V?$allocator@PAVObjectsExtender@extender@@@std@@@std@@AAEPAPAVObjectsExtender@extender@@QAPAV23@$$QAPAV23@@Z 10008300 f i ObjectsExtender.obj
 0001:00007480       ??$_Emplace_reallocate@AAPBD@?$vector@V?$basic_string@DU?$char_traits@D@std@@V?$allocator@D@2@@std@@V?$allocator@V?$basic_string@DU?$char_traits@D@std@@V?$allocator@D@2@@std@@@2@@std@@AAEPAV?$basic_string@DU?$char_traits@D@std@@V?$allocator@D@2@@1@QAV21@AAPBD@Z 10008480 f i ObjectsExtender.obj
 0001:00007660       ??$_Emplace_reallocate@AAURMGObjectInfo@@@?$vector@URMGObjectInfo@@V?$allocator@URMGObjectInfo@@@std@@@std@@AAEPAURMGObjectInfo@@QAU2@AAU2@@Z 10008660 f i ObjectsExtender.obj
 0001:00007780       ??$_Emplace_reallocate@UObjectSound@SoundManager@sound@@@?$vector@UObjectSound@SoundManager@sound@@V?$allocator@UObjectSound@SoundManager@sound@@@std@@@std@@AAEPAUObjectSound@SoundManager@sound@@QAU234@$$QAU234@@Z 10008780 f i ObjectsExtender.obj
 0001:000078e0       ??$_Start@P6AXABV?$vector@UObjectSound@SoundManager@sound@@V?$allocator@UObjectSound@SoundManager@sound@@@std@@@std@@@ZAAV12@@thread@std@@AAEX$$QAP6AXABV?$vector@UObjectSound@SoundManager@sound@@V?$allocator@UObjectSound@SoundManager@sound@@@std@@@1@@ZAAV21@@Z 100088e0 f i ObjectsExtender.obj
 0001:00007a40       ??$?RURMGObjectSetable@extender@@@?$_Uhash_compare@URMGObjectSetable@extender@@UHashFunction@12@U?$equal_to@URMGObjectSetable@extender@@@std@@@std@@QBEIABURMGObjectSetable@extender@@@Z 10008a40 f i ObjectsExtender.obj
 0001:00007ac0       ??$_Find_last@URMGObjectSetable@extender@@@?$_Hash@V?$_Uset_traits@URMGObjectSetable@extender@@V?$_Uhash_compare@URMGObjectSetable@extender@@UHashFunction@12@U?$equal_to@URMGObjectSetable@extender@@@std@@@std@@V?$allocator@URMGObjectSetable@extender@@@4@$0A@@std@@@std@@IBE?AU?$_Hash_find_last_result@PAU?$_List_node@URMGObjectSetable@extender@@PAX@std@@@1@ABURMGObjectSetable@extender@@I@Z 10008ac0 f i ObjectsExtender.obj
 0001:00007b30       ??1sentry@?$basic_istream@DU?$char_traits@D@std@@@std@@QAE@XZ 10008b30 f i ObjectsExtender.obj
 0001:00007b80       ??1?$unique_ptr@V?$tuple@P6AXABV?$vector@UObjectSound@SoundManager@sound@@V?$allocator@UObjectSound@SoundManager@sound@@@std@@@std@@@ZV12@@std@@U?$default_delete@V?$tuple@P6AXABV?$vector@UObjectSound@SoundManager@sound@@V?$allocator@UObjectSound@SoundManager@sound@@@std@@@std@@@ZV12@@std@@@2@@std@@QAE@XZ 10008b80 f i ObjectsExtender.obj
 0001:00007be0       ??1_Sentry_base@?$basic_istream@DU?$char_traits@D@std@@@std@@QAE@XZ 10008be0 f i ObjectsExtender.obj
 0001:00007be0       ??1_Sentry_base@?$basic_ostream@DU?$char_traits@D@std@@@std@@QAE@XZ 10008be0 f i ObjectsExtender.obj
 0001:00007c20       ?_Change_array@?$vector@URMGObjectInfo@@V?$allocator@URMGObjectInfo@@@std@@@std@@AAEXQAURMGObjectInfo@@II@Z 10008c20 f i ObjectsExtender.obj
 0001:00007ca0       ?snextc@?$basic_streambuf@DU?$char_traits@D@std@@@std@@QAEHXZ 10008ca0 f i ObjectsExtender.obj
 0001:00007d10       ?_Change_array@?$vector@V?$basic_string@DU?$char_traits@D@std@@V?$allocator@D@2@@std@@V?$allocator@V?$basic_string@DU?$char_traits@D@std@@V?$allocator@D@2@@std@@@2@@std@@AAEXQAV?$basic_string@DU?$char_traits@D@std@@V?$allocator@D@2@@2@II@Z 10008d10 f i ObjectsExtender.obj
 0001:00007d90       ?_Ipfx@?$basic_istream@DU?$char_traits@D@std@@@std@@QAE_N_N@Z 10008d90 f i ObjectsExtender.obj
 0001:00007e20       ?flush@?$basic_ostream@DU?$char_traits@D@std@@@std@@QAEAAV12@XZ 10008e20 f i ObjectsExtender.obj
 0001:00007f60       ??1sentry@?$basic_ostream@DU?$char_traits@D@std@@@std@@QAE@XZ 10008f60 f i ObjectsExtender.obj
 0001:00007fc0       ?_Osfx@?$basic_ostream@DU?$char_traits@D@std@@@std@@QAEXXZ 10008fc0 f i ObjectsExtender.obj
 0001:00008040       ?Reserve@?$H3Vector@H@h3@@QAEHI@Z 10009040 f i RMG_SettingsDlg.obj
 0001:00008040       ?Reserve@?$H3Vector@PAUH3DlgItem@h3@@@h3@@QAEHI@Z 10009040 f i RMG_SettingsDlg.obj
 0001:00008040       ?Reserve@?$H3Vector@PAUH3RmgObjectGenerator@h3@@@h3@@QAEHI@Z 10009040 f i ObjectsExtender.obj
 0001:00008040       ?Reserve@?$H3Vector@PBD@h3@@QAEHI@Z 10009040 f i ObjectsExtender.obj
 0001:00008130       ??$_Uninitialized_move@PAV?$basic_string@DU?$char_traits@D@std@@V?$allocator@D@2@@std@@V?$allocator@V?$basic_string@DU?$char_traits@D@std@@V?$allocator@D@2@@std@@@2@@std@@YAPAV?$basic_string@DU?$char_traits@D@std@@V?$allocator@D@2@@0@QAV10@0PAV10@AAV?$allocator@V?$basic_string@DU?$char_traits@D@std@@V?$allocator@D@2@@std@@@0@@Z 10009130 f i ObjectsExtender.obj
 0001:000081a0       ??$_Insert_range_unchecked@PAPBDPAPBD@?$_Hash@V?$_Uset_traits@PBDV?$_Uhash_compare@PBDU?$hash@PBD@std@@U?$equal_to@PBD@2@@std@@V?$allocator@PBD@2@$0A@@std@@@std@@IAEXPAPBDQAPBD@Z 100091a0 f i ObjectsExtender.obj
 0001:00008350       ??$_Allocate_at_least_helper@V?$allocator@URMGObjectInfo@@@std@@@std@@YAPAURMGObjectInfo@@AAV?$allocator@URMGObjectInfo@@@0@AAI@Z 10009350 f i ObjectsExtender.obj
 0001:000083b0       ??$_Invoke@V?$tuple@P6AXABV?$vector@UObjectSound@SoundManager@sound@@V?$allocator@UObjectSound@SoundManager@sound@@@std@@@std@@@ZV12@@std@@$0A@$00@thread@std@@CGIPAX@Z 100093b0 f i ObjectsExtender.obj
 0001:000083fb       ??_E?$basic_istream@DU?$char_traits@D@std@@@std@@$4PPPPPPPM@A@AEPAXI@Z 100093fb f i ObjectsExtender.obj
 0001:00008403       ??_E?$basic_istringstream@DU?$char_traits@D@std@@V?$allocator@D@2@@std@@$4PPPPPPPM@A@AEPAXI@Z 10009403 f i ObjectsExtender.obj
 0001:00008410       ??_ERMGObjectsEditor@editor@@EAEPAXI@Z 10009410 f i * CIL library *:* CIL module *
 0001:00008410       ??_GRMGObjectsEditor@editor@@EAEPAXI@Z 10009410 f i RMGObjectsEditor.obj
 0001:00008440       ??1PseudoH3RmgRandomMapGenerator@editor@@QAE@XZ 10009440 f i RMGObjectsEditor.obj
 0001:00008510       ?resize@?$vector@URMGObjectInfo@@V?$allocator@URMGObjectInfo@@@std@@@std@@QAEXI@Z 10009510 f i RMGObjectsEditor.obj
 0001:00008580       ??0?$H3Vector@UH3ObjectAttributes@h3@@@h3@@QAE@XZ 10009580 f i RMGObjectsEditor.obj
 0001:000085a0       ??1?$H3Vector@UH3ObjectAttributes@h3@@@h3@@QAE@XZ 100095a0 f i RMGObjectsEditor.obj
 0001:00008630       ??1?$H3Vector@PAUH3RmgObjectGenerator@h3@@@h3@@QAE@XZ 10009630 f i RMGObjectsEditor.obj
 0001:00008690       ??$fill@PAHH@std@@YAXQAH0ABH@Z 10009690 f i RMGObjectsEditor.obj
 0001:00008710       ??$swap@U?$H3Vector@PAUH3RmgObjectGenerator@h3@@@h3@@$0A@@std@@YAXAAU?$H3Vector@PAUH3RmgObjectGenerator@h3@@@h3@@0@Z 10009710 f i RMGObjectsEditor.obj
 0001:000087e0       ??$emplace@I@?$_Hash@V?$_Uset_traits@IV?$_Uhash_compare@IU?$hash@I@std@@U?$equal_to@I@2@@std@@V?$allocator@I@2@$0A@@std@@@std@@QAE?AU?$pair@V?$_List_const_iterator@V?$_List_val@U?$_List_simple_types@I@std@@@std@@@std@@_N@1@$$QAI@Z 100097e0 f i RMGObjectsEditor.obj
 0001:000089a0       ??$_Assign_counted_range@PAURMGObjectInfo@@@?$vector@URMGObjectInfo@@V?$allocator@URMGObjectInfo@@@std@@@std@@AAEXPAURMGObjectInfo@@I@Z 100099a0 f i RMGObjectsEditor.obj
 0001:00008b50       ?_Forced_rehash@?$_Hash@V?$_Uset_traits@IV?$_Uhash_compare@IU?$hash@I@std@@U?$equal_to@I@2@@std@@V?$allocator@I@2@$0A@@std@@@std@@IAEXI@Z 10009b50 f i RMGObjectsEditor.obj
 0001:00008cb0       ??$?0PAD$0A@@?$basic_string@DU?$char_traits@D@std@@V?$allocator@D@2@@std@@QAE@PAD0ABV?$allocator@D@1@@Z 10009cb0 f i RMGObjectsEditor.obj
 0001:00008d70       ??$_Resize_reallocate@U_Value_init_tag@std@@@?$vector@URMGObjectInfo@@V?$allocator@URMGObjectInfo@@@std@@@std@@AAEXIABU_Value_init_tag@1@@Z 10009d70 f i RMGObjectsEditor.obj
 0001:00008e20       ??$_Uninitialized_value_construct_n@V?$allocator@URMGObjectInfo@@@std@@@std@@YAPAURMGObjectInfo@@PAU1@IAAV?$allocator@URMGObjectInfo@@@0@@Z 10009e20 f i RMGObjectsEditor.obj
 0001:00008e70       ??1?$unique_ptr@V?$tuple@P6AXPBF@ZPBF@std@@U?$default_delete@V?$tuple@P6AXPBF@ZPBF@std@@@2@@std@@QAE@XZ 10009e70 f i RMGObjectsEditor.obj
 0001:00008e90       ??$_Invoke@V?$tuple@P6AXPBF@ZPBF@std@@$0A@$00@thread@std@@CGIPAX@Z 10009e90 f i RMGObjectsEditor.obj
 0001:00008ef0       ??1H3BasePalette565@h3@@QAE@XZ 10009ef0 f i RMG_SettingsDlg.obj
 0001:00008f30       ?FrameRegion@H3LoadedPcx16@h3@@QAEHHHHHHHH@Z 10009f30 f i RMG_SettingsDlg.obj
 0001:000091d0       ?AddItem@H3BaseDlg@h3@@QAEPAUH3DlgItem@2@PAU32@H@Z 1000a1d0 f i RMG_SettingsDlg.obj
 0001:00009230       ?CreateText@H3BaseDlg@h3@@QAEPAUH3DlgText@2@HHHHPBD0HHW4eTextAlignment@NTextAlignment@NH3Dlg@2@H@Z 1000a230 f i RMG_SettingsDlg.obj
 0001:000092f0       ??0H3Dlg@h3@@QAE@HHHHHHH@Z 1000a2f0 f i RMG_SettingsDlg.obj
 0001:00009450       ??1H3NetworkDlg@h3@@QAE@XZ 1000a450 f i RMG_SettingsDlg.obj
 0001:000094b0       ??1H3Dlg@h3@@QAE@XZ        1000a4b0 f i RMG_SettingsDlg.obj
 0001:00009540       ?AddBackground@H3Dlg@h3@@QAEHHHHHHHHH@Z 1000a540 f i RMG_SettingsDlg.obj
 0001:00009770       ?vDestroy@H3Dlg@h3@@MAEPAU12@XZ 1000a770 f i RMG_SettingsDlg.obj
 0001:00009780       ?vShow@H3Dlg@h3@@MAEHHD@Z  1000a780 f i RMG_SettingsDlg.obj
 0001:00009790       ?vHide@H3Dlg@h3@@MAEHD@Z   1000a790 f i RMG_SettingsDlg.obj
 0001:000097a0       ?vPreProcess@H3Dlg@h3@@MAEHAAUH3Msg@2@@Z 1000a7a0 f i RMG_SettingsDlg.obj
 0001:000097b0       ?vRedraw@H3Dlg@h3@@MAEDDHH@Z 1000a7b0 f i RMG_SettingsDlg.obj
 0001:000097c0       ?vShowAndRun@H3Dlg@h3@@MAEHD@Z 1000a7c0 f i RMG_SettingsDlg.obj
 0001:000097d0       ?vInitiateItems@H3Dlg@h3@@MAEHXZ 1000a7d0 f i RMG_SettingsDlg.obj
 0001:000097e0       ?vActivateItems@H3Dlg@h3@@MAEHD@Z 1000a7e0 f i RMG_SettingsDlg.obj
 0001:000097f0       ?vOnMouseMove@H3Dlg@h3@@MAEDHH@Z 1000a7f0 f i RMG_SettingsDlg.obj
 0001:00009800       ?vOnRightClick@H3Dlg@h3@@MAEDH@Z 1000a800 f i RMG_SettingsDlg.obj
 0001:00009810       ?vOnLeftClick@H3Dlg@h3@@MAEDHAAD@Z 1000a810 f i RMG_SettingsDlg.obj
 0001:00009820       ?vEndDialogOnTimeExpired@H3Dlg@h3@@MAEHAAUH3Msg@2@@Z 1000a820 f i RMG_SettingsDlg.obj
 0001:00009830       ?vDialogProc@H3Dlg@h3@@MAEHAAUH3Msg@2@@Z 1000a830 f i RMG_SettingsDlg.obj
 0001:00009ab0       ?OnDoubleClick@H3Dlg@h3@@UAEHHAAUH3Msg@2@@Z 1000aab0 f i RMG_SettingsDlg.obj
 0001:00009ab0       ?OnKeyHeld@H3Dlg@h3@@UAEHW4eVirtualKeys@NH3VKey@2@W4eMessageMsgFlag@NMessageMsgFlag@NH3Messages@2@@Z 1000aab0 f i RMG_SettingsDlg.obj
 0001:00009ab0       ?OnKeyPress@H3Dlg@h3@@UAEHW4eVirtualKeys@NH3VKey@2@W4eMessageMsgFlag@NMessageMsgFlag@NH3Messages@2@@Z 1000aab0 f i RMG_SettingsDlg.obj
 0001:00009ab0       ?OnLeftClick@H3Dlg@h3@@UAEHHAAUH3Msg@2@@Z 1000aab0 f i RMG_SettingsDlg.obj
 0001:00009ab0       ?OnMouseHover@H3Dlg@h3@@UAEHHH@Z 1000aab0 f i RMG_SettingsDlg.obj
 0001:00009ab0       ?OnNotify@H3Dlg@h3@@UAEHPAUH3DlgItem@2@AAUH3Msg@2@@Z 1000aab0 f i RMG_SettingsDlg.obj
 0001:00009ac0       ?DialogProc@H3Dlg@h3@@UAEHAAUH3Msg@2@@Z 1000aac0 f i RMG_SettingsDlg.obj
 0001:00009ac0       ?OnMouseHover@H3Dlg@h3@@UAEHPAUH3DlgItem@2@@Z 1000aac0 f i RMG_SettingsDlg.obj
 0001:00009ac0       ?OnMouseWheel@H3Dlg@h3@@UAEHH@Z 1000aac0 f i RMG_SettingsDlg.obj
 0001:00009ac0       ?OnRightClick@H3Dlg@h3@@UAEHPAUH3DlgItem@2@@Z 1000aac0 f i RMG_SettingsDlg.obj
 0001:00009ac0       ?OnWheelButton@H3Dlg@h3@@UAEHPAUH3DlgItem@2@@Z 1000aac0 f i RMG_SettingsDlg.obj
 0001:00009ad0       ?OnCreate@H3Dlg@h3@@UAEHXZ 1000aad0 f i RMG_SettingsDlg.obj
 0001:00009ad0       ?OnLeftClickOutside@H3Dlg@h3@@UAEHXZ 1000aad0 f i RMG_SettingsDlg.obj
 0001:00009ad0       ?OnRightClickOutside@H3Dlg@h3@@UAEHXZ 1000aad0 f i RMG_SettingsDlg.obj
 0001:00009ae0       ?ClickSound@H3SoundManager@h3@@QAEXXZ 1000aae0 f i RMG_SettingsDlg.obj
 0001:00009b20       ??_ERMG_SettingsDlg@rmgdlg@@EAEPAXI@Z 1000ab20 f i * CIL library *:* CIL module *
 0001:00009b20       ??_GRMG_SettingsDlg@rmgdlg@@EAEPAXI@Z 1000ab20 f i RMG_SettingsDlg.obj
 0001:00009ba0       ??_EBanksPage@RMG_SettingsDlg@rmgdlg@@UAEPAXI@Z 1000aba0 f i * CIL library *:* CIL module *
 0001:00009ba0       ??_GBanksPage@RMG_SettingsDlg@rmgdlg@@UAEPAXI@Z 1000aba0 f i RMG_SettingsDlg.obj
 0001:00009bd0       ??_EObjectsPanel@RMG_SettingsDlg@rmgdlg@@UAEPAXI@Z 1000abd0 f i * CIL library *:* CIL module *
 0001:00009bd0       ??_GObjectsPanel@RMG_SettingsDlg@rmgdlg@@UAEPAXI@Z 1000abd0 f i RMG_SettingsDlg.obj
 0001:00009c60       ??_EPage@RMG_SettingsDlg@rmgdlg@@UAEPAXI@Z 1000ac60 f i * CIL library *:* CIL module *
 0001:00009c60       ??_GPage@RMG_SettingsDlg@rmgdlg@@UAEPAXI@Z 1000ac60 f i RMG_SettingsDlg.obj
 0001:00009c90       ??_EObjectsPage@RMG_SettingsDlg@rmgdlg@@UAEPAXI@Z 1000ac90 f i * CIL library *:* CIL module *
 0001:00009c90       ??_GObjectsPage@RMG_SettingsDlg@rmgdlg@@UAEPAXI@Z 1000ac90 f i RMG_SettingsDlg.obj
 0001:00009cc0       ??_EMiscPage@RMG_SettingsDlg@rmgdlg@@UAEPAXI@Z 1000acc0 f i * CIL library *:* CIL module *
 0001:00009cc0       ??_GMiscPage@RMG_SettingsDlg@rmgdlg@@UAEPAXI@Z 1000acc0 f i RMG_SettingsDlg.obj
 0001:00009cf0       ??1?$array@V?$vector@HV?$allocator@H@std@@@std@@$03@std@@QAE@XZ 1000acf0 f i RMG_SettingsDlg.obj
 0001:00009d30       ??1?$vector@U?$pair@UH3ObjectAttributes@h3@@PAUH3LoadedPcx16@2@@std@@V?$allocator@U?$pair@UH3ObjectAttributes@h3@@PAUH3LoadedPcx16@2@@std@@@2@@std@@QAE@XZ 1000ad30 f i RMG_SettingsDlg.obj
 0001:00009d40       ??1?$vector@VRMGObject@rmgdlg@@V?$allocator@VRMGObject@rmgdlg@@@std@@@std@@QAE@XZ 1000ad40 f i RMG_SettingsDlg.obj
 0001:00009d50       ??0?$vector@HV?$allocator@H@std@@@std@@QAE@V?$initializer_list@H@1@ABV?$allocator@H@1@@Z 1000ad50 f i RMG_SettingsDlg.obj
 0001:00009e10       ?_Tidy@?$vector@U?$pair@UH3ObjectAttributes@h3@@PAUH3LoadedPcx16@2@@std@@V?$allocator@U?$pair@UH3ObjectAttributes@h3@@PAUH3LoadedPcx16@2@@std@@@2@@std@@AAEXXZ 1000ae10 f i RMG_SettingsDlg.obj
 0001:00009ed0       ?_Tidy@?$vector@VRMGObject@rmgdlg@@V?$allocator@VRMGObject@rmgdlg@@@std@@@std@@AAEXXZ 1000aed0 f i RMG_SettingsDlg.obj
 0001:00009f30       ?deallocate@?$allocator@U?$pair@UH3ObjectAttributes@h3@@PAUH3LoadedPcx16@2@@std@@@std@@QAEXQAU?$pair@UH3ObjectAttributes@h3@@PAUH3LoadedPcx16@2@@2@I@Z 1000af30 f i RMG_SettingsDlg.obj
 0001:00009f70       ??1?$H3BinaryLoader@UH3LoadedDef@h3@@@h3@@QAE@XZ 1000af70 f i RMG_SettingsDlg.obj
 0001:00009f70       ??1?$H3BinaryLoader@UH3LoadedPcx@h3@@@h3@@QAE@XZ 1000af70 f i RMG_SettingsDlg.obj
 0001:00009fb0       ??$_Destroy_range@V?$allocator@U?$pair@UH3ObjectAttributes@h3@@PAUH3LoadedPcx16@2@@std@@@std@@@std@@YAXPAU?$pair@UH3ObjectAttributes@h3@@PAUH3LoadedPcx16@2@@0@QAU10@AAV?$allocator@U?$pair@UH3ObjectAttributes@h3@@PAUH3LoadedPcx16@2@@std@@@0@@Z 1000afb0 f i RMG_SettingsDlg.obj
 0001:0000a010       ??$_Reallocate@$00@?$vector@U?$pair@UH3ObjectAttributes@h3@@PAUH3LoadedPcx16@2@@std@@V?$allocator@U?$pair@UH3ObjectAttributes@h3@@PAUH3LoadedPcx16@2@@std@@@2@@std@@AAEXAAI@Z 1000b010 f i RMG_SettingsDlg.obj
 0001:0000a010       ??$_Reallocate@$0A@@?$vector@U?$pair@UH3ObjectAttributes@h3@@PAUH3LoadedPcx16@2@@std@@V?$allocator@U?$pair@UH3ObjectAttributes@h3@@PAUH3LoadedPcx16@2@@std@@@2@@std@@AAEXAAI@Z 1000b010 f i RMG_SettingsDlg.obj
 0001:0000a0b0       ??$_Assign_counted_range@PAU?$pair@UH3ObjectAttributes@h3@@PAUH3LoadedPcx16@2@@std@@@?$vector@U?$pair@UH3ObjectAttributes@h3@@PAUH3LoadedPcx16@2@@std@@V?$allocator@U?$pair@UH3ObjectAttributes@h3@@PAUH3LoadedPcx16@2@@std@@@2@@std@@AAEXPAU?$pair@UH3ObjectAttributes@h3@@PAUH3LoadedPcx16@2@@1@I@Z 1000b0b0 f i RMG_SettingsDlg.obj
 0001:0000a350       ??$_Reallocate@$00@?$vector@VRMGObject@rmgdlg@@V?$allocator@VRMGObject@rmgdlg@@@std@@@std@@AAEXAAI@Z 1000b350 f i RMG_SettingsDlg.obj
 0001:0000a350       ??$_Reallocate@$0A@@?$vector@VRMGObject@rmgdlg@@V?$allocator@VRMGObject@rmgdlg@@@std@@@std@@AAEXAAI@Z 1000b350 f i RMG_SettingsDlg.obj
 0001:0000a3a0       ??0H3ObjectAttributes@h3@@QAE@$$QAU01@@Z 1000b3a0 f i RMG_SettingsDlg.obj
 0001:0000a440       ?_Change_array@?$vector@U?$pair@UH3ObjectAttributes@h3@@PAUH3LoadedPcx16@2@@std@@V?$allocator@U?$pair@UH3ObjectAttributes@h3@@PAUH3LoadedPcx16@2@@std@@@2@@std@@AAEXQAU?$pair@UH3ObjectAttributes@h3@@PAUH3LoadedPcx16@2@@2@II@Z 1000b440 f i RMG_SettingsDlg.obj
 0001:0000a510       ?allocate@?$allocator@U?$pair@UH3ObjectAttributes@h3@@PAUH3LoadedPcx16@2@@std@@@std@@QAEPAU?$pair@UH3ObjectAttributes@h3@@PAUH3LoadedPcx16@2@@2@I@Z 1000b510 f i RMG_SettingsDlg.obj
 0001:0000a570       ?_Change_array@?$vector@VRMGObject@rmgdlg@@V?$allocator@VRMGObject@rmgdlg@@@std@@@std@@AAEXQAVRMGObject@rmgdlg@@II@Z 1000b570 f i RMG_SettingsDlg.obj
 0001:0000a5e0       ?allocate@?$allocator@VRMGObject@rmgdlg@@@std@@QAEPAVRMGObject@rmgdlg@@I@Z 1000b5e0 f i RMG_SettingsDlg.obj
 0001:0000a790       ??$_Emplace_reallocate@ABUH3ObjectAttributes@h3@@ABQAUH3LoadedPcx16@2@@?$vector@VRMGObject@rmgdlg@@V?$allocator@VRMGObject@rmgdlg@@@std@@@std@@AAEPAVRMGObject@rmgdlg@@QAV23@ABUH3ObjectAttributes@h3@@ABQAUH3LoadedPcx16@5@@Z 1000b790 f i RMG_SettingsDlg.obj
 0001:0000a910       ??$_Emplace_reallocate@AAPAUH3DlgDef@h3@@@?$vector@PAUH3DlgDef@h3@@V?$allocator@PAUH3DlgDef@h3@@@std@@@std@@AAEPAPAUH3DlgDef@h3@@QAPAU23@AAPAU23@@Z 1000b910 f i RMG_SettingsDlg.obj
 0001:0000a910       ??$_Emplace_reallocate@PAUObjectsPanel@RMG_SettingsDlg@rmgdlg@@@?$vector@PAUObjectsPanel@RMG_SettingsDlg@rmgdlg@@V?$allocator@PAUObjectsPanel@RMG_SettingsDlg@rmgdlg@@@std@@@std@@AAEPAPAUObjectsPanel@RMG_SettingsDlg@rmgdlg@@QAPAU234@$$QAPAU234@@Z 1000b910 f i RMG_SettingsDlg.obj
 0001:0000aa70       ??0H3ObjectAttributes@h3@@QAE@ABU01@@Z 1000ba70 f i RMG_SettingsDlg.obj
 0001:0000ab10       ??$_Emplace_reallocate@U?$pair@UH3ObjectAttributes@h3@@$$T@std@@@?$vector@U?$pair@UH3ObjectAttributes@h3@@PAUH3LoadedPcx16@2@@std@@V?$allocator@U?$pair@UH3ObjectAttributes@h3@@PAUH3LoadedPcx16@2@@std@@@2@@std@@AAEPAU?$pair@UH3ObjectAttributes@h3@@PAUH3LoadedPcx16@2@@1@QAU21@$$QAU?$pair@UH3ObjectAttributes@h3@@$$T@1@@Z 1000bb10 f i RMG_SettingsDlg.obj
 0001:0000ac70       ??$_Emplace_reallocate@AAU?$pair@UH3ObjectAttributes@h3@@PAUH3LoadedPcx16@2@@std@@@?$vector@U?$pair@UH3ObjectAttributes@h3@@PAUH3LoadedPcx16@2@@std@@V?$allocator@U?$pair@UH3ObjectAttributes@h3@@PAUH3LoadedPcx16@2@@std@@@2@@std@@AAEPAU?$pair@UH3ObjectAttributes@h3@@PAUH3LoadedPcx16@2@@1@QAU21@AAU21@@Z 1000bc70 f i RMG_SettingsDlg.obj
 0001:0000ae00       ??$?4U?$pair@UH3ObjectAttributes@h3@@PAUH3LoadedPcx16@2@@std@@$0A@@?$pair@UH3ObjectAttributes@h3@@PAUH3LoadedPcx16@2@@std@@QAEAAU01@ABU01@@Z 1000be00 f i RMG_SettingsDlg.obj
 0001:0000ae90       ??$_Resize_reallocate@U_Value_init_tag@std@@@?$vector@PAUH3DlgCaptionButton@h3@@V?$allocator@PAUH3DlgCaptionButton@h3@@@std@@@std@@AAEXIABU_Value_init_tag@1@@Z 1000be90 f i RMG_SettingsDlg.obj
 0001:0000afb0       ??1?$_Uninitialized_backout_al@V?$allocator@U?$pair@UH3ObjectAttributes@h3@@PAUH3LoadedPcx16@2@@std@@@std@@@std@@QAE@XZ 1000bfb0 f i RMG_SettingsDlg.obj
 0001:0000b010       ??1?$unique_ptr@V?$tuple@P6AXXZ@std@@U?$default_delete@V?$tuple@P6AXXZ@std@@@2@@std@@QAE@XZ 1000c010 f i RMG_SettingsDlg.obj
 0001:0000ce70       ??$_Invoke@V?$tuple@P6AXXZ@std@@$0A@@thread@std@@CGIPAX@Z 1000de70 f i RMG_SettingsDlg.obj
 0001:0000d586       ??0bad_alloc@std@@QAE@XZ   1000e586 f i libcpmt:xthrow.obj
 0001:0000d59e       ??0length_error@std@@QAE@ABV01@@Z 1000e59e f i libcpmt:xthrow.obj
 0001:0000d5b9       ??0length_error@std@@QAE@PBD@Z 1000e5b9 f i libcpmt:xthrow.obj
 0001:0000d5d8       ??0logic_error@std@@QAE@ABV01@@Z 1000e5d8 f i libcpmt:xthrow.obj
 0001:0000d5f3       ??0out_of_range@std@@QAE@ABV01@@Z 1000e5f3 f i libcpmt:xthrow.obj
 0001:0000d60e       ??0out_of_range@std@@QAE@PBD@Z 1000e60e f i libcpmt:xthrow.obj
 0001:0000d62d       ??0runtime_error@std@@QAE@PBD@Z 1000e62d f i libcpmt:xthrow.obj
 0001:0000d64c       ??_E__non_rtti_object@std@@UAEPAXI@Z 1000e64c f i libvcruntime:rtti.obj
 0001:0000d64c       ??_Ebad_exception@std@@UAEPAXI@Z 1000e64c f i libvcruntime:frame.obj
 0001:0000d64c       ??_Ebad_typeid@std@@UAEPAXI@Z 1000e64c f i libvcruntime:rtti.obj
 0001:0000d64c       ??_Elength_error@std@@UAEPAXI@Z 1000e64c f i libcpmt:xthrow.obj
 0001:0000d64c       ??_Elogic_error@std@@UAEPAXI@Z 1000e64c f i libcpmt:xthrow.obj
 0001:0000d64c       ??_Eout_of_range@std@@UAEPAXI@Z 1000e64c f i libcpmt:xthrow.obj
 0001:0000d64c       ??_G__non_rtti_object@std@@UAEPAXI@Z 1000e64c f i libvcruntime:rtti.obj
 0001:0000d64c       ??_Gbad_exception@std@@UAEPAXI@Z 1000e64c f i libvcruntime:frame.obj
 0001:0000d64c       ??_Gbad_typeid@std@@UAEPAXI@Z 1000e64c f i libvcruntime:rtti.obj
 0001:0000d64c       ??_Glength_error@std@@UAEPAXI@Z 1000e64c f i libcpmt:xthrow.obj
 0001:0000d64c       ??_Glogic_error@std@@UAEPAXI@Z 1000e64c f i libcpmt:xthrow.obj
 0001:0000d64c       ??_Gout_of_range@std@@UAEPAXI@Z 1000e64c f i libcpmt:xthrow.obj
 0001:0000d679       ?_Xbad_alloc@std@@YAXXZ    1000e679 f   libcpmt:xthrow.obj
 0001:0000d679       ?__scrt_throw_std_bad_alloc@@YAXXZ 1000e679 f   LIBCMT:throw_bad_alloc.obj
 0001:0000d696       ?_Xlength_error@std@@YAXPBD@Z 1000e696 f   libcpmt:xthrow.obj
 0001:0000d6b6       ?_Xout_of_range@std@@YAXPBD@Z 1000e6b6 f   libcpmt:xthrow.obj
 0001:0000d6d6       ?_Xruntime_error@std@@YAXPBD@Z 1000e6d6 f   libcpmt:xthrow.obj
 0001:0000d6f6       ??0_Init_locks@std@@QAE@XZ 1000e6f6 f   libcpmt:xlock.obj
 0001:0000d723       ??0_Lockit@std@@QAE@H@Z    1000e723 f   libcpmt:xlock.obj
 0001:0000d754       ??1_Init_locks@std@@QAE@XZ 1000e754 f   libcpmt:xlock.obj
 0001:0000d77b       ??1_Lockit@std@@QAE@XZ     1000e77b f   libcpmt:xlock.obj
 0001:0000d79a       ??0system_error@std@@QAE@HABVerror_category@1@PBD@Z 1000e79a f i libcpmt:thread0.obj
 0001:0000d7e7       ??_E_Generic_error_category@std@@UAEPAXI@Z 1000e7e7 f i libcpmt:thread0.obj
 0001:0000d7e7       ??_G_Generic_error_category@std@@UAEPAXI@Z 1000e7e7 f i libcpmt:thread0.obj
 0001:0000d804       ?_Throw_Cpp_error@std@@YAXH@Z 1000e804 f   libcpmt:thread0.obj
 0001:0000d839       ?generic_category@std@@YAABVerror_category@1@XZ 1000e839 f i libcpmt:thread0.obj
 0001:0000d83f       ?message@_Generic_error_category@std@@UBE?AV?$basic_string@DU?$char_traits@D@std@@V?$allocator@D@2@@2@H@Z 1000e83f f i libcpmt:thread0.obj
 0001:0000d85c       ?name@_Generic_error_category@std@@UBEPBDXZ 1000e85c f i libcpmt:thread0.obj
 0001:0000d862       ??0_Locimp@locale@std@@AAE@_N@Z 1000e862 f i libcpmt:locale0.obj
 0001:0000d8a3       ??1_Fac_node@std@@QAE@XZ   1000e8a3 f i libcpmt:locale0.obj
 0001:0000d8d4       ??1_Fac_tidy_reg_t@std@@QAE@XZ 1000e8d4 f i libcpmt:locale0.obj
 0001:0000d8f8       ??1_Locimp@locale@std@@MAE@XZ 1000e8f8 f i libcpmt:locale0.obj
 0001:0000d923       ??4?$_Yarn@D@std@@QAEAAV01@PBD@Z 1000e923 f i libcpmt:locale0.obj
 0001:0000d977       ??_E_Locimp@locale@std@@MAEPAXI@Z 1000e977 f i libcpmt:locale0.obj
 0001:0000d977       ??_G_Locimp@locale@std@@MAEPAXI@Z 1000e977 f i libcpmt:locale0.obj
 0001:0000d999       ?_Facet_Register@std@@YAXPAV_Facet_base@1@@Z 1000e999 f   libcpmt:locale0.obj
 0001:0000d9c6       ?_Getgloballocale@locale@std@@CAPAV_Locimp@12@XZ 1000e9c6 f   libcpmt:locale0.obj
 0001:0000d9cc       ?_Init@locale@std@@CAPAV_Locimp@12@_N@Z 1000e9cc f   libcpmt:locale0.obj
 0001:0000da59       ?_Locimp_dtor@_Locimp@locale@std@@CAXPAV123@@Z 1000ea59 f   libcpmt:locale0.obj
 0001:0000daca       ?_Locinfo_ctor@_Locinfo@std@@SAXPAV12@PBD@Z 1000eaca f   libcpmt:locale0.obj
 0001:0000db16       ?_Locinfo_dtor@_Locinfo@std@@SAXPAV12@@Z 1000eb16 f   libcpmt:locale0.obj
 0001:0000db30       ?_New_Locimp@_Locimp@locale@std@@CAPAV123@_N@Z 1000eb30 f   libcpmt:locale0.obj
 0001:0000db53       ?_Setgloballocale@locale@std@@CAXPAX@Z 1000eb53 f   libcpmt:locale0.obj
 0001:0000db7b       __Deletegloballocale       1000eb7b f   libcpmt:locale0.obj
 0001:0000dbe0       ?uncaught_exception@std@@YA_NXZ 1000ebe0 f   libcpmt:uncaught_exception.obj
 0001:0000dbe5       ?_Callfns@ios_base@std@@AAEXW4event@12@@Z 1000ebe5 f i libcpmt:ios.obj
 0001:0000dc18       ?_Ios_base_dtor@ios_base@std@@CAXPAV12@@Z 1000ec18 f   libcpmt:ios.obj
 0001:0000dc58       ?_Tidy@ios_base@std@@AAEXXZ 1000ec58 f i libcpmt:ios.obj
 0001:0000dcd3       ?_Syserror_map@std@@YAPBDH@Z 1000ecd3 f   libcpmt:syserror.obj
 0001:0000dcf8       __Getctype                 1000ecf8 f   libcpmt:_tolower.obj
 0001:0000dd63       __Tolower                  1000ed63 f   libcpmt:_tolower.obj
 0001:0000de52       ?_Verify_ownership_levels@_Mutex_base@std@@IAE_NXZ 1000ee52 f i libcpmt:xnotify.obj
 0001:0000de68       ?lock@_Mutex_base@std@@QAEXXZ 1000ee68 f i libcpmt:xnotify.obj
 0001:0000de8f       __Cnd_do_broadcast_at_thread_exit 1000ee8f f   libcpmt:xnotify.obj
[...]
 0002:0000e048       __unwindtable$?CreateGraphics@rmgdlg@@YAXABU?$H3Vector@PAUH3RmgObjectGenerator@h3@@@h3@@@Z 1004b048     RMG_SettingsDlg.obj
 0002:0000e050       __ehfuncinfo$?CreateResizedObjectPcx@rmgdlg@@YAXXZ 1004b050     RMG_SettingsDlg.obj
 0002:0000e074       __unwindtable$?CreateResizedObjectPcx@rmgdlg@@YAXXZ 1004b074     RMG_SettingsDlg.obj
 0002:0000e07c       __ehfuncinfo$?NewScenarioDlg_Create@RMG_SettingsDlg@rmgdlg@@CGXPAVHiHook@@PAUH3SelectScenarioDialog@h3@@K@Z 1004b07c     RMG_SettingsDlg.obj
 0002:0000e0a0       __unwindtable$?NewScenarioDlg_Create@RMG_SettingsDlg@rmgdlg@@CGXPAVHiHook@@PAUH3SelectScenarioDialog@h3@@K@Z 1004b0a0     RMG_SettingsDlg.obj
 0002:0000e100       __ehfuncinfo$?SelectScenarioDlgRandomizeProc@rmgdlg@@YIHPAUH3Msg@h3@@@Z 1004b100     RMG_SettingsDlg.obj
 0002:0000e124       __unwindtable$?SelectScenarioDlgRandomizeProc@rmgdlg@@YIHPAUH3Msg@h3@@@Z 1004b124     RMG_SettingsDlg.obj
 0002:0000e134       __ehfuncinfo$?H3SelectScenarioDialog_ShowRandomMapsSettings@RMG_SettingsDlg@rmgdlg@@CGHPAVLoHook@@PAUHookContext@@@Z 1004b134     RMG_SettingsDlg.obj
 0002:0000e158       __unwindtable$?H3SelectScenarioDialog_ShowRandomMapsSettings@RMG_SettingsDlg@rmgdlg@@CGHPAVLoHook@@PAUHookContext@@@Z 1004b158     RMG_SettingsDlg.obj
 0002:0000e168       __ehfuncinfo$?Dlg_SelectScenario_Proc@RMG_SettingsDlg@rmgdlg@@CGHPAVLoHook@@PAUHookContext@@@Z 1004b168     RMG_SettingsDlg.obj
 0002:0000e18c       __unwindtable$?Dlg_SelectScenario_Proc@RMG_SettingsDlg@rmgdlg@@CGHPAVLoHook@@PAUHookContext@@@Z 1004b18c     RMG_SettingsDlg.obj
 0002:0000e1a4       __ehfuncinfo$?GetObjectPrototypesLists@rmgdlg@@YAXXZ 1004b1a4     RMG_SettingsDlg.obj
 0002:0000e1c8       __unwindtable$?GetObjectPrototypesLists@rmgdlg@@YAXXZ 1004b1c8     RMG_SettingsDlg.obj
 0002:0000e210       __ehfuncinfo$?FindDataInObjectGeneratorsList@rmgdlg@@YAXAAV?$vector@U?$pair@UH3ObjectAttributes@h3@@PAUH3LoadedPcx16@2@@std@@V?$allocator@U?$pair@UH3ObjectAttributes@h3@@PAUH3LoadedPcx16@2@@std@@@2@@std@@@Z 1004b210     RMG_SettingsDlg.obj
 0002:0000e234       __unwindtable$?FindDataInObjectGeneratorsList@rmgdlg@@YAXAAV?$vector@U?$pair@UH3ObjectAttributes@h3@@PAUH3LoadedPcx16@2@@std@@V?$allocator@U?$pair@UH3ObjectAttributes@h3@@PAUH3LoadedPcx16@2@@std@@@2@@std@@@Z 1004b234     RMG_SettingsDlg.obj
 0002:0000e23c       __ehfuncinfo$?GetObjectPrototypesByTypes@rmgdlg@@YAXAAV?$vector@U?$pair@UH3ObjectAttributes@h3@@PAUH3LoadedPcx16@2@@std@@V?$allocator@U?$pair@UH3ObjectAttributes@h3@@PAUH3LoadedPcx16@2@@std@@@2@@std@@PBHI@Z 1004b23c     RMG_SettingsDlg.obj
 0002:0000e260       __unwindtable$?GetObjectPrototypesByTypes@rmgdlg@@YAXAAV?$vector@U?$pair@UH3ObjectAttributes@h3@@PAUH3LoadedPcx16@2@@std@@V?$allocator@U?$pair@UH3ObjectAttributes@h3@@PAUH3LoadedPcx16@2@@std@@@2@@std@@PBHI@Z 1004b260     RMG_SettingsDlg.obj
 0002:0000e278       __ehfuncinfo$??0PageHeader@ObjectsPage@RMG_SettingsDlg@rmgdlg@@QAE@HHHHH@Z 1004b278     RMG_SettingsDlg.obj
 0002:0000e2a0       __unwindtable$??0PageHeader@ObjectsPage@RMG_SettingsDlg@rmgdlg@@QAE@HHHHH@Z 1004b2a0     RMG_SettingsDlg.obj
 0002:0000e340       __ehfuncinfo$??0RMGObject@rmgdlg@@QAE@ABUH3ObjectAttributes@h3@@PAUH3LoadedPcx16@3@@Z 1004b340     RMG_SettingsDlg.obj
 0002:0000e364       __unwindtable$??0RMGObject@rmgdlg@@QAE@ABUH3ObjectAttributes@h3@@PAUH3LoadedPcx16@3@@Z 1004b364     RMG_SettingsDlg.obj
 0002:0000e374       __ehfuncinfo$?SetActivePage@RMG_SettingsDlg@rmgdlg@@AAEHPAUPage@12@@Z 1004b374     RMG_SettingsDlg.obj
 0002:0000e398       __unwindtable$?SetActivePage@RMG_SettingsDlg@rmgdlg@@AAEHPAUPage@12@@Z 1004b398     RMG_SettingsDlg.obj
 0002:0000e3a0       __ehfuncinfo$?ShowObjectExtendedInfo@BanksPage@RMG_SettingsDlg@rmgdlg@@UBEHPBUObjectsPanel@23@ABUH3Msg@h3@@@Z 1004b3a0     RMG_SettingsDlg.obj
 0002:0000e3c4       __unwindtable$?ShowObjectExtendedInfo@BanksPage@RMG_SettingsDlg@rmgdlg@@UBEHPBUObjectsPanel@23@ABUH3Msg@h3@@@Z 1004b3c4     RMG_SettingsDlg.obj
 0002:0000e3cc       __ehfuncinfo$?ShowObjectExtendedInfo@ObjectsPage@RMG_SettingsDlg@rmgdlg@@MBEHPBUObjectsPanel@23@ABUH3Msg@h3@@@Z 1004b3cc     RMG_SettingsDlg.obj
 0002:0000e3f0       __unwindtable$?ShowObjectExtendedInfo@ObjectsPage@RMG_SettingsDlg@rmgdlg@@MBEHPBUObjectsPanel@23@ABUH3Msg@h3@@@Z 1004b3f0     RMG_SettingsDlg.obj
 0002:0000e418       __ehfuncinfo$?FillObjects@ObjectsPage@RMG_SettingsDlg@rmgdlg@@MAEXH@Z 1004b418     RMG_SettingsDlg.obj
 0002:0000e43c       __unwindtable$?FillObjects@ObjectsPage@RMG_SettingsDlg@rmgdlg@@MAEXH@Z 1004b43c     RMG_SettingsDlg.obj
 0002:0000e454       __ehfuncinfo$??0ObjectsPage@RMG_SettingsDlg@rmgdlg@@QAE@PAUH3DlgCaptionButton@h3@@ABV?$vector@U?$pair@UH3ObjectAttributes@h3@@PAUH3LoadedPcx16@2@@std@@V?$allocator@U?$pair@UH3ObjectAttributes@h3@@PAUH3LoadedPcx16@2@@std@@@2@@std@@H@Z 1004b454     RMG_SettingsDlg.obj
 0002:0000e478       __unwindtable$??0ObjectsPage@RMG_SettingsDlg@rmgdlg@@QAE@PAUH3DlgCaptionButton@h3@@ABV?$vector@U?$pair@UH3ObjectAttributes@h3@@PAUH3LoadedPcx16@2@@std@@V?$allocator@U?$pair@UH3ObjectAttributes@h3@@PAUH3LoadedPcx16@2@@std@@@2@@std@@H@Z 1004b478     RMG_SettingsDlg.obj
 0002:0000e4b8       __ehfuncinfo$??1RMG_SettingsDlg@rmgdlg@@EAE@XZ 1004b4b8     RMG_SettingsDlg.obj
 0002:0000e4dc       __unwindtable$??1RMG_SettingsDlg@rmgdlg@@EAE@XZ 1004b4dc     RMG_SettingsDlg.obj
 0002:0000e4ec       __ehfuncinfo$?PanelInfoToObjectInfo@ObjectsPanel@RMG_SettingsDlg@rmgdlg@@QAEXXZ 1004b4ec     RMG_SettingsDlg.obj
 0002:0000e510       __ehfuncinfo$?ObjectInfoToPanelInfo@ObjectsPanel@RMG_SettingsDlg@rmgdlg@@QAEXXZ 1004b510     RMG_SettingsDlg.obj
 0002:0000e534       __ehfuncinfo$?UnfocusEdits@ObjectsPanel@RMG_SettingsDlg@rmgdlg@@QAE?BHH@Z 1004b534     RMG_SettingsDlg.obj
 0002:0000e558       __unwindtable$?UnfocusEdits@ObjectsPanel@RMG_SettingsDlg@rmgdlg@@QAE?BHH@Z 1004b558     RMG_SettingsDlg.obj
 0002:0000e560       __ehfuncinfo$?SetObject@ObjectsPanel@RMG_SettingsDlg@rmgdlg@@QAEXPAVRMGObject@3@@Z 1004b560     RMG_SettingsDlg.obj
 0002:0000e584       __unwindtable$?SetObject@ObjectsPanel@RMG_SettingsDlg@rmgdlg@@QAEXPAVRMGObject@3@@Z 1004b584     RMG_SettingsDlg.obj
 0002:0000e58c       __ehfuncinfo$??0ObjectsPanel@RMG_SettingsDlg@rmgdlg@@QAE@HHPAUPage@12@@Z 1004b58c     RMG_SettingsDlg.obj
 0002:0000e5b0       __unwindtable$??0ObjectsPanel@RMG_SettingsDlg@rmgdlg@@QAE@HHPAUPage@12@@Z 1004b5b0     RMG_SettingsDlg.obj
 0002:0000e620       __ehfuncinfo$?CreateHorizontalScrollBar@ObjectsPage@RMG_SettingsDlg@rmgdlg@@IAEXXZ 1004b620     RMG_SettingsDlg.obj
 0002:0000e644       __unwindtable$?CreateHorizontalScrollBar@ObjectsPage@RMG_SettingsDlg@rmgdlg@@IAEXXZ 1004b644     RMG_SettingsDlg.obj
 0002:0000e64c       __ehfuncinfo$?CreateVerticalScrollBar@ObjectsPage@RMG_SettingsDlg@rmgdlg@@IAEXXZ 1004b64c     RMG_SettingsDlg.obj
 0002:0000e670       __unwindtable$?CreateVerticalScrollBar@ObjectsPage@RMG_SettingsDlg@rmgdlg@@IAEXXZ 1004b670     RMG_SettingsDlg.obj
 0002:0000e678       __ehfuncinfo$?SaveRMGObjectsInfo@RMG_SettingsDlg@rmgdlg@@ABEHH@Z 1004b678     RMG_SettingsDlg.obj
 0002:0000e69c       __ehfuncinfo$?WriteIniDlgSettings@RMG_SettingsDlg@rmgdlg@@ABEHXZ 1004b69c     RMG_SettingsDlg.obj
 0002:0000e6c0       __ehfuncinfo$?ReadIniDlgSettings@RMG_SettingsDlg@rmgdlg@@AAEHXZ 1004b6c0     RMG_SettingsDlg.obj
 0002:0000e6e4       __ehfuncinfo$?OnOK@RMG_SettingsDlg@rmgdlg@@EAEXXZ 1004b6e4     RMG_SettingsDlg.obj
 0002:0000e708       __unwindtable$?OnOK@RMG_SettingsDlg@rmgdlg@@EAEXXZ 1004b708     RMG_SettingsDlg.obj
 0002:0000e718       __ehfuncinfo$?RemoveEditsFocus@RMG_SettingsDlg@rmgdlg@@ABEHH@Z 1004b718     RMG_SettingsDlg.obj
 0002:0000e73c       __unwindtable$?RemoveEditsFocus@RMG_SettingsDlg@rmgdlg@@ABEHH@Z 1004b73c     RMG_SettingsDlg.obj
 0002:0000e744       __ehfuncinfo$?OnHelp@RMG_SettingsDlg@rmgdlg@@ABEXXZ 1004b744     RMG_SettingsDlg.obj
 0002:0000e768       __unwindtable$?OnHelp@RMG_SettingsDlg@rmgdlg@@ABEXXZ 1004b768     RMG_SettingsDlg.obj
 0002:0000e790       __ehfuncinfo$??0RMG_SettingsDlg@rmgdlg@@QAE@HHHH@Z 1004b790     RMG_SettingsDlg.obj
 0002:0000e7b8       __unwindtable$??0RMG_SettingsDlg@rmgdlg@@QAE@HHHH@Z 1004b7b8     RMG_SettingsDlg.obj
 0002:0000e890       __ehfuncinfo$??R<lambda_1>@?1??SortRmgObjects@sorting@rmgdlg@@YAXAAV?$vector@VRMGObject@rmgdlg@@V?$allocator@VRMGObject@rmgdlg@@@std@@@std@@W4eSorting@23@_N@Z@QBE_NABVRMGObject@3@3@Z 1004b890     RMG_SettingsDlg.obj
 0002:0000e8b8       __unwindtable$??R<lambda_1>@?1??SortRmgObjects@sorting@rmgdlg@@YAXAAV?$vector@VRMGObject@rmgdlg@@V?$allocator@VRMGObject@rmgdlg@@@std@@@std@@W4eSorting@23@_N@Z@QBE_NABVRMGObject@3@3@Z 1004b8b8     RMG_SettingsDlg.obj
 0002:0000e968       __sehtable$___RTDynamicCast 1004b968     libvcruntime:rtti.obj
 0002:0000e9e0       .edata                     1004b9e0     RMG_CustomizeObjectProperties.exp
 0002:0000ea08       rgpv                       1004ba08     RMG_CustomizeObjectProperties.exp
 0002:0000ea0c       rgszName                   1004ba0c     RMG_CustomizeObjectProperties.exp
 0002:0000ea10       rgwOrd                     1004ba10     RMG_CustomizeObjectProperties.exp
 0002:0000ea12       szName                     1004ba12     RMG_CustomizeObjectProperties.exp
 0002:0000ea34       $N00001                    1004ba34     RMG_CustomizeObjectProperties.exp
 0002:0000ec22       .idata$6                   1004bc22     kernel32:KERNEL32.dll
 0003:00000000       ?init@std@@3JA             1004d000     libcpmt:xlock.obj
 0003:00000010       ?_Thread_exit_data_mutex@?A0x7f1b0160@@3Vmutex@std@@A 1004d010     libcpmt:xnotify.obj
 0003:00000040       ?atcount_cdecl@@3IA        1004d040     libcpmt:iosptrs.obj
 0003:000000e0       ?__vcrt_flsindex@@3KA      1004d0e0     libvcruntime:per_thread_data.obj
 0003:0000010c       ?errno_no_memory@@3HA      1004d10c     libucrt:errno.obj
 0003:00000110       ?doserrno_no_memory@@3KA   1004d110     libucrt:errno.obj
 0003:00000230       ?__acrt_flsindex@@3KA      1004d230     libucrt:per_thread_data.obj
 0003:00000234       __ctype_loc_style          1004d234     libucrt:wsetlocale.obj
 0003:00000304       ?__DAZ_ENABLED@?1??__set_fpsr_sse2@@9@9 1004d304     libucrt:fpctrl.obj
 0003:00000308       ?tzstd_program@@3PADA      1004d308     libucrt:timeset.obj
 0003:00000348       ?tzdst_program@@3PADA      1004d348     libucrt:timeset.obj
 0003:00000388       ?w_tzstd_program@@3PA_WA   1004d388     libucrt:timeset.obj
 0003:00000408       ?w_tzdst_program@@3PA_WA   1004d408     libucrt:timeset.obj
 0003:00000488       ?tzname_states@@3PAY01PADA 1004d488     libucrt:timeset.obj
 0003:00000490       ?w_tzname_states@@3PAY01PA_WA 1004d490     libucrt:timeset.obj
 0003:000006b8       __mbctypes                 1004d6b8     libucrt:mbctype.obj
 0003:000007c0       __mbcasemaps               1004d7c0     libucrt:mbctype.obj
 0003:000008c0       ?__rgctypeflag@@3PADA      1004d8c0     libucrt:mbctype.obj
 0003:000008c8       ?__rgcode_page_info@@3PAUcode_page_info@@A 1004d8c8     libucrt:mbctype.obj
 0003:00000ac0       ?__dcrt_lowio_console_output_handle@@3PAXA 1004dac0     libucrt:initcon.obj
 0003:00000adc       ?firstLaunch@?7??SelectScenarioDlgRandomizeProc@rmgdlg@@YIHPAUH3Msg@h3@@@Z@4_NA 1004dadc     RMG_SettingsDlg.obj
 0003:000012c0       ?initlocks@std@@3V_Init_locks@1@A 1004e2c0     libcpmt:xlock.obj
 0003:000012c8       ?mtx@std@@3PAU_RTL_CRITICAL_SECTION@@A 1004e2c8     libcpmt:xlock.obj
 0003:000013a4       ?classic_locale@std@@3Vlocale@1@A 1004e3a4     libcpmt:locale0.obj
 0003:000013ac       ?_Fac_head@std@@3PAU_Fac_node@1@A 1004e3ac     libcpmt:locale0.obj
 0003:000013b0       ?_Fac_tidy_reg@std@@3U_Fac_tidy_reg_t@1@B 1004e3b0     libcpmt:locale0.obj
 0003:000013b4       _global_locale             1004e3b4     libcpmt:locale0.obj
 0003:000013b8       ?registered@?1??_Setgloballocale@locale@std@@CAXPAX@Z@4_NA 1004e3b8     libcpmt:locale0.obj
 0003:000013c0       ?stdstr@std@@3PAPAVios_base@1@A 1004e3c0     libcpmt:ios.obj
 0003:000013e8       ?stdopens@std@@3PADA       1004e3e8     libcpmt:ios.obj
 0003:000013f8       ?_Thread_exit_data@?A0x7f1b0160@@3U_At_thread_exit_block@1@A 1004e3f8     libcpmt:xnotify.obj
 0003:000015c0       ?initlocks@std@@3V_Init_locks@1@A 1004e5c0     libcpmt:iosptrs.obj
 0003:000015c1       ?init_atexit@@3U_Init_atexit@@A 1004e5c1     libcpmt:iosptrs.obj
 0003:000015c4       ?atfuns_cdecl@@3PAP6AXXZA  1004e5c4     libcpmt:iosptrs.obj
 0003:00001664       ?__KERNEL32Function_GetSystemTimePreciseAsFileTime@?A0x995b63b9@@3P6GXPAU_FILETIME@@@ZA 1004e664     libcpmt:winapisupp.obj
 0003:00001668       ?__KERNEL32Function_GetTempPath2W@?A0x995b63b9@@3P6GKKPA_W@ZA 1004e668     libcpmt:winapisupp.obj
 0003:00001674       ?is_initialized_as_dll@@3_NA 1004e674     LIBCMT:utility.obj
 0003:00001675       ?module_local_atexit_table_initialized@@3_NA 1004e675     LIBCMT:utility.obj
 0003:00001678       ?module_local_atexit_table@@3U_onexit_table_t@@A 1004e678     LIBCMT:utility.obj
 0003:00001684       ?module_local_at_quick_exit_table@@3U_onexit_table_t@@A 1004e684     LIBCMT:utility.obj
 0003:00001690       ?g_tss_cv@@3U_RTL_CONDITION_VARIABLE@@A 1004e690     LIBCMT:thread_safe_statics.obj
 0003:00001694       ?g_tss_srw@@3U_RTL_SRWLOCK@@A 1004e694     LIBCMT:thread_safe_statics.obj
 0003:00001698       ?__proc_attached@@3HA      1004e698     LIBCMT:dll_dllmain.obj
 0003:000016c0       _GS_ExceptionRecord        1004e6c0     LIBCMT:gs_report.obj
 0003:00001710       _GS_ContextRecord          1004e710     LIBCMT:gs_report.obj
 0003:000019e0       ?__vcrt_startup_thread_ptd@@3U__vcrt_ptd@@A 1004e9e0     libvcruntime:per_thread_data.obj
 0003:00001a0c       ___vcrt_lock_table         1004ea0c     libvcruntime:locks.obj
 0003:00001a24       ___vcrt_locks_initialized  1004ea24     libvcruntime:locks.obj
 0003:00001a50       ?heap@@3V_HeapManager@@A   1004ea50     libvcruntime:undname.obj
 0003:00001a64       ?module_handles@@3PAPAUHINSTANCE__@@A 1004ea64     libvcruntime:winapi_downlevel.obj
 0003:00001a70       ?function_pointers@@3PAPAXA 1004ea70     libvcruntime:winapi_downlevel.obj
 0003:00001a84       ?__acrt_invalid_parameter_handler@@3V?$dual_state_global@P6AXPB_W00II@Z@__crt_state_management@@A 1004ea84     libucrt:invalid_parameter.obj
 0003:00001a88       ?__acrt_lock_table@@3PAU_RTL_CRITICAL_SECTION@@A 1004ea88     libucrt:locks.obj
 0003:00001bd8       ?__acrt_locks_initialized@@3IA 1004ebd8     libucrt:locks.obj
 0003:00001bec       ?__acrt_new_handler@@3V?$dual_state_global@P6AHI@Z@__crt_state_management@@A 1004ebec     libucrt:new_handler.obj
 0003:00001bf0       ?c_termination_complete@@3JA 1004ebf0     libucrt:exit.obj
 0003:00001bf4       ?thread_local_exit_callback_func@@3P6GXPAXK0@ZA 1004ebf4     libucrt:exit.obj
 0003:00001bf8       ?c_exit_complete@?1???R<lambda_6e4b09c48022b2350581041d5f6b0c4c>@@QBE@XZ@4_NA 1004ebf8     libucrt:exit.obj
 0003:00001c00       ?program_name@?1???$common_configure_argv@D@@YAHW4_crt_argv_mode@@@Z@4PADA 1004ec00     libucrt:argv_parsing.obj
 0003:00001d30       ?internal_state@?1??_mbtowc_internal@@9@4U_Mbstatet@@A 1004ed30     libucrt:mbtowc.obj
 0003:00001d38       ?enable_percent_n@@3IA     1004ed38     libucrt:printf_count_output.obj
 0003:00001f58       ?module_handles@@3PAPAUHINSTANCE__@@A 1004ef58     libucrt:winapi_thunks.obj
 0003:00001fb0       ?encoded_function_pointers@@3PAPAXA 1004efb0     libucrt:winapi_thunks.obj
 0003:0000203c       ?static_enum_proc@?1??enum_system_locales_ex_nolock@@YAHQ6GHPA_WKJ@Z@Z@4P6GH0KJ@ZA 1004f03c     libucrt:winapi_thunks.obj
 0003:00002040       ?state_cache@?1???$get_cached_win_policy@Ubegin_thread_init_policy_properties@?1??__acrt_get_begin_thread_init_policy@@YA?AW4begin_thread_init_policy@@XZ@@@YA?AW4begin_thread_init_policy@@W4AppPolicyThreadInitializationType@@@Z@4JA 1004f040     libucrt:win_policies.obj
 0003:00002044       ?ctrlc_action@@3V?$dual_state_global@P6AXH@Z@__crt_state_management@@A 1004f044     libucrt:signal.obj
 0003:00002048       ?ctrlbreak_action@@3V?$dual_state_global@P6AXH@Z@__crt_state_management@@A 1004f048     libucrt:signal.obj
 0003:0000204c       ?abort_action@@3V?$dual_state_global@P6AXH@Z@__crt_state_management@@A 1004f04c     libucrt:signal.obj
 0003:00002050       ?term_action@@3V?$dual_state_global@P6AXH@Z@__crt_state_management@@A 1004f050     libucrt:signal.obj
 0003:00002060       ?_tzname@@3V?$dual_state_global@PAPAD@__crt_state_management@@A 1004f060     libucrt:timeset.obj
 0003:00002064       ?w_tzname@@3V?$dual_state_global@PAPA_W@__crt_state_management@@A 1004f064     libucrt:timeset.obj
 0003:00002068       ?tz_api_used@@3HA          1004f068     libucrt:tzset.obj
 0003:0000206c       ?tzset_init_state@@3V?$dual_state_global@J@__crt_state_management@@A 1004f06c     libucrt:tzset.obj
 0003:00002070       ?tz_info@@3U_TIME_ZONE_INFORMATION@@A 1004f070     libucrt:tzset.obj
 0003:00002128       ?fSystemSet@@3HA           1004f128     libucrt:mbctype.obj
 0003:0000212c       ?initialized@?1??__acrt_initialize_multibyte@@9@4_NA 1004f12c     libucrt:mbctype.obj
 0003:0000214c       ?user_matherr@@3V?$dual_state_global@P6AHPAU_exception@@@Z@__crt_state_management@@A 1004f14c     libucrt:matherr.obj
 0003:00002150       ?__acrt_global_new_mode@@3V?$dual_state_global@J@__crt_state_management@@A 1004f150     libucrt:new_mode.obj
 0003:00002154       ?internal_pst@?1??__mbrtoc32_utf8@__crt_mbstring@@YAIPA_UPBDIPAU_Mbstatet@@AAV__crt_cached_ptd_host@@@Z@4U3@A 1004f154     libucrt:mbrtoc32.obj
 0003:0000215c       ?__acrt_app_type@@3W4_crt_app_type@@A 1004f15c     libucrt:report_runtime_error.obj
 0003:00002160       ?internal_pst@?1??__c16rtomb_utf8@__crt_mbstring@@YAIPAD_SPAU_Mbstatet@@AAV__crt_cached_ptd_host@@@Z@4U3@A 1004f160     libucrt:c16rtomb.obj
 0003:0000216c       __pmatherr_set             1004f16c     libucrt:libm_error.obj
 0003:00003c74       ?plugin_On@?1??DllMain@@9@12@4HA 10050c74     dllmain.obj
 0003:00003c78       ?positionsPatch@?1??CrBank_CombatStart@CreatureBanksExtender@cbanks@@CGHPAVHiHook@@IIIIHIIIHHH@Z@4PAVPatch@@A 10050c78     CreatureBanksExtender.obj
 0003:00003c80       ?assetsCreated@?1??GameStart@rmgdlg@@YGXPAVHiHook@@K@Z@4_NA 10050c80     RMG_SettingsDlg.obj
 0003:00003c84       ?_instance@?1??Get@ColosseumOfTheMagiExtender@colosseumOfTheMagi@@SAAAV23@XZ@4V23@A 10050c84     ColosseumOfTheMagiExtender.obj
 0003:00003c94       ?$TSS0@?1??Get@ColosseumOfTheMagiExtender@colosseumOfTheMagi@@SAAAV23@XZ@4HA 10050c94     ColosseumOfTheMagiExtender.obj
 0003:00003c98       ?$TSS0@?1??Get@CreatureBanksExtender@cbanks@@SAAAV23@XZ@4HA 10050c98     CreatureBanksExtender.obj
 0003:00003ca0       ?_instance@?1??Get@CreatureBanksExtender@cbanks@@SAAAV23@XZ@4V23@A 10050ca0     CreatureBanksExtender.obj
 0003:00003cf4       ?$TSS0@?1??Get@GazeboExtender@gazebo@@SAAAV23@XZ@4HA 10050cf4     GazeboExtender.obj
 0003:00003cf8       ?_instance@?1??Get@GazeboExtender@gazebo@@SAAAV23@XZ@4V23@A 10050cf8     GazeboExtender.obj
 0003:00003d08       ?$TSS0@?1??Get@ShrinesExternder@shrines@@SAAAV23@XZ@4HA 10050d08     ShrinesExternder.obj
 0003:00003d0c       ?_instance@?1??Get@ShrinesExternder@shrines@@SAAAV23@XZ@4V23@A 10050d0c     ShrinesExternder.obj
 0003:00003d1c       ?_instance@?1??Get@WarehousesExtender@warehouses@@SAAAV23@XZ@4V23@A 10050d1c     WarehousesExtender.obj
 0003:00003d2c       ?$TSS0@?1??Get@WarehousesExtender@warehouses@@SAAAV23@XZ@4HA 10050d2c     WarehousesExtender.obj
 0003:00003d30       ?_instance@?1??Get@WoGObjectsExtender@wog@@SAAAV23@XZ@4V23@A 10050d30     WoGObjectsExtender.obj
 0003:00003d40       ?$TSS0@?1??Get@WoGObjectsExtender@wog@@SAAAV23@XZ@4HA 10050d40     WoGObjectsExtender.obj
 0003:00003d50       ?instance@?1??Get@RMGObjectsEditor@editor@@SAAAV23@XZ@4V23@A 10050d50     RMGObjectsEditor.obj
 0003:000060b0       ?$TSS0@?1??Get@RMGObjectsEditor@editor@@SAAAV23@XZ@4HA 100530b0     RMGObjectsEditor.obj
 0004:00000060       $R000000                   10054060     * linker generated manifest res *
