 RMG_CustomizeObjectProperties

 Timestamp is 6793ef87 (Fri Jan 24 22:52:39 2025)

 Preferred load address is 10000000

 Start         Length     Name                   Class
 0001:00000000 00000d00H .text$di                CODE
 0001:00000d00 00038ea0H .text$mn                CODE
 0001:00039ba0 00001350H .text$x                 CODE
 0001:0003aef0 000003feH .text$yd                CODE
 0002:00000000 00000150H .idata$5                DATA
 0002:00000150 00000008H .00cfg                  DATA
 0002:00000158 00000004H .CRT$XCA                DATA
 0002:0000015c 0000000cH .CRT$XCC                DATA
 0002:00000168 00000008H .CRT$XCL                DATA
 0002:00000170 00000174H .CRT$XCU                DATA
 0002:000002e4 00000004H .CRT$XCZ                DATA
 0002:000002e8 00000004H .CRT$XIA                DATA
 0002:000002ec 00000014H .CRT$XIC                DATA
 0002:00000300 00000004H .CRT$XIZ                DATA
 0002:00000304 00000004H .CRT$XLA                DATA
 0002:00000308 00000004H .CRT$XLZ                DATA
 0002:0000030c 00000004H .CRT$XPA                DATA
 0002:00000310 00000008H .CRT$XPX                DATA
 0002:00000318 00000004H .CRT$XPXA               DATA
 0002:0000031c 00000004H .CRT$XPZ                DATA
 0002:00000320 00000004H .CRT$XTA                DATA
 0002:00000324 0000001cH .CRT$XTZ                DATA
 0002:00000328 00000000H .gfids$y                DATA
 0002:00000340 00009540H .rdata                  DATA
 0002:00009880 00000000H .rdata$CastGuardVftablesA DATA
 0002:00009880 00000000H .rdata$CastGuardVftablesC DATA
 0002:00009880 00000018H .rdata$T                DATA
 0002:00009898 00000f80H .rdata$r                DATA
 0002:0000a818 00000298H .rdata$sxdata           DATA
 0002:0000aab0 00000108H .rdata$voltmd           DATA
 0002:0000abb8 00000410H .rdata$zzzdbg           DATA
 0002:0000afc8 00000004H .rtc$IAA                DATA
 0002:0000afcc 00000004H .rtc$IZZ                DATA
 0002:0000afd0 00000004H .rtc$TAA                DATA
 0002:0000afd4 00000004H .rtc$TZZ                DATA
 0002:0000afd8 00000004H .tls                    DATA
 0002:0000afdc 00000004H .tls$                   DATA
 0002:0000afe0 00000008H .tls$ZZZ                DATA
 0002:0000afe8 00003928H .xdata$x                DATA
 0002:0000e910 00000070H .edata                  DATA
 0002:0000e980 00000014H .idata$2                DATA
 0002:0000e994 00000014H .idata$3                DATA
 0002:0000e9a8 00000150H .idata$4                DATA
 0002:0000eaf8 0000064cH .idata$6                DATA
 0003:00000000 00000ae0H .data                   DATA
 0003:00000ae0 00000268H .data$r                 DATA
 0003:00000d48 00000578H .data$rs                DATA
 0003:000012c0 00004df4H .bss                    DATA
 0004:00000000 00000060H .rsrc$01                DATA
 0004:00000060 00000098H .rsrc$02                DATA

  Address         Publics by Value              Rva+Base       Lib:Object

 0000:00000000       ___AbsoluteZero            00000000     <absolute>
 0000:00000000       ___arm64x_extra_rfe_table  00000000     <absolute>
 0000:00000000       ___arm64x_extra_rfe_table_size 00000000     <absolute>
 0000:00000000       ___arm64x_native_entrypoint 00000000     <absolute>
 0000:00000000       ___arm64x_redirection_metadata 00000000     <absolute>
 0000:00000000       ___arm64x_redirection_metadata_count 00000000     <absolute>
 0000:00000000       ___dynamic_value_reloc_table 00000000     <absolute>
 0000:00000000       ___enclave_config          00000000     <absolute>
 0000:00000000       ___guard_check_icall_a64n_fptr 00000000     <absolute>
 0000:00000000       ___guard_eh_cont_count     00000000     <absolute>
 0000:00000000       ___guard_eh_cont_table     00000000     <absolute>
 0000:00000000       ___guard_fids_count        00000000     <absolute>
 0000:00000000       ___guard_fids_table        00000000     <absolute>
 0000:00000000       ___guard_iat_count         00000000     <absolute>
 0000:00000000       ___guard_iat_table         00000000     <absolute>
 0000:00000000       ___guard_longjmp_count     00000000     <absolute>
 0000:00000000       ___guard_longjmp_table     00000000     <absolute>
 0000:00000000       ___hybrid_auxiliary_delayload_iat 00000000     <absolute>
 0000:00000000       ___hybrid_auxiliary_delayload_iat_copy 00000000     <absolute>
 0000:00000000       ___hybrid_auxiliary_iat    00000000     <absolute>
 0000:00000000       ___hybrid_auxiliary_iat_copy 00000000     <absolute>
 0000:00000000       ___hybrid_code_map         00000000     <absolute>
 0000:00000000       ___hybrid_code_map_count   00000000     <absolute>
 0000:00000000       ___hybrid_image_info_bitfield 00000000     <absolute>
 0000:00000000       ___x64_code_ranges_to_entry_points 00000000     <absolute>
 0000:00000000       ___x64_code_ranges_to_entry_points_count 00000000     <absolute>
 0000:00000000       __except_list              00000000     <absolute>
 0000:0000002c       __tls_array                0000002c     <absolute>
 0000:000000a6       ___safe_se_handler_count   000000a6     <absolute>
 0000:00000100       ___guard_flags             00000100     <absolute>
 0000:00000000       ___ImageBase               10000000     <linker-defined>
 0001:00000d00       ?OnCancel@H3Dlg@h3@@UAEXXZ 10001d00 f i RMG_SettingsDlg.obj
 0001:00000d00       ?OnOK@H3Dlg@h3@@UAEXXZ     10001d00 f i RMG_SettingsDlg.obj
 0001:00000d00       ?_Lock@?$basic_streambuf@DU?$char_traits@D@std@@@std@@UAEXXZ 10001d00 f i ObjectsExtender.obj
 0001:00000d00       ?_Unlock@?$basic_streambuf@DU?$char_traits@D@std@@@std@@UAEXXZ 10001d00 f i ObjectsExtender.obj
 0001:00000d00       ?__empty_global_delete@@YAXPAXI@Z 10001d00 f i DrawPcx16ResizedBicubic.obj
 0001:00000d00       ?__global_delete@@YAXPAXI@Z 10001d00 f i * CIL library *:* CIL module *
 0001:00000d00       @_guard_check_icall_nop@4  10001d00 f i LIBCMT:guard_support.obj
 0001:00000d10       ___local_stdio_printf_options 10001d10 f i era.obj
 0001:00000d20       _sprintf_s                 10001d20 f i era.obj
 0001:00000d50       ??0exception@std@@QAE@ABV01@@Z 10001d50 f i era.obj
 0001:00000d80       ?what@exception@std@@UBEPBDXZ 10001d80 f i era.obj
 0001:00000d90       ??_Ebad_alloc@std@@UAEPAXI@Z 10001d90 f i * CIL library *:* CIL module *
 0001:00000d90       ??_Ebad_array_new_length@std@@UAEPAXI@Z 10001d90 f i * CIL library *:* CIL module *
 0001:00000d90       ??_Ebad_cast@std@@UAEPAXI@Z 10001d90 f i * CIL library *:* CIL module *
 0001:00000d90       ??_Eexception@std@@UAEPAXI@Z 10001d90 f i * CIL library *:* CIL module *
 0001:00000d90       ??_Eruntime_error@std@@UAEPAXI@Z 10001d90 f i * CIL library *:* CIL module *
 0001:00000d90       ??_Gbad_alloc@std@@UAEPAXI@Z 10001d90 f i era.obj
 0001:00000d90       ??_Gbad_array_new_length@std@@UAEPAXI@Z 10001d90 f i era.obj
 0001:00000d90       ??_Gbad_cast@std@@UAEPAXI@Z 10001d90 f i ObjectsExtender.obj
 0001:00000d90       ??_Gexception@std@@UAEPAXI@Z 10001d90 f i era.obj
 0001:00000d90       ??_Gruntime_error@std@@UAEPAXI@Z 10001d90 f i ObjectsExtender.obj
 0001:00000dc0       ??1__non_rtti_object@std@@UAE@XZ 10001dc0 f i libvcruntime:rtti.obj
 0001:00000dc0       ??1bad_alloc@std@@UAE@XZ   10001dc0 f i era.obj
 0001:00000dc0       ??1bad_array_new_length@std@@UAE@XZ 10001dc0 f i era.obj
 0001:00000dc0       ??1bad_cast@std@@UAE@XZ    10001dc0 f i ObjectsExtender.obj
 0001:00000dc0       ??1bad_exception@std@@UAE@XZ 10001dc0 f i libvcruntime:frame.obj
 0001:00000dc0       ??1failure@ios_base@std@@UAE@XZ 10001dc0 f i ObjectsExtender.obj
 0001:00000dc0       ??1length_error@std@@UAE@XZ 10001dc0 f i libcpmt:xthrow.obj
 0001:00000dc0       ??1out_of_range@std@@UAE@XZ 10001dc0 f i libcpmt:xthrow.obj
 0001:00000dc0       ??1runtime_error@std@@UAE@XZ 10001dc0 f i ObjectsExtender.obj
 0001:00000dc0       ??1system_error@std@@UAE@XZ 10001dc0 f i ObjectsExtender.obj
 0001:00000de0       ??0bad_array_new_length@std@@QAE@XZ 10001de0 f i era.obj
 0001:00000e00       ?_Throw_bad_array_new_length@std@@YAXXZ 10001e00 f i era.obj
 0001:00000e00       ?__scrt_throw_std_bad_array_new_length@@YAXXZ 10001e00 f i LIBCMT:throw_bad_alloc.obj
 0001:00000e20       ??0bad_array_new_length@std@@QAE@ABV01@@Z 10001e20 f i era.obj
 0001:00000e60       ??0bad_alloc@std@@QAE@ABV01@@Z 10001e60 f i era.obj
 0001:00000ea0       ?_Xlen_string@std@@YAXXZ   10001ea0 f i era.obj
 0001:00000eb0       ??1?$basic_string@DU?$char_traits@D@std@@V?$allocator@D@2@@std@@QAE@XZ 10001eb0 f i era.obj
 0001:00000eb0       ??1?$pair@V?$basic_string@DU?$char_traits@D@std@@V?$allocator@D@2@@std@@I@std@@QAE@XZ 10001eb0 f i SoundManager.obj
 0001:00000eb0       ?_Tidy_deallocate@?$basic_string@DU?$char_traits@D@std@@V?$allocator@D@2@@std@@AAEXXZ 10001eb0 f i era.obj
 0001:00000f00       ??0?$basic_string@DU?$char_traits@D@std@@V?$allocator@D@2@@std@@QAE@QBD@Z 10001f00 f i era.obj
 0001:00000f40       ?deallocate@?$allocator@D@std@@QAEXQADI@Z 10001f40 f i era.obj
 0001:00000f80       ??$_Construct@$00PBD@?$basic_string@DU?$char_traits@D@std@@V?$allocator@D@2@@std@@AAEXQBDI@Z 10001f80 f i era.obj
 0001:00001010       ??0?$basic_string@DU?$char_traits@D@std@@V?$allocator@D@2@@std@@QAE@U_String_constructor_concat_tag@1@AAV01@1@Z 10002010 f i era.obj
 0001:000011a0       ??$_Allocate_for_capacity@$0A@@?$basic_string@DU?$char_traits@D@std@@V?$allocator@D@2@@std@@CAPADAAV?$allocator@D@1@AAI@Z 100021a0 f i era.obj
 0001:00001200       ??$_Allocate_at_least_helper@V?$allocator@D@std@@@std@@YAPADAAV?$allocator@D@0@AAI@Z 10002200 f i era.obj
 0001:00001250       __vsnprintf_l              10002250 f i dllmain.obj
 0001:00001290       _sprintf                   10002290 f i dllmain.obj
 0001:000012b0       _ceilf                     100022b0 f i SoundManager.obj
 0001:000012f0       ??1H3String@h3@@QAE@XZ     100022f0 f i SoundManager.obj
 0001:00001330       ?Format@H3String@h3@@SA?AU12@PBDZZ 10002330 f i SoundManager.obj
 0001:000013d0       ??1?$_Hash@V?$_Umap_traits@KHV?$_Uhash_compare@KU?$hash@K@std@@U?$equal_to@K@2@@std@@V?$allocator@U?$pair@$$CBKH@std@@@2@$0A@@std@@@std@@QAE@XZ 100023d0 f i SoundManager.obj
 0001:000013d0       ??1?$_Hash@V?$_Uset_traits@URMGObjectSetable@extender@@V?$_Uhash_compare@URMGObjectSetable@extender@@UHashFunction@12@U?$equal_to@URMGObjectSetable@extender@@@std@@@std@@V?$allocator@URMGObjectSetable@extender@@@4@$0A@@std@@@std@@QAE@XZ 100023d0 f i ObjectsExtender.obj
 0001:00001460       ??1?$unordered_map@V?$basic_string@DU?$char_traits@D@std@@V?$allocator@D@2@@std@@IU?$hash@V?$basic_string@DU?$char_traits@D@std@@V?$allocator@D@2@@std@@@2@U?$equal_to@V?$basic_string@DU?$char_traits@D@std@@V?$allocator@D@2@@std@@@2@V?$allocator@U?$pair@$$CBV?$basic_string@DU?$char_traits@D@std@@V?$allocator@D@2@@std@@I@std@@@2@@std@@QAE@XZ 10002460 f i SoundManager.obj
 0001:00001470       ??1?$_Hash@V?$_Umap_traits@V?$basic_string@DU?$char_traits@D@std@@V?$allocator@D@2@@std@@IV?$_Uhash_compare@V?$basic_string@DU?$char_traits@D@std@@V?$allocator@D@2@@std@@U?$hash@V?$basic_string@DU?$char_traits@D@std@@V?$allocator@D@2@@std@@@2@U?$equal_to@V?$basic_string@DU?$char_traits@D@std@@V?$allocator@D@2@@std@@@2@@2@V?$allocator@U?$pair@$$CBV?$basic_string@DU?$char_traits@D@std@@V?$allocator@D@2@@std@@I@std@@@2@$0A@@std@@@std@@QAE@XZ 10002470 f i SoundManager.obj
 0001:000014e0       ??1?$_Hash_vec@V?$allocator@V?$_List_unchecked_const_iterator@V?$_List_val@U?$_List_simple_types@I@std@@@std@@U_Iterator_base0@2@@std@@@std@@@std@@QAE@XZ 100024e0 f i RMGObjectsEditor.obj
 0001:000014e0       ??1?$_Hash_vec@V?$allocator@V?$_List_unchecked_const_iterator@V?$_List_val@U?$_List_simple_types@PBD@std@@@std@@U_Iterator_base0@2@@std@@@std@@@std@@QAE@XZ 100024e0 f i ObjectsExtender.obj
 0001:000014e0       ??1?$_Hash_vec@V?$allocator@V?$_List_unchecked_const_iterator@V?$_List_val@U?$_List_simple_types@URMGObjectSetable@extender@@@std@@@std@@U_Iterator_base0@2@@std@@@std@@@std@@QAE@XZ 100024e0 f i ObjectsExtender.obj
 0001:000014e0       ??1?$_Hash_vec@V?$allocator@V?$_List_unchecked_iterator@V?$_List_val@U?$_List_simple_types@U?$pair@$$CBKH@std@@@std@@@std@@@std@@@std@@@std@@QAE@XZ 100024e0 f i SoundManager.obj
 0001:000014e0       ??1?$_Hash_vec@V?$allocator@V?$_List_unchecked_iterator@V?$_List_val@U?$_List_simple_types@U?$pair@$$CBV?$basic_string@DU?$char_traits@D@std@@V?$allocator@D@2@@std@@I@std@@@std@@@std@@@std@@@std@@@std@@QAE@XZ 100024e0 f i SoundManager.obj
 0001:00001540       ??1?$list@U?$pair@$$CBV?$basic_string@DU?$char_traits@D@std@@V?$allocator@D@2@@std@@I@std@@V?$allocator@U?$pair@$$CBV?$basic_string@DU?$char_traits@D@std@@V?$allocator@D@2@@std@@I@std@@@2@@std@@QAE@XZ 10002540 f i SoundManager.obj
 0001:00001560       ??1?$list@U?$pair@$$CBKH@std@@V?$allocator@U?$pair@$$CBKH@std@@@2@@std@@QAE@XZ 10002560 f i SoundManager.obj
 0001:00001560       ??1?$list@URMGObjectSetable@extender@@V?$allocator@URMGObjectSetable@extender@@@std@@@std@@QAE@XZ 10002560 f i ObjectsExtender.obj
 0001:000015a0       ??1?$vector@HV?$allocator@H@std@@@std@@QAE@XZ 100025a0 f i SoundManager.obj
 0001:000015a0       ??1?$vector@PADV?$allocator@PAD@std@@@std@@QAE@XZ 100025a0 f i SoundManager.obj
 0001:000015a0       ??1?$vector@PAUH3DlgCaptionButton@h3@@V?$allocator@PAUH3DlgCaptionButton@h3@@@std@@@std@@QAE@XZ 100025a0 f i RMG_SettingsDlg.obj
 0001:000015a0       ??1?$vector@PAUH3DlgDef@h3@@V?$allocator@PAUH3DlgDef@h3@@@std@@@std@@QAE@XZ 100025a0 f i RMG_SettingsDlg.obj
 0001:000015a0       ??1?$vector@PAUH3DlgItem@h3@@V?$allocator@PAUH3DlgItem@h3@@@std@@@std@@QAE@XZ 100025a0 f i RMG_SettingsDlg.obj
 0001:000015a0       ??1?$vector@PAUH3WavFile@h3@@V?$allocator@PAUH3WavFile@h3@@@std@@@std@@QAE@XZ 100025a0 f i SoundManager.obj
 0001:000015a0       ??1?$vector@PAUObjectsPanel@RMG_SettingsDlg@rmgdlg@@V?$allocator@PAUObjectsPanel@RMG_SettingsDlg@rmgdlg@@@std@@@std@@QAE@XZ 100025a0 f i RMG_SettingsDlg.obj
 0001:000015a0       ??1?$vector@PAUPage@RMG_SettingsDlg@rmgdlg@@V?$allocator@PAUPage@RMG_SettingsDlg@rmgdlg@@@std@@@std@@QAE@XZ 100025a0 f i RMG_SettingsDlg.obj
 0001:000015a0       ?_Tidy@?$vector@HV?$allocator@H@std@@@std@@AAEXXZ 100025a0 f i SoundManager.obj
 0001:000015a0       ?_Tidy@?$vector@PADV?$allocator@PAD@std@@@std@@AAEXXZ 100025a0 f i SoundManager.obj
 0001:00001600       ??0?$basic_string@DU?$char_traits@D@std@@V?$allocator@D@2@@std@@QAE@ABV01@@Z 10002600 f i SoundManager.obj
 0001:000016b0       ?_Assign_grow@?$_Hash_vec@V?$allocator@V?$_List_unchecked_const_iterator@V?$_List_val@U?$_List_simple_types@I@std@@@std@@U_Iterator_base0@2@@std@@@std@@@std@@QAEXIV?$_List_unchecked_const_iterator@V?$_List_val@U?$_List_simple_types@I@std@@@std@@U_Iterator_base0@2@@2@@Z 100026b0 f i RMGObjectsEditor.obj
 0001:000016b0       ?_Assign_grow@?$_Hash_vec@V?$allocator@V?$_List_unchecked_const_iterator@V?$_List_val@U?$_List_simple_types@URMGObjectSetable@extender@@@std@@@std@@U_Iterator_base0@2@@std@@@std@@@std@@QAEXIV?$_List_unchecked_const_iterator@V?$_List_val@U?$_List_simple_types@URMGObjectSetable@extender@@@std@@@std@@U_Iterator_base0@2@@2@@Z 100026b0 f i ObjectsExtender.obj
 0001:000016b0       ?_Assign_grow@?$_Hash_vec@V?$allocator@V?$_List_unchecked_iterator@V?$_List_val@U?$_List_simple_types@U?$pair@$$CBKH@std@@@std@@@std@@@std@@@std@@@std@@QAEXIV?$_List_unchecked_iterator@V?$_List_val@U?$_List_simple_types@U?$pair@$$CBKH@std@@@std@@@std@@@2@@Z 100026b0 f i SoundManager.obj
 0001:000016b0       ?_Assign_grow@?$_Hash_vec@V?$allocator@V?$_List_unchecked_iterator@V?$_List_val@U?$_List_simple_types@U?$pair@$$CBV?$basic_string@DU?$char_traits@D@std@@V?$allocator@D@2@@std@@I@std@@@std@@@std@@@std@@@std@@@std@@QAEXIV?$_List_unchecked_iterator@V?$_List_val@U?$_List_simple_types@U?$pair@$$CBV?$basic_string@DU?$char_traits@D@std@@V?$allocator@D@2@@std@@I@std@@@std@@@std@@@2@@Z 100026b0 f i SoundManager.obj
 0001:000017a0       ??$_Reallocate@$00@?$vector@HV?$allocator@H@std@@@std@@AAEXAAI@Z 100027a0 f i CreatureBanksExtender.obj
 0001:000017a0       ??$_Reallocate@$00@?$vector@PADV?$allocator@PAD@std@@@std@@AAEXAAI@Z 100027a0 f i SoundManager.obj
 0001:000017a0       ??$_Reallocate@$0A@@?$vector@HV?$allocator@H@std@@@std@@AAEXAAI@Z 100027a0 f i CreatureBanksExtender.obj
 0001:000017a0       ??$_Reallocate@$0A@@?$vector@PAUH3DlgItem@h3@@V?$allocator@PAUH3DlgItem@h3@@@std@@@std@@AAEXAAI@Z 100027a0 f i RMG_SettingsDlg.obj
 0001:00001870       ??$_Free_non_head@V?$allocator@U?$_List_node@U?$pair@$$CBV?$basic_string@DU?$char_traits@D@std@@V?$allocator@D@2@@std@@I@std@@PAX@std@@@std@@@?$_List_node@U?$pair@$$CBV?$basic_string@DU?$char_traits@D@std@@V?$allocator@D@2@@std@@I@std@@PAX@std@@SAXAAV?$allocator@U?$_List_node@U?$pair@$$CBV?$basic_string@DU?$char_traits@D@std@@V?$allocator@D@2@@std@@I@std@@PAX@std@@@1@PAU01@@Z 10002870 f i SoundManager.obj
 0001:000018e0       ??$uninitialized_fill@PAV?$_List_unchecked_const_iterator@V?$_List_val@U?$_List_simple_types@I@std@@@std@@U_Iterator_base0@2@@std@@V12@@std@@YAXQAV?$_List_unchecked_const_iterator@V?$_List_val@U?$_List_simple_types@I@std@@@std@@U_Iterator_base0@2@@0@0ABV10@@Z 100028e0 f i RMGObjectsEditor.obj
 0001:000018e0       ??$uninitialized_fill@PAV?$_List_unchecked_const_iterator@V?$_List_val@U?$_List_simple_types@PBD@std@@@std@@U_Iterator_base0@2@@std@@V12@@std@@YAXQAV?$_List_unchecked_const_iterator@V?$_List_val@U?$_List_simple_types@PBD@std@@@std@@U_Iterator_base0@2@@0@0ABV10@@Z 100028e0 f i ObjectsExtender.obj
 0001:000018e0       ??$uninitialized_fill@PAV?$_List_unchecked_const_iterator@V?$_List_val@U?$_List_simple_types@URMGObjectSetable@extender@@@std@@@std@@U_Iterator_base0@2@@std@@V12@@std@@YAXQAV?$_List_unchecked_const_iterator@V?$_List_val@U?$_List_simple_types@URMGObjectSetable@extender@@@std@@@std@@U_Iterator_base0@2@@0@0ABV10@@Z 100028e0 f i ObjectsExtender.obj
 0001:000018e0       ??$uninitialized_fill@PAV?$_List_unchecked_iterator@V?$_List_val@U?$_List_simple_types@U?$pair@$$CBKH@std@@@std@@@std@@@std@@V12@@std@@YAXQAV?$_List_unchecked_iterator@V?$_List_val@U?$_List_simple_types@U?$pair@$$CBKH@std@@@std@@@std@@@0@0ABV10@@Z 100028e0 f i SoundManager.obj
 0001:000018e0       ??$uninitialized_fill@PAV?$_List_unchecked_iterator@V?$_List_val@U?$_List_simple_types@U?$pair@$$CBV?$basic_string@DU?$char_traits@D@std@@V?$allocator@D@2@@std@@I@std@@@std@@@std@@@std@@V12@@std@@YAXQAV?$_List_unchecked_iterator@V?$_List_val@U?$_List_simple_types@U?$pair@$$CBV?$basic_string@DU?$char_traits@D@std@@V?$allocator@D@2@@std@@I@std@@@std@@@std@@@0@0ABV10@@Z 100028e0 f i SoundManager.obj
 0001:00001900       ??$fill@PAV?$_List_unchecked_const_iterator@V?$_List_val@U?$_List_simple_types@I@std@@@std@@U_Iterator_base0@2@@std@@V12@@std@@YAXQAV?$_List_unchecked_const_iterator@V?$_List_val@U?$_List_simple_types@I@std@@@std@@U_Iterator_base0@2@@0@0ABV10@@Z 10002900 f i RMGObjectsEditor.obj
 0001:00001900       ??$fill@PAV?$_List_unchecked_const_iterator@V?$_List_val@U?$_List_simple_types@PBD@std@@@std@@U_Iterator_base0@2@@std@@V12@@std@@YAXQAV?$_List_unchecked_const_iterator@V?$_List_val@U?$_List_simple_types@PBD@std@@@std@@U_Iterator_base0@2@@0@0ABV10@@Z 10002900 f i ObjectsExtender.obj
 0001:00001900       ??$fill@PAV?$_List_unchecked_const_iterator@V?$_List_val@U?$_List_simple_types@URMGObjectSetable@extender@@@std@@@std@@U_Iterator_base0@2@@std@@V12@@std@@YAXQAV?$_List_unchecked_const_iterator@V?$_List_val@U?$_List_simple_types@URMGObjectSetable@extender@@@std@@@std@@U_Iterator_base0@2@@0@0ABV10@@Z 10002900 f i ObjectsExtender.obj
 0001:00001900       ??$fill@PAV?$_List_unchecked_iterator@V?$_List_val@U?$_List_simple_types@U?$pair@$$CBKH@std@@@std@@@std@@@std@@V12@@std@@YAXQAV?$_List_unchecked_iterator@V?$_List_val@U?$_List_simple_types@U?$pair@$$CBKH@std@@@std@@@std@@@0@0ABV10@@Z 10002900 f i SoundManager.obj
 0001:00001900       ??$fill@PAV?$_List_unchecked_iterator@V?$_List_val@U?$_List_simple_types@U?$pair@$$CBV?$basic_string@DU?$char_traits@D@std@@V?$allocator@D@2@@std@@I@std@@@std@@@std@@@std@@V12@@std@@YAXQAV?$_List_unchecked_iterator@V?$_List_val@U?$_List_simple_types@U?$pair@$$CBV?$basic_string@DU?$char_traits@D@std@@V?$allocator@D@2@@std@@I@std@@@std@@@std@@@0@0ABV10@@Z 10002900 f i SoundManager.obj
 0001:00001970       ?_Change_array@?$vector@HV?$allocator@H@std@@@std@@AAEXQAHII@Z 10002970 f i SoundManager.obj
 0001:00001970       ?_Change_array@?$vector@PADV?$allocator@PAD@std@@@std@@AAEXQAPADII@Z 10002970 f i SoundManager.obj
 0001:00001970       ?_Change_array@?$vector@PAUH3DlgItem@h3@@V?$allocator@PAUH3DlgItem@h3@@@std@@@std@@AAEXQAPAUH3DlgItem@h3@@II@Z 10002970 f i RMG_SettingsDlg.obj
 0001:00001970       ?_Change_array@?$vector@PAUPage@RMG_SettingsDlg@rmgdlg@@V?$allocator@PAUPage@RMG_SettingsDlg@rmgdlg@@@std@@@std@@AAEXQAPAUPage@RMG_SettingsDlg@rmgdlg@@II@Z 10002970 f i RMG_SettingsDlg.obj
 0001:000019d0       ??$emplace@U?$pair@V?$basic_string@DU?$char_traits@D@std@@V?$allocator@D@2@@std@@I@std@@@?$_Hash@V?$_Umap_traits@V?$basic_string@DU?$char_traits@D@std@@V?$allocator@D@2@@std@@IV?$_Uhash_compare@V?$basic_string@DU?$char_traits@D@std@@V?$allocator@D@2@@std@@U?$hash@V?$basic_string@DU?$char_traits@D@std@@V?$allocator@D@2@@std@@@2@U?$equal_to@V?$basic_string@DU?$char_traits@D@std@@V?$allocator@D@2@@std@@@2@@2@V?$allocator@U?$pair@$$CBV?$basic_string@DU?$char_traits@D@std@@V?$allocator@D@2@@std@@I@std@@@2@$0A@@std@@@std@@QAE?AU?$pair@V?$_List_iterator@V?$_List_val@U?$_List_simple_types@U?$pair@$$CBV?$basic_string@DU?$char_traits@D@std@@V?$allocator@D@2@@std@@I@std@@@std@@@std@@@std@@_N@1@$$QAU?$pair@V?$basic_string@DU?$char_traits@D@std@@V?$allocator@D@2@@std@@I@1@@Z 100029d0 f i SoundManager.obj
 0001:00001ba0       ??$emplace@U?$pair@PBDI@std@@@?$_Hash@V?$_Umap_traits@V?$basic_string@DU?$char_traits@D@std@@V?$allocator@D@2@@std@@IV?$_Uhash_compare@V?$basic_string@DU?$char_traits@D@std@@V?$allocator@D@2@@std@@U?$hash@V?$basic_string@DU?$char_traits@D@std@@V?$allocator@D@2@@std@@@2@U?$equal_to@V?$basic_string@DU?$char_traits@D@std@@V?$allocator@D@2@@std@@@2@@2@V?$allocator@U?$pair@$$CBV?$basic_string@DU?$char_traits@D@std@@V?$allocator@D@2@@std@@I@std@@@2@$0A@@std@@@std@@QAE?AU?$pair@V?$_List_iterator@V?$_List_val@U?$_List_simple_types@U?$pair@$$CBV?$basic_string@DU?$char_traits@D@std@@V?$allocator@D@2@@std@@I@std@@@std@@@std@@@std@@_N@1@$$QAU?$pair@PBDI@1@@Z 10002ba0 f i SoundManager.obj
 0001:00001de0       ??$_Emplace_reallocate@AAH@?$vector@HV?$allocator@H@std@@@std@@AAEPAHQAHAAH@Z 10002de0 f i CreatureBanksExtender.obj
 0001:00001de0       ??$_Emplace_reallocate@AAPAD@?$vector@PADV?$allocator@PAD@std@@@std@@AAEPAPADQAPADAAPAD@Z 10002de0 f i SoundManager.obj
 0001:00001de0       ??$_Emplace_reallocate@AAPAUH3DlgDef@h3@@@?$vector@PAUH3DlgItem@h3@@V?$allocator@PAUH3DlgItem@h3@@@std@@@std@@AAEPAPAUH3DlgItem@h3@@QAPAU23@AAPAUH3DlgDef@3@@Z 10002de0 f i RMG_SettingsDlg.obj
 0001:00001de0       ??$_Emplace_reallocate@AAPAUH3DlgDefButton@h3@@@?$vector@PAUH3DlgItem@h3@@V?$allocator@PAUH3DlgItem@h3@@@std@@@std@@AAEPAPAUH3DlgItem@h3@@QAPAU23@AAPAUH3DlgDefButton@3@@Z 10002de0 f i RMG_SettingsDlg.obj
 0001:00001de0       ??$_Emplace_reallocate@AAPAUH3DlgEdit@h3@@@?$vector@PAUH3DlgItem@h3@@V?$allocator@PAUH3DlgItem@h3@@@std@@@std@@AAEPAPAUH3DlgItem@h3@@QAPAU23@AAPAUH3DlgEdit@3@@Z 10002de0 f i RMG_SettingsDlg.obj
 0001:00001de0       ??$_Emplace_reallocate@AAPAUH3DlgFrame@h3@@@?$vector@PAUH3DlgItem@h3@@V?$allocator@PAUH3DlgItem@h3@@@std@@@std@@AAEPAPAUH3DlgItem@h3@@QAPAU23@AAPAUH3DlgFrame@3@@Z 10002de0 f i RMG_SettingsDlg.obj
 0001:00001de0       ??$_Emplace_reallocate@AAPAUH3DlgPcx16@h3@@@?$vector@PAUH3DlgItem@h3@@V?$allocator@PAUH3DlgItem@h3@@@std@@@std@@AAEPAPAUH3DlgItem@h3@@QAPAU23@AAPAUH3DlgPcx16@3@@Z 10002de0 f i RMG_SettingsDlg.obj
 0001:00001de0       ??$_Emplace_reallocate@AAPAUH3DlgText@h3@@@?$vector@PAUH3DlgItem@h3@@V?$allocator@PAUH3DlgItem@h3@@@std@@@std@@AAEPAPAUH3DlgItem@h3@@QAPAU23@AAPAUH3DlgText@3@@Z 10002de0 f i RMG_SettingsDlg.obj
 0001:00001de0       ??$_Emplace_reallocate@PAUBanksPage@RMG_SettingsDlg@rmgdlg@@@?$vector@PAUPage@RMG_SettingsDlg@rmgdlg@@V?$allocator@PAUPage@RMG_SettingsDlg@rmgdlg@@@std@@@std@@AAEPAPAUPage@RMG_SettingsDlg@rmgdlg@@QAPAU234@$$QAPAUBanksPage@34@@Z 10002de0 f i RMG_SettingsDlg.obj
 0001:00001de0       ??$_Emplace_reallocate@PAUH3DlgFrame@h3@@@?$vector@PAUH3DlgItem@h3@@V?$allocator@PAUH3DlgItem@h3@@@std@@@std@@AAEPAPAUH3DlgItem@h3@@QAPAU23@$$QAPAUH3DlgFrame@3@@Z 10002de0 f i RMG_SettingsDlg.obj
 0001:00001de0       ??$_Emplace_reallocate@PAUObjectsPage@RMG_SettingsDlg@rmgdlg@@@?$vector@PAUPage@RMG_SettingsDlg@rmgdlg@@V?$allocator@PAUPage@RMG_SettingsDlg@rmgdlg@@@std@@@std@@AAEPAPAUPage@RMG_SettingsDlg@rmgdlg@@QAPAU234@$$QAPAUObjectsPage@34@@Z 10002de0 f i RMG_SettingsDlg.obj
 0001:00001f10       ??$emplace@U?$pair@KH@std@@@?$_Hash@V?$_Umap_traits@KHV?$_Uhash_compare@KU?$hash@K@std@@U?$equal_to@K@2@@std@@V?$allocator@U?$pair@$$CBKH@std@@@2@$0A@@std@@@std@@QAE?AU?$pair@V?$_List_iterator@V?$_List_val@U?$_List_simple_types@U?$pair@$$CBKH@std@@@std@@@std@@@std@@_N@1@$$QAU?$pair@KH@1@@Z 10002f10 f i SoundManager.obj
 0001:000020e0       ??$_Resize_reallocate@H@?$vector@HV?$allocator@H@std@@@std@@AAEXIABH@Z 100030e0 f i SoundManager.obj
 0001:000021c0       ??$_Uninitialized_fill_n@V?$allocator@H@std@@@std@@YAPAHPAHIABHAAV?$allocator@H@0@@Z 100031c0 f i SoundManager.obj
 0001:000021c0       ??$_Uninitialized_fill_n@V?$allocator@PAUH3WavFile@h3@@@std@@@std@@YAPAPAUH3WavFile@h3@@PAPAU12@IABQAU12@AAV?$allocator@PAUH3WavFile@h3@@@0@@Z 100031c0 f i SoundManager.obj
 0001:00002220       ??$_Resize_reallocate@PAUH3WavFile@h3@@@?$vector@PAUH3WavFile@h3@@V?$allocator@PAUH3WavFile@h3@@@std@@@std@@AAEXIABQAUH3WavFile@h3@@@Z 10003220 f i SoundManager.obj
 0001:00002340       ??$_Resize_reallocate@U_Value_init_tag@std@@@?$vector@PADV?$allocator@PAD@std@@@std@@AAEXIABU_Value_init_tag@1@@Z 10003340 f i SoundManager.obj
 0001:00002420       ??1?$_Alloc_construct_ptr@V?$allocator@U?$_List_node@U?$pair@$$CBKH@std@@PAX@std@@@std@@@std@@QAE@XZ 10003420 f i SoundManager.obj
 0001:00002420       ??1?$_Alloc_construct_ptr@V?$allocator@U?$_List_node@URMGObjectSetable@extender@@PAX@std@@@std@@@std@@QAE@XZ 10003420 f i ObjectsExtender.obj
 0001:00002420       ??1?$_List_node_emplace_op2@V?$allocator@U?$_List_node@U?$pair@$$CBKH@std@@PAX@std@@@std@@@std@@QAE@XZ 10003420 f i SoundManager.obj
 0001:00002420       ??1?$_List_node_emplace_op2@V?$allocator@U?$_List_node@URMGObjectSetable@extender@@PAX@std@@@std@@@std@@QAE@XZ 10003420 f i ObjectsExtender.obj
 0001:00002440       ??1?$_List_node_emplace_op2@V?$allocator@U?$_List_node@U?$pair@$$CBV?$basic_string@DU?$char_traits@D@std@@V?$allocator@D@2@@std@@I@std@@PAX@std@@@std@@@std@@QAE@XZ 10003440 f i SoundManager.obj
 0001:000024b0       ?_Rehash_for_1@?$_Hash@V?$_Umap_traits@V?$basic_string@DU?$char_traits@D@std@@V?$allocator@D@2@@std@@IV?$_Uhash_compare@V?$basic_string@DU?$char_traits@D@std@@V?$allocator@D@2@@std@@U?$hash@V?$basic_string@DU?$char_traits@D@std@@V?$allocator@D@2@@std@@@2@U?$equal_to@V?$basic_string@DU?$char_traits@D@std@@V?$allocator@D@2@@std@@@2@@2@V?$allocator@U?$pair@$$CBV?$basic_string@DU?$char_traits@D@std@@V?$allocator@D@2@@std@@I@std@@@2@$0A@@std@@@std@@IAEXXZ 100034b0 f i SoundManager.obj
 0001:00002510       ?_Xlength@?$vector@HV?$allocator@H@std@@@std@@CAXXZ 10003510 f i SoundManager.obj
 0001:00002510       ?_Xlength@?$vector@PADV?$allocator@PAD@std@@@std@@CAXXZ 10003510 f i SoundManager.obj
 0001:00002510       ?_Xlength@?$vector@PAUH3DlgDef@h3@@V?$allocator@PAUH3DlgDef@h3@@@std@@@std@@CAXXZ 10003510 f i RMG_SettingsDlg.obj
 0001:00002510       ?_Xlength@?$vector@PAUH3DlgItem@h3@@V?$allocator@PAUH3DlgItem@h3@@@std@@@std@@CAXXZ 10003510 f i RMG_SettingsDlg.obj
 0001:00002510       ?_Xlength@?$vector@PAUH3WavFile@h3@@V?$allocator@PAUH3WavFile@h3@@@std@@@std@@CAXXZ 10003510 f i SoundManager.obj
 0001:00002510       ?_Xlength@?$vector@PAUObjectsPanel@RMG_SettingsDlg@rmgdlg@@V?$allocator@PAUObjectsPanel@RMG_SettingsDlg@rmgdlg@@@std@@@std@@CAXXZ 10003510 f i RMG_SettingsDlg.obj
 0001:00002510       ?_Xlength@?$vector@PAUPage@RMG_SettingsDlg@rmgdlg@@V?$allocator@PAUPage@RMG_SettingsDlg@rmgdlg@@@std@@@std@@CAXXZ 10003510 f i RMG_SettingsDlg.obj
 0001:00002510       ?_Xlength@?$vector@PAV?$vector@U?$pair@UH3ObjectAttributes@h3@@PAUH3LoadedPcx16@2@@std@@V?$allocator@U?$pair@UH3ObjectAttributes@h3@@PAUH3LoadedPcx16@2@@std@@@2@@std@@V?$allocator@PAV?$vector@U?$pair@UH3ObjectAttributes@h3@@PAUH3LoadedPcx16@2@@std@@V?$allocator@U?$pair@UH3ObjectAttributes@h3@@PAUH3LoadedPcx16@2@@std@@@2@@std@@@2@@std@@CAXXZ 10003510 f i RMG_SettingsDlg.obj
 0001:00002510       ?_Xlength@?$vector@PAVObjectsExtender@extender@@V?$allocator@PAVObjectsExtender@extender@@@std@@@std@@CAXXZ 10003510 f i ObjectsExtender.obj
 0001:00002510       ?_Xlength@?$vector@U?$pair@UH3ObjectAttributes@h3@@PAUH3LoadedPcx16@2@@std@@V?$allocator@U?$pair@UH3ObjectAttributes@h3@@PAUH3LoadedPcx16@2@@std@@@2@@std@@CAXXZ 10003510 f i RMG_SettingsDlg.obj
 0001:00002510       ?_Xlength@?$vector@UH3CreatureBankSetup@h3@@V?$allocator@UH3CreatureBankSetup@h3@@@std@@@std@@CAXXZ 10003510 f i CreatureBanksExtender.obj
 0001:00002510       ?_Xlength@?$vector@UObjectSound@SoundManager@sound@@V?$allocator@UObjectSound@SoundManager@sound@@@std@@@std@@CAXXZ 10003510 f i ObjectsExtender.obj
 0001:00002510       ?_Xlength@?$vector@URMGObjectInfo@@V?$allocator@URMGObjectInfo@@@std@@@std@@CAXXZ 10003510 f i ObjectsExtender.obj
 0001:00002510       ?_Xlength@?$vector@V?$array@H$04@std@@V?$allocator@V?$array@H$04@std@@@2@@std@@CAXXZ 10003510 f i CreatureBanksExtender.obj
 0001:00002510       ?_Xlength@?$vector@V?$basic_string@DU?$char_traits@D@std@@V?$allocator@D@2@@std@@V?$allocator@V?$basic_string@DU?$char_traits@D@std@@V?$allocator@D@2@@std@@@2@@std@@CAXXZ 10003510 f i ObjectsExtender.obj
 0001:00002510       ?_Xlength@?$vector@VRMGObject@rmgdlg@@V?$allocator@VRMGObject@rmgdlg@@@std@@@std@@CAXXZ 10003510 f i RMG_SettingsDlg.obj
 0001:00002520       ??1?$_Alloc_construct_ptr@V?$allocator@U?$_List_node@U?$pair@$$CBV?$basic_string@DU?$char_traits@D@std@@V?$allocator@D@2@@std@@I@std@@PAX@std@@@std@@@std@@QAE@XZ 10003520 f i SoundManager.obj
 0001:00002540       ?_Forced_rehash@?$_Hash@V?$_Umap_traits@V?$basic_string@DU?$char_traits@D@std@@V?$allocator@D@2@@std@@IV?$_Uhash_compare@V?$basic_string@DU?$char_traits@D@std@@V?$allocator@D@2@@std@@U?$hash@V?$basic_string@DU?$char_traits@D@std@@V?$allocator@D@2@@std@@@2@U?$equal_to@V?$basic_string@DU?$char_traits@D@std@@V?$allocator@D@2@@std@@@2@@2@V?$allocator@U?$pair@$$CBV?$basic_string@DU?$char_traits@D@std@@V?$allocator@D@2@@std@@I@std@@@2@$0A@@std@@@std@@IAEXI@Z 10003540 f i SoundManager.obj
 0001:00002860       ?_Forced_rehash@?$_Hash@V?$_Umap_traits@KHV?$_Uhash_compare@KU?$hash@K@std@@U?$equal_to@K@2@@std@@V?$allocator@U?$pair@$$CBKH@std@@@2@$0A@@std@@@std@@IAEXI@Z 10003860 f i SoundManager.obj
 0001:000029d0       ??$_Find_last@V?$basic_string@DU?$char_traits@D@std@@V?$allocator@D@2@@std@@@?$_Hash@V?$_Umap_traits@V?$basic_string@DU?$char_traits@D@std@@V?$allocator@D@2@@std@@IV?$_Uhash_compare@V?$basic_string@DU?$char_traits@D@std@@V?$allocator@D@2@@std@@U?$hash@V?$basic_string@DU?$char_traits@D@std@@V?$allocator@D@2@@std@@@2@U?$equal_to@V?$basic_string@DU?$char_traits@D@std@@V?$allocator@D@2@@std@@@2@@2@V?$allocator@U?$pair@$$CBV?$basic_string@DU?$char_traits@D@std@@V?$allocator@D@2@@std@@I@std@@@2@$0A@@std@@@std@@IBE?AU?$_Hash_find_last_result@PAU?$_List_node@U?$pair@$$CBV?$basic_string@DU?$char_traits@D@std@@V?$allocator@D@2@@std@@I@std@@PAX@std@@@1@ABV?$basic_string@DU?$char_traits@D@std@@V?$allocator@D@2@@1@I@Z 100039d0 f i SoundManager.obj
 0001:00002ac0       ??$_Find_last@I@?$_Hash@V?$_Uset_traits@IV?$_Uhash_compare@IU?$hash@I@std@@U?$equal_to@I@2@@std@@V?$allocator@I@2@$0A@@std@@@std@@IBE?AU?$_Hash_find_last_result@PAU?$_List_node@IPAX@std@@@1@ABII@Z 10003ac0 f i RMGObjectsEditor.obj
 0001:00002ac0       ??$_Find_last@K@?$_Hash@V?$_Umap_traits@KHV?$_Uhash_compare@KU?$hash@K@std@@U?$equal_to@K@2@@std@@V?$allocator@U?$pair@$$CBKH@std@@@2@$0A@@std@@@std@@IBE?AU?$_Hash_find_last_result@PAU?$_List_node@U?$pair@$$CBKH@std@@PAX@std@@@1@ABKI@Z 10003ac0 f i SoundManager.obj
 0001:00002ac0       ??$_Find_last@PBD@?$_Hash@V?$_Uset_traits@PBDV?$_Uhash_compare@PBDU?$hash@PBD@std@@U?$equal_to@PBD@2@@std@@V?$allocator@PBD@2@$0A@@std@@@std@@IBE?AU?$_Hash_find_last_result@PAU?$_List_node@PBDPAX@std@@@1@ABQBDI@Z 10003ac0 f i ObjectsExtender.obj
 0001:00002b30       ?Show@H3Messagebox@h3@@SAXPBDABUH3PictureCategories@2@11@Z 10003b30 f i ColosseumOfTheMagiExtender.obj
 0001:00002b60       ??_EColosseumOfTheMagiExtender@colosseumOfTheMagi@@EAEPAXI@Z 10003b60 f i * CIL library *:* CIL module *
 0001:00002b60       ??_EGazeboExtender@gazebo@@EAEPAXI@Z 10003b60 f i * CIL library *:* CIL module *
 0001:00002b60       ??_EObjectsExtender@extender@@MAEPAXI@Z 10003b60 f i * CIL library *:* CIL module *
 0001:00002b60       ??_EShrinesExternder@shrines@@EAEPAXI@Z 10003b60 f i * CIL library *:* CIL module *
 0001:00002b60       ??_EWarehousesExtender@warehouses@@EAEPAXI@Z 10003b60 f i * CIL library *:* CIL module *
 0001:00002b60       ??_EWoGObjectsExtender@wog@@EAEPAXI@Z 10003b60 f i * CIL library *:* CIL module *
 0001:00002b60       ??_GColosseumOfTheMagiExtender@colosseumOfTheMagi@@EAEPAXI@Z 10003b60 f i ColosseumOfTheMagiExtender.obj
 0001:00002b60       ??_GGazeboExtender@gazebo@@EAEPAXI@Z 10003b60 f i GazeboExtender.obj
 0001:00002b60       ??_GObjectsExtender@extender@@MAEPAXI@Z 10003b60 f i ObjectsExtender.obj
 0001:00002b60       ??_GShrinesExternder@shrines@@EAEPAXI@Z 10003b60 f i ShrinesExternder.obj
 0001:00002b60       ??_GWarehousesExtender@warehouses@@EAEPAXI@Z 10003b60 f i WarehousesExtender.obj
 0001:00002b60       ??_GWoGObjectsExtender@wog@@EAEPAXI@Z 10003b60 f i WoGObjectsExtender.obj
 0001:00002bb0       ??_ECreatureBanksExtender@cbanks@@EAEPAXI@Z 10003bb0 f i * CIL library *:* CIL module *
 0001:00002bb0       ??_GCreatureBanksExtender@cbanks@@EAEPAXI@Z 10003bb0 f i CreatureBanksExtender.obj
 0001:00002c10       ??1CreatureBank@CreatureBanksExtender@cbanks@@QAE@XZ 10003c10 f i CreatureBanksExtender.obj
 0001:00002cc0       ??0H3CreatureBankSetup@h3@@QAE@XZ 10003cc0 f i CreatureBanksExtender.obj
 0001:00002d70       ??1?$pair@UH3ObjectAttributes@h3@@$$T@std@@QAE@XZ 10003d70 f i RMG_SettingsDlg.obj
 0001:00002d70       ??1H3CreatureBankSetup@h3@@QAE@XZ 10003d70 f i CreatureBanksExtender.obj
 0001:00002db0       ?_Tidy@?$vector@UH3CreatureBankSetup@h3@@V?$allocator@UH3CreatureBankSetup@h3@@@std@@@std@@AAEXXZ 10003db0 f i CreatureBanksExtender.obj
 0001:00002e20       ?_Tidy@?$vector@V?$array@H$04@std@@V?$allocator@V?$array@H$04@std@@@2@@std@@AAEXXZ 10003e20 f i CreatureBanksExtender.obj
 0001:00002e90       ?deallocate@?$allocator@UH3CreatureBankSetup@h3@@@std@@QAEXQAUH3CreatureBankSetup@h3@@I@Z 10003e90 f i CreatureBanksExtender.obj
 0001:00002ed0       ??$_Reallocate@$00@?$vector@UH3CreatureBankSetup@h3@@V?$allocator@UH3CreatureBankSetup@h3@@@std@@@std@@AAEXAAI@Z 10003ed0 f i CreatureBanksExtender.obj
 0001:00002ed0       ??$_Reallocate@$0A@@?$vector@UH3CreatureBankSetup@h3@@V?$allocator@UH3CreatureBankSetup@h3@@@std@@@std@@AAEXAAI@Z 10003ed0 f i CreatureBanksExtender.obj
 0001:00002fa0       ??$_Reallocate@$00@?$vector@V?$array@H$04@std@@V?$allocator@V?$array@H$04@std@@@2@@std@@AAEXAAI@Z 10003fa0 f i CreatureBanksExtender.obj
 0001:00002fa0       ??$_Reallocate@$0A@@?$vector@V?$array@H$04@std@@V?$allocator@V?$array@H$04@std@@@2@@std@@AAEXAAI@Z 10003fa0 f i CreatureBanksExtender.obj
 0001:00003000       ??$_Destroy_range@V?$allocator@UH3CreatureBankSetup@h3@@@std@@@std@@YAXPAUH3CreatureBankSetup@h3@@QAU12@AAV?$allocator@UH3CreatureBankSetup@h3@@@0@@Z 10004000 f i CreatureBanksExtender.obj
 0001:00003070       ?_Change_array@?$vector@UH3CreatureBankSetup@h3@@V?$allocator@UH3CreatureBankSetup@h3@@@std@@@std@@AAEXQAUH3CreatureBankSetup@h3@@II@Z 10004070 f i CreatureBanksExtender.obj
 0001:000030f0       ?allocate@?$allocator@UH3CreatureBankSetup@h3@@@std@@QAEPAUH3CreatureBankSetup@h3@@I@Z 100040f0 f i CreatureBanksExtender.obj
 0001:00003150       ?_Change_array@?$vector@V?$array@H$04@std@@V?$allocator@V?$array@H$04@std@@@2@@std@@AAEXQAV?$array@H$04@2@II@Z 10004150 f i CreatureBanksExtender.obj
 0001:000031d0       ?allocate@?$allocator@V?$array@H$04@std@@@std@@QAEPAV?$array@H$04@2@I@Z 100041d0 f i CreatureBanksExtender.obj
 0001:00003230       ??$_Emplace_reallocate@AAUH3CreatureBankSetup@h3@@@?$vector@UH3CreatureBankSetup@h3@@V?$allocator@UH3CreatureBankSetup@h3@@@std@@@std@@AAEPAUH3CreatureBankSetup@h3@@QAU23@AAU23@@Z 10004230 f i CreatureBanksExtender.obj
 0001:00003380       ??$_Emplace_reallocate@AAV?$array@H$04@std@@@?$vector@V?$array@H$04@std@@V?$allocator@V?$array@H$04@std@@@2@@std@@AAEPAV?$array@H$04@1@QAV21@AAV21@@Z 10004380 f i CreatureBanksExtender.obj
 0001:00003490       ??$_Uninitialized_copy@PAUH3CreatureBankSetup@h3@@PAU12@V?$allocator@UH3CreatureBankSetup@h3@@@std@@@std@@YAPAUH3CreatureBankSetup@h3@@PAU12@00AAV?$allocator@UH3CreatureBankSetup@h3@@@0@@Z 10004490 f i CreatureBanksExtender.obj
 0001:00003510       ??$_Resize_reallocate@U_Value_init_tag@std@@@?$vector@UH3CreatureBankSetup@h3@@V?$allocator@UH3CreatureBankSetup@h3@@@std@@@std@@AAEXIABU_Value_init_tag@1@@Z 10004510 f i CreatureBanksExtender.obj
 0001:00003640       ??$_Uninitialized_value_construct_n@V?$allocator@UH3CreatureBankSetup@h3@@@std@@@std@@YAPAUH3CreatureBankSetup@h3@@PAU12@IAAV?$allocator@UH3CreatureBankSetup@h3@@@0@@Z 10004640 f i CreatureBanksExtender.obj
 0001:000036b0       ??$_Resize_reallocate@U_Value_init_tag@std@@@?$vector@V?$array@H$04@std@@V?$allocator@V?$array@H$04@std@@@2@@std@@AAEXIABU_Value_init_tag@1@@Z 100046b0 f i CreatureBanksExtender.obj
 0001:00003780       ??$_Resize_reallocate@U_Value_init_tag@std@@@?$vector@HV?$allocator@H@std@@@std@@AAEXIABU_Value_init_tag@1@@Z 10004780 f i CreatureBanksExtender.obj
 0001:00003870       ??1?$_Uninitialized_backout_al@V?$allocator@UH3CreatureBankSetup@h3@@@std@@@std@@QAE@XZ 10004870 f i CreatureBanksExtender.obj
 0001:000038e0       ??$construct@UH3CreatureBankSetup@h3@@AAU12@@?$_Default_allocator_traits@V?$allocator@UH3CreatureBankSetup@h3@@@std@@@std@@SAXAAV?$allocator@UH3CreatureBankSetup@h3@@@1@QAUH3CreatureBankSetup@h3@@AAU34@@Z 100048e0 f i CreatureBanksExtender.obj
 0001:00003a20       ??$_Uninitialized_move@PAUH3CreatureBankSetup@h3@@V?$allocator@UH3CreatureBankSetup@h3@@@std@@@std@@YAPAUH3CreatureBankSetup@h3@@QAU12@0PAU12@AAV?$allocator@UH3CreatureBankSetup@h3@@@0@@Z 10004a20 f i CreatureBanksExtender.obj
 0001:00003bd0       ?Reserve@?$H3Vector@V?$array@H$01@std@@@h3@@QAEHI@Z 10004bd0 f i CreatureBanksExtender.obj
 0001:00003cc0       ?Choice@H3Messagebox@h3@@SAHABUH3String@2@ABUH3PictureCategories@2@11@Z 10004cc0 f i GazeboExtender.obj
 0001:00003d10       ?sprintf@libc@h3@@YAHPADPBDZZ 10004d10 f i WarehousesExtender.obj
 0001:00003d30       ??0exception@std@@QAE@QBD@Z 10004d30 f i ObjectsExtender.obj
 0001:00003d70       ??0runtime_error@std@@QAE@ABV01@@Z 10004d70 f i ObjectsExtender.obj
 0001:00003db0       ?default_error_condition@error_category@std@@UBE?AVerror_condition@2@H@Z 10004db0 f i ObjectsExtender.obj
 0001:00003dd0       ?equivalent@error_category@std@@UBE_NHABVerror_condition@2@@Z 10004dd0 f i ObjectsExtender.obj
 0001:00003e10       ?equivalent@error_category@std@@UBE_NABVerror_code@2@H@Z 10004e10 f i ObjectsExtender.obj
 0001:00003e40       ?make_error_code@std@@YA?AVerror_code@1@W4io_errc@1@@Z 10004e40 f i ObjectsExtender.obj
 0001:00003e60       ??0_System_error@std@@IAE@Verror_code@1@ABV?$basic_string@DU?$char_traits@D@std@@V?$allocator@D@2@@1@@Z 10004e60 f i ObjectsExtender.obj
 0001:00003ff0       ??_E_System_error@std@@UAEPAXI@Z 10004ff0 f i * CIL library *:* CIL module *
 0001:00003ff0       ??_Efailure@ios_base@std@@UAEPAXI@Z 10004ff0 f i * CIL library *:* CIL module *
 0001:00003ff0       ??_Esystem_error@std@@UAEPAXI@Z 10004ff0 f i * CIL library *:* CIL module *
 0001:00003ff0       ??_G_System_error@std@@UAEPAXI@Z 10004ff0 f i ObjectsExtender.obj
 0001:00003ff0       ??_Gfailure@ios_base@std@@UAEPAXI@Z 10004ff0 f i ObjectsExtender.obj
 0001:00003ff0       ??_Gsystem_error@std@@UAEPAXI@Z 10004ff0 f i ObjectsExtender.obj
 0001:00004020       ??0system_error@std@@QAE@ABV01@@Z 10005020 f i ObjectsExtender.obj
 0001:00004070       ??0_System_error@std@@QAE@ABV01@@Z 10005070 f i ObjectsExtender.obj
 0001:000040c0       ?name@_Iostream_error_category2@std@@UBEPBDXZ 100050c0 f i ObjectsExtender.obj
 0001:000040d0       ?message@_Iostream_error_category2@std@@UBE?AV?$basic_string@DU?$char_traits@D@std@@V?$allocator@D@2@@2@H@Z 100050d0 f i ObjectsExtender.obj
 0001:00004190       ??_E_Iostream_error_category2@std@@UAEPAXI@Z 10005190 f i * CIL library *:* CIL module *
 0001:00004190       ??_G_Iostream_error_category2@std@@UAEPAXI@Z 10005190 f i ObjectsExtender.obj
 0001:000041b0       ??0bad_cast@std@@QAE@XZ    100051b0 f i ObjectsExtender.obj
 0001:000041d0       ?_Throw_bad_cast@std@@YAXXZ 100051d0 f i ObjectsExtender.obj
 0001:000041f0       ??0bad_cast@std@@QAE@ABV01@@Z 100051f0 f i ObjectsExtender.obj
 0001:00004230       ??_E_Facet_base@std@@UAEPAXI@Z 10005230 f i * CIL library *:* CIL module *
 0001:00004230       ??_G_Facet_base@std@@UAEPAXI@Z 10005230 f i ObjectsExtender.obj
 0001:00004260       ?_Incref@facet@locale@std@@UAEXXZ 10005260 f i ObjectsExtender.obj
 0001:00004270       ?_Decref@facet@locale@std@@UAEPAV_Facet_base@3@XZ 10005270 f i ObjectsExtender.obj
 0001:00004290       ??1locale@std@@QAE@XZ      10005290 f i ObjectsExtender.obj
 0001:000042b0       ?_Getcat@?$ctype@D@std@@SAIPAPBVfacet@locale@2@PBV42@@Z 100052b0 f i ObjectsExtender.obj
 0001:00004470       ?do_tolower@?$ctype@D@std@@MBEDD@Z 10005470 f i ObjectsExtender.obj
 0001:00004490       ?do_tolower@?$ctype@D@std@@MBEPBDPADPBD@Z 10005490 f i ObjectsExtender.obj
 0001:000044c0       ?do_toupper@?$ctype@D@std@@MBEDD@Z 100054c0 f i ObjectsExtender.obj
 0001:000044e0       ?do_toupper@?$ctype@D@std@@MBEPBDPADPBD@Z 100054e0 f i ObjectsExtender.obj
 0001:00004510       ?do_widen@?$ctype@D@std@@MBEDD@Z 10005510 f i ObjectsExtender.obj
 0001:00004520       ?do_widen@?$ctype@D@std@@MBEPBDPBD0PAD@Z 10005520 f i ObjectsExtender.obj
 0001:00004540       ?do_narrow@?$ctype@D@std@@MBEDDD@Z 10005540 f i ObjectsExtender.obj
 0001:00004550       ?do_narrow@?$ctype@D@std@@MBEPBDPBD0DPAD@Z 10005550 f i ObjectsExtender.obj
 0001:00004570       ??_E?$ctype@D@std@@MAEPAXI@Z 10005570 f i * CIL library *:* CIL module *
 0001:00004570       ??_G?$ctype@D@std@@MAEPAXI@Z 10005570 f i ObjectsExtender.obj
 0001:000045d0       ??0failure@ios_base@std@@QAE@PBDABVerror_code@2@@Z 100055d0 f i ObjectsExtender.obj
 0001:000046b0       ?clear@ios_base@std@@QAEXH_N@Z 100056b0 f i ObjectsExtender.obj
 0001:00004730       ??0failure@ios_base@std@@QAE@ABV012@@Z 10005730 f i ObjectsExtender.obj
 0001:00004780       ??_Eios_base@std@@UAEPAXI@Z 10005780 f i * CIL library *:* CIL module *
 0001:00004780       ??_Gios_base@std@@UAEPAXI@Z 10005780 f i ObjectsExtender.obj
 0001:000047e0       ?GetEraModList@modList@@YAHAAV?$vector@V?$basic_string@DU?$char_traits@D@std@@V?$allocator@D@2@@std@@V?$allocator@V?$basic_string@DU?$char_traits@D@std@@V?$allocator@D@2@@std@@@2@@std@@H@Z 100057e0 f i ObjectsExtender.obj
 0001:00004d40       ??_D?$basic_istringstream@DU?$char_traits@D@std@@V?$allocator@D@2@@std@@QAEXXZ 10005d40 f i ObjectsExtender.obj
 0001:00004dd0       ??1?$unordered_set@IU?$hash@I@std@@U?$equal_to@I@2@V?$allocator@I@2@@std@@QAE@XZ 10005dd0 f i RMGObjectsEditor.obj
 0001:00004dd0       ??1?$unordered_set@PBDU?$hash@PBD@std@@U?$equal_to@PBD@2@V?$allocator@PBD@2@@std@@QAE@XZ 10005dd0 f i ObjectsExtender.obj
 0001:00004de0       ??1?$_Hash@V?$_Uset_traits@IV?$_Uhash_compare@IU?$hash@I@std@@U?$equal_to@I@2@@std@@V?$allocator@I@2@$0A@@std@@@std@@QAE@XZ 10005de0 f i RMGObjectsEditor.obj
 0001:00004de0       ??1?$_Hash@V?$_Uset_traits@PBDV?$_Uhash_compare@PBDU?$hash@PBD@std@@U?$equal_to@PBD@2@@std@@V?$allocator@PBD@2@$0A@@std@@@std@@QAE@XZ 10005de0 f i ObjectsExtender.obj
 0001:00004e70       ??1?$unordered_set@URMGObjectSetable@extender@@UHashFunction@12@U?$equal_to@URMGObjectSetable@extender@@@std@@V?$allocator@URMGObjectSetable@extender@@@5@@std@@QAE@XZ 10005e70 f i ObjectsExtender.obj
 0001:00004e80       ??1?$vector@UObjectSound@SoundManager@sound@@V?$allocator@UObjectSound@SoundManager@sound@@@std@@@std@@QAE@XZ 10005e80 f i ObjectsExtender.obj
 0001:00004ee0       ??1?$list@IV?$allocator@I@std@@@std@@QAE@XZ 10005ee0 f i RMGObjectsEditor.obj
 0001:00004ee0       ??1?$list@PBDV?$allocator@PBD@std@@@std@@QAE@XZ 10005ee0 f i ObjectsExtender.obj
 0001:00004f20       ??1?$vector@URMGObjectInfo@@V?$allocator@URMGObjectInfo@@@std@@@std@@QAE@XZ 10005f20 f i ObjectsExtender.obj
 0001:00004f90       ??0?$vector@URMGObjectInfo@@V?$allocator@URMGObjectInfo@@@std@@@std@@QAE@XZ 10005f90 f i ObjectsExtender.obj
 0001:00004fb0       ?seekpos@?$basic_stringbuf@DU?$char_traits@D@std@@V?$allocator@D@2@@std@@MAE?AV?$fpos@U_Mbstatet@@@2@V32@H@Z 10005fb0 f i ObjectsExtender.obj
 0001:00005120       ?seekoff@?$basic_stringbuf@DU?$char_traits@D@std@@V?$allocator@D@2@@std@@MAE?AV?$fpos@U_Mbstatet@@@2@_JHH@Z 10006120 f i ObjectsExtender.obj
 0001:00005310       ?underflow@?$basic_stringbuf@DU?$char_traits@D@std@@V?$allocator@D@2@@std@@MAEHXZ 10006310 f i ObjectsExtender.obj
 0001:00005380       ?pbackfail@?$basic_stringbuf@DU?$char_traits@D@std@@V?$allocator@D@2@@std@@MAEHH@Z 10006380 f i ObjectsExtender.obj
 0001:000053e0       ?overflow@?$basic_stringbuf@DU?$char_traits@D@std@@V?$allocator@D@2@@std@@MAEHH@Z 100063e0 f i ObjectsExtender.obj
 0001:00005540       ??1?$basic_stringbuf@DU?$char_traits@D@std@@V?$allocator@D@2@@std@@UAE@XZ 10006540 f i ObjectsExtender.obj
 0001:00005660       ?OnClose@H3Dlg@h3@@UAEXH@Z 10006660 f i RMG_SettingsDlg.obj
 0001:00005660       ?imbue@?$basic_streambuf@DU?$char_traits@D@std@@@std@@MAEXABVlocale@2@@Z 10006660 f i ObjectsExtender.obj
 0001:00005660       ?vParentActivate_10@H3Dlg@h3@@MAEXPAUH3DlgItem@2@@Z 10006660 f i RMG_SettingsDlg.obj
 0001:00005670       ?sync@?$basic_streambuf@DU?$char_traits@D@std@@@std@@MAEHXZ 10006670 f i ObjectsExtender.obj
 0001:00005670       ?vGetStatusBar@H3Dlg@h3@@MAEPAUH3DlgTextPcx@2@XZ 10006670 f i RMG_SettingsDlg.obj
 0001:00005680       ?setbuf@?$basic_streambuf@DU?$char_traits@D@std@@@std@@MAEPAV12@PAD_J@Z 10006680 f i ObjectsExtender.obj
 0001:00005690       ?seekpos@?$basic_streambuf@DU?$char_traits@D@std@@@std@@MAE?AV?$fpos@U_Mbstatet@@@2@V32@H@Z 10006690 f i ObjectsExtender.obj
 0001:000056c0       ?seekoff@?$basic_streambuf@DU?$char_traits@D@std@@@std@@MAE?AV?$fpos@U_Mbstatet@@@2@_JHH@Z 100066c0 f i ObjectsExtender.obj
 0001:000056f0       ?xsputn@?$basic_streambuf@DU?$char_traits@D@std@@@std@@MAE_JPBD_J@Z 100066f0 f i ObjectsExtender.obj
 0001:000057d0       ?xsgetn@?$basic_streambuf@DU?$char_traits@D@std@@@std@@MAE_JPAD_J@Z 100067d0 f i ObjectsExtender.obj
 0001:000058b0       ?uflow@?$basic_streambuf@DU?$char_traits@D@std@@@std@@MAEHXZ 100068b0 f i ObjectsExtender.obj
 0001:000058e0       ?underflow@?$basic_streambuf@DU?$char_traits@D@std@@@std@@MAEHXZ 100068e0 f i ObjectsExtender.obj
 0001:000058f0       ?showmanyc@?$basic_streambuf@DU?$char_traits@D@std@@@std@@MAE_JXZ 100068f0 f i ObjectsExtender.obj
 0001:00005900       ?overflow@?$basic_streambuf@DU?$char_traits@D@std@@@std@@MAEHH@Z 10006900 f i ObjectsExtender.obj
 0001:00005900       ?pbackfail@?$basic_streambuf@DU?$char_traits@D@std@@@std@@MAEHH@Z 10006900 f i ObjectsExtender.obj
 0001:00005910       ??1?$basic_streambuf@DU?$char_traits@D@std@@@std@@UAE@XZ 10006910 f i ObjectsExtender.obj
 0001:00005950       ??0?$basic_istringstream@DU?$char_traits@D@std@@V?$allocator@D@2@@std@@QAE@ABV?$basic_string@DU?$char_traits@D@std@@V?$allocator@D@2@@1@H@Z 10006950 f i ObjectsExtender.obj
 0001:00005c30       ??1?$basic_istream@DU?$char_traits@D@std@@@std@@UAE@XZ 10006c30 f i ObjectsExtender.obj
 0001:00005c50       ??1?$basic_ios@DU?$char_traits@D@std@@@std@@UAE@XZ 10006c50 f i ObjectsExtender.obj
 0001:00005ca0       ??1?$vector@V?$basic_string@DU?$char_traits@D@std@@V?$allocator@D@2@@std@@V?$allocator@V?$basic_string@DU?$char_traits@D@std@@V?$allocator@D@2@@std@@@2@@std@@QAE@XZ 10006ca0 f i ObjectsExtender.obj
 0001:00005d10       ??1?$_Yarn@D@std@@QAE@XZ   10006d10 f i ObjectsExtender.obj
 0001:00005d10       ??1?$_Yarn@_W@std@@QAE@XZ  10006d10 f i ObjectsExtender.obj
 0001:00005d30       ?find@?$basic_string@DU?$char_traits@D@std@@V?$allocator@D@2@@std@@QBEIQBDI@Z 10006d30 f i ObjectsExtender.obj
 0001:00005e40       ??_E?$basic_stringbuf@DU?$char_traits@D@std@@V?$allocator@D@2@@std@@UAEPAXI@Z 10006e40 f i * CIL library *:* CIL module *
 0001:00005e40       ??_G?$basic_stringbuf@DU?$char_traits@D@std@@V?$allocator@D@2@@std@@UAEPAXI@Z 10006e40 f i ObjectsExtender.obj
 0001:00005e70       ??_E?$basic_streambuf@DU?$char_traits@D@std@@@std@@UAEPAXI@Z 10006e70 f i * CIL library *:* CIL module *
 0001:00005e70       ??_G?$basic_streambuf@DU?$char_traits@D@std@@@std@@UAEPAXI@Z 10006e70 f i ObjectsExtender.obj
 0001:00005ec0       ??_E?$basic_istringstream@DU?$char_traits@D@std@@V?$allocator@D@2@@std@@UAEPAXI@Z 10006ec0 f i * CIL library *:* CIL module *
 0001:00005ec0       ??_G?$basic_istringstream@DU?$char_traits@D@std@@V?$allocator@D@2@@std@@UAEPAXI@Z 10006ec0 f i ObjectsExtender.obj
 0001:00005f60       ??_E?$basic_istream@DU?$char_traits@D@std@@@std@@UAEPAXI@Z 10006f60 f i * CIL library *:* CIL module *
 0001:00005f60       ??_G?$basic_istream@DU?$char_traits@D@std@@@std@@UAEPAXI@Z 10006f60 f i ObjectsExtender.obj
 0001:00005fe0       ??_E?$basic_ios@DU?$char_traits@D@std@@@std@@UAEPAXI@Z 10006fe0 f i * CIL library *:* CIL module *
 0001:00005fe0       ??_G?$basic_ios@DU?$char_traits@D@std@@@std@@UAEPAXI@Z 10006fe0 f i ObjectsExtender.obj
 0001:00006040       ??0?$fpos@U_Mbstatet@@@std@@QAE@_J@Z 10007040 f i ObjectsExtender.obj
 0001:00006070       ??0?$basic_ios@DU?$char_traits@D@std@@@std@@IAE@XZ 10007070 f i ObjectsExtender.obj
 0001:000060e0       ?append@?$basic_string@DU?$char_traits@D@std@@V?$allocator@D@2@@std@@QAEAAV12@QBDI@Z 100070e0 f i ObjectsExtender.obj
 0001:00006240       ?deallocate@?$allocator@V?$basic_string@DU?$char_traits@D@std@@V?$allocator@D@2@@std@@@std@@QAEXQAV?$basic_string@DU?$char_traits@D@std@@V?$allocator@D@2@@2@I@Z 10007240 f i ObjectsExtender.obj
 0001:00006280       ?setstate@?$basic_ios@DU?$char_traits@D@std@@@std@@QAEXH_N@Z 10007280 f i ObjectsExtender.obj
 0001:000062b0       ?_Xran@?$_String_val@U?$_Simple_types@D@std@@@std@@SAXXZ 100072b0 f i ObjectsExtender.obj
 0001:000062c0       ??$use_facet@V?$ctype@D@std@@@std@@YAABV?$ctype@D@0@ABVlocale@0@@Z 100072c0 f i ObjectsExtender.obj
 0001:000063e0       ??$getline@DU?$char_traits@D@std@@V?$allocator@D@2@@std@@YAAAV?$basic_istream@DU?$char_traits@D@std@@@0@AAV10@AAV?$basic_string@DU?$char_traits@D@std@@V?$allocator@D@2@@0@@Z 100073e0 f i ObjectsExtender.obj
 0001:00006480       ??$emplace@URMGObjectSetable@extender@@@?$_Hash@V?$_Uset_traits@URMGObjectSetable@extender@@V?$_Uhash_compare@URMGObjectSetable@extender@@UHashFunction@12@U?$equal_to@URMGObjectSetable@extender@@@std@@@std@@V?$allocator@URMGObjectSetable@extender@@@4@$0A@@std@@@std@@QAE?AU?$pair@V?$_List_const_iterator@V?$_List_val@U?$_List_simple_types@URMGObjectSetable@extender@@@std@@@std@@@std@@_N@1@$$QAURMGObjectSetable@extender@@@Z 10007480 f i ObjectsExtender.obj
 0001:00006620       ??$_Destroy_range@V?$allocator@V?$basic_string@DU?$char_traits@D@std@@V?$allocator@D@2@@std@@@std@@@std@@YAXPAV?$basic_string@DU?$char_traits@D@std@@V?$allocator@D@2@@0@QAV10@AAV?$allocator@V?$basic_string@DU?$char_traits@D@std@@V?$allocator@D@2@@std@@@0@@Z 10007620 f i ObjectsExtender.obj
 0001:00006680       ??1?$_Alloc_construct_ptr@V?$allocator@U?$_List_node@IPAX@std@@@std@@@std@@QAE@XZ 10007680 f i RMGObjectsEditor.obj
 0001:00006680       ??1?$_Alloc_construct_ptr@V?$allocator@U?$_List_node@PBDPAX@std@@@std@@@std@@QAE@XZ 10007680 f i ObjectsExtender.obj
 0001:00006680       ??1?$_List_node_emplace_op2@V?$allocator@U?$_List_node@IPAX@std@@@std@@@std@@QAE@XZ 10007680 f i RMGObjectsEditor.obj
 0001:00006680       ??1?$_List_node_emplace_op2@V?$allocator@U?$_List_node@PBDPAX@std@@@std@@@std@@QAE@XZ 10007680 f i ObjectsExtender.obj
 0001:000066a0       ??1?$unique_ptr@V_Facet_base@std@@U?$default_delete@V_Facet_base@std@@@2@@std@@QAE@XZ 100076a0 f i ObjectsExtender.obj
 0001:000066b0       ?_Rehash_for_1@?$_Hash@V?$_Uset_traits@PBDV?$_Uhash_compare@PBDU?$hash@PBD@std@@U?$equal_to@PBD@2@@std@@V?$allocator@PBD@2@$0A@@std@@@std@@IAEXXZ 100076b0 f i ObjectsExtender.obj
 0001:00006710       ?_Forced_rehash@?$_Hash@V?$_Uset_traits@URMGObjectSetable@extender@@V?$_Uhash_compare@URMGObjectSetable@extender@@UHashFunction@12@U?$equal_to@URMGObjectSetable@extender@@@std@@@std@@V?$allocator@URMGObjectSetable@extender@@@4@$0A@@std@@@std@@IAEXI@Z 10007710 f i ObjectsExtender.obj
 0001:00006850       ?_Assign_grow@?$_Hash_vec@V?$allocator@V?$_List_unchecked_const_iterator@V?$_List_val@U?$_List_simple_types@PBD@std@@@std@@U_Iterator_base0@2@@std@@@std@@@std@@QAEXIV?$_List_unchecked_const_iterator@V?$_List_val@U?$_List_simple_types@PBD@std@@@std@@U_Iterator_base0@2@@2@@Z 10007850 f i ObjectsExtender.obj
 0001:00006940       ?_Forced_rehash@?$_Hash@V?$_Uset_traits@PBDV?$_Uhash_compare@PBDU?$hash@PBD@std@@U?$equal_to@PBD@2@@std@@V?$allocator@PBD@2@$0A@@std@@@std@@IAEXI@Z 10007940 f i ObjectsExtender.obj
 0001:00006aa0       ??$getline@DU?$char_traits@D@std@@V?$allocator@D@2@@std@@YAAAV?$basic_istream@DU?$char_traits@D@std@@@0@$$QAV10@AAV?$basic_string@DU?$char_traits@D@std@@V?$allocator@D@2@@0@D@Z 10007aa0 f i ObjectsExtender.obj
 0001:00006d60       ??$_Emplace_reallocate@AAV?$basic_string@DU?$char_traits@D@std@@V?$allocator@D@2@@std@@@?$vector@V?$basic_string@DU?$char_traits@D@std@@V?$allocator@D@2@@std@@V?$allocator@V?$basic_string@DU?$char_traits@D@std@@V?$allocator@D@2@@std@@@2@@std@@AAEPAV?$basic_string@DU?$char_traits@D@std@@V?$allocator@D@2@@1@QAV21@AAV21@@Z 10007d60 f i ObjectsExtender.obj
 0001:00006f00       ??$_Emplace_reallocate@PAVObjectsExtender@extender@@@?$vector@PAVObjectsExtender@extender@@V?$allocator@PAVObjectsExtender@extender@@@std@@@std@@AAEPAPAVObjectsExtender@extender@@QAPAV23@$$QAPAV23@@Z 10007f00 f i ObjectsExtender.obj
 0001:00007080       ??$_Emplace_reallocate@AAPBD@?$vector@V?$basic_string@DU?$char_traits@D@std@@V?$allocator@D@2@@std@@V?$allocator@V?$basic_string@DU?$char_traits@D@std@@V?$allocator@D@2@@std@@@2@@std@@AAEPAV?$basic_string@DU?$char_traits@D@std@@V?$allocator@D@2@@1@QAV21@AAPBD@Z 10008080 f i ObjectsExtender.obj
 0001:00007260       ??$_Emplace_reallocate@AAURMGObjectInfo@@@?$vector@URMGObjectInfo@@V?$allocator@URMGObjectInfo@@@std@@@std@@AAEPAURMGObjectInfo@@QAU2@AAU2@@Z 10008260 f i ObjectsExtender.obj
 0001:00007380       ??$_Emplace_reallocate@UObjectSound@SoundManager@sound@@@?$vector@UObjectSound@SoundManager@sound@@V?$allocator@UObjectSound@SoundManager@sound@@@std@@@std@@AAEPAUObjectSound@SoundManager@sound@@QAU234@$$QAU234@@Z 10008380 f i ObjectsExtender.obj
 0001:000074e0       ??$?RURMGObjectSetable@extender@@@?$_Uhash_compare@URMGObjectSetable@extender@@UHashFunction@12@U?$equal_to@URMGObjectSetable@extender@@@std@@@std@@QBEIABURMGObjectSetable@extender@@@Z 100084e0 f i ObjectsExtender.obj
 0001:00007560       ??$_Find_last@URMGObjectSetable@extender@@@?$_Hash@V?$_Uset_traits@URMGObjectSetable@extender@@V?$_Uhash_compare@URMGObjectSetable@extender@@UHashFunction@12@U?$equal_to@URMGObjectSetable@extender@@@std@@@std@@V?$allocator@URMGObjectSetable@extender@@@4@$0A@@std@@@std@@IBE?AU?$_Hash_find_last_result@PAU?$_List_node@URMGObjectSetable@extender@@PAX@std@@@1@ABURMGObjectSetable@extender@@I@Z 10008560 f i ObjectsExtender.obj
 0001:000075d0       ??1sentry@?$basic_istream@DU?$char_traits@D@std@@@std@@QAE@XZ 100085d0 f i ObjectsExtender.obj
 0001:00007620       ??1_Sentry_base@?$basic_istream@DU?$char_traits@D@std@@@std@@QAE@XZ 10008620 f i ObjectsExtender.obj
 0001:00007620       ??1_Sentry_base@?$basic_ostream@DU?$char_traits@D@std@@@std@@QAE@XZ 10008620 f i ObjectsExtender.obj
 0001:00007660       ?_Change_array@?$vector@URMGObjectInfo@@V?$allocator@URMGObjectInfo@@@std@@@std@@AAEXQAURMGObjectInfo@@II@Z 10008660 f i ObjectsExtender.obj
 0001:000076e0       ?snextc@?$basic_streambuf@DU?$char_traits@D@std@@@std@@QAEHXZ 100086e0 f i ObjectsExtender.obj
 0001:00007750       ?_Change_array@?$vector@V?$basic_string@DU?$char_traits@D@std@@V?$allocator@D@2@@std@@V?$allocator@V?$basic_string@DU?$char_traits@D@std@@V?$allocator@D@2@@std@@@2@@std@@AAEXQAV?$basic_string@DU?$char_traits@D@std@@V?$allocator@D@2@@2@II@Z 10008750 f i ObjectsExtender.obj
 0001:000077d0       ?_Ipfx@?$basic_istream@DU?$char_traits@D@std@@@std@@QAE_N_N@Z 100087d0 f i ObjectsExtender.obj
 0001:00007860       ?flush@?$basic_ostream@DU?$char_traits@D@std@@@std@@QAEAAV12@XZ 10008860 f i ObjectsExtender.obj
 0001:000079a0       ??1sentry@?$basic_ostream@DU?$char_traits@D@std@@@std@@QAE@XZ 100089a0 f i ObjectsExtender.obj
 0001:00007a00       ?_Osfx@?$basic_ostream@DU?$char_traits@D@std@@@std@@QAEXXZ 10008a00 f i ObjectsExtender.obj
 0001:00007a80       ?Reserve@?$H3Vector@H@h3@@QAEHI@Z 10008a80 f i RMG_SettingsDlg.obj
 0001:00007a80       ?Reserve@?$H3Vector@PAUH3DlgItem@h3@@@h3@@QAEHI@Z 10008a80 f i RMG_SettingsDlg.obj
 0001:00007a80       ?Reserve@?$H3Vector@PAUH3RmgObjectGenerator@h3@@@h3@@QAEHI@Z 10008a80 f i ObjectsExtender.obj
 0001:00007a80       ?Reserve@?$H3Vector@PBD@h3@@QAEHI@Z 10008a80 f i ObjectsExtender.obj
 0001:00007b70       ??$_Uninitialized_move@PAV?$basic_string@DU?$char_traits@D@std@@V?$allocator@D@2@@std@@V?$allocator@V?$basic_string@DU?$char_traits@D@std@@V?$allocator@D@2@@std@@@2@@std@@YAPAV?$basic_string@DU?$char_traits@D@std@@V?$allocator@D@2@@0@QAV10@0PAV10@AAV?$allocator@V?$basic_string@DU?$char_traits@D@std@@V?$allocator@D@2@@std@@@0@@Z 10008b70 f i ObjectsExtender.obj
 0001:00007be0       ??$_Insert_range_unchecked@PAPBDPAPBD@?$_Hash@V?$_Uset_traits@PBDV?$_Uhash_compare@PBDU?$hash@PBD@std@@U?$equal_to@PBD@2@@std@@V?$allocator@PBD@2@$0A@@std@@@std@@IAEXPAPBDQAPBD@Z 10008be0 f i ObjectsExtender.obj
 0001:00007d90       ??$_Allocate_at_least_helper@V?$allocator@URMGObjectInfo@@@std@@@std@@YAPAURMGObjectInfo@@AAV?$allocator@URMGObjectInfo@@@0@AAI@Z 10008d90 f i ObjectsExtender.obj
 0001:00007de6       ??_E?$basic_istream@DU?$char_traits@D@std@@@std@@$4PPPPPPPM@A@AEPAXI@Z 10008de6 f i ObjectsExtender.obj
 0001:00007dee       ??_E?$basic_istringstream@DU?$char_traits@D@std@@V?$allocator@D@2@@std@@$4PPPPPPPM@A@AEPAXI@Z 10008dee f i ObjectsExtender.obj
 0001:00007e00       ??1thread@std@@QAE@XZ      10008e00 f i RMGObjectsEditor.obj
 0001:00007e10       ??_ERMGObjectsEditor@editor@@EAEPAXI@Z 10008e10 f i * CIL library *:* CIL module *
 0001:00007e10       ??_GRMGObjectsEditor@editor@@EAEPAXI@Z 10008e10 f i RMGObjectsEditor.obj
 0001:00007e40       ??1PseudoH3RmgRandomMapGenerator@editor@@QAE@XZ 10008e40 f i RMGObjectsEditor.obj
 0001:00007f10       ?resize@?$vector@URMGObjectInfo@@V?$allocator@URMGObjectInfo@@@std@@@std@@QAEXI@Z 10008f10 f i RMGObjectsEditor.obj
 0001:00007f80       ??0?$H3Vector@UH3ObjectAttributes@h3@@@h3@@QAE@XZ 10008f80 f i RMGObjectsEditor.obj
 0001:00007fa0       ??1?$H3Vector@UH3ObjectAttributes@h3@@@h3@@QAE@XZ 10008fa0 f i RMGObjectsEditor.obj
 0001:00008030       ??1?$H3Vector@PAUH3RmgObjectGenerator@h3@@@h3@@QAE@XZ 10009030 f i RMGObjectsEditor.obj
 0001:00008090       ??$fill@PAHH@std@@YAXQAH0ABH@Z 10009090 f i RMGObjectsEditor.obj
 0001:00008110       ??$swap@U?$H3Vector@PAUH3RmgObjectGenerator@h3@@@h3@@$0A@@std@@YAXAAU?$H3Vector@PAUH3RmgObjectGenerator@h3@@@h3@@0@Z 10009110 f i RMGObjectsEditor.obj
 0001:000081e0       ??$emplace@I@?$_Hash@V?$_Uset_traits@IV?$_Uhash_compare@IU?$hash@I@std@@U?$equal_to@I@2@@std@@V?$allocator@I@2@$0A@@std@@@std@@QAE?AU?$pair@V?$_List_const_iterator@V?$_List_val@U?$_List_simple_types@I@std@@@std@@@std@@_N@1@$$QAI@Z 100091e0 f i RMGObjectsEditor.obj
 0001:000083a0       ??$_Assign_counted_range@PAURMGObjectInfo@@@?$vector@URMGObjectInfo@@V?$allocator@URMGObjectInfo@@@std@@@std@@AAEXPAURMGObjectInfo@@I@Z 100093a0 f i RMGObjectsEditor.obj
 0001:00008550       ?_Forced_rehash@?$_Hash@V?$_Uset_traits@IV?$_Uhash_compare@IU?$hash@I@std@@U?$equal_to@I@2@@std@@V?$allocator@I@2@$0A@@std@@@std@@IAEXI@Z 10009550 f i RMGObjectsEditor.obj
 0001:000086b0       ??$?0PAD$0A@@?$basic_string@DU?$char_traits@D@std@@V?$allocator@D@2@@std@@QAE@PAD0ABV?$allocator@D@1@@Z 100096b0 f i RMGObjectsEditor.obj
 0001:00008770       ??$_Resize_reallocate@U_Value_init_tag@std@@@?$vector@URMGObjectInfo@@V?$allocator@URMGObjectInfo@@@std@@@std@@AAEXIABU_Value_init_tag@1@@Z 10009770 f i RMGObjectsEditor.obj
 0001:00008820       ??$_Uninitialized_value_construct_n@V?$allocator@URMGObjectInfo@@@std@@@std@@YAPAURMGObjectInfo@@PAU1@IAAV?$allocator@URMGObjectInfo@@@0@@Z 10009820 f i RMGObjectsEditor.obj
 0001:00008870       ??1?$unique_ptr@V?$tuple@P6AXPBF@ZPBF@std@@U?$default_delete@V?$tuple@P6AXPBF@ZPBF@std@@@2@@std@@QAE@XZ 10009870 f i RMGObjectsEditor.obj
 0001:00008890       ??$_Invoke@V?$tuple@P6AXPBF@ZPBF@std@@$0A@$00@thread@std@@CGIPAX@Z 10009890 f i RMGObjectsEditor.obj
 0001:000088f0       ??1H3BasePalette565@h3@@QAE@XZ 100098f0 f i RMG_SettingsDlg.obj
 0001:00008930       ?FrameRegion@H3LoadedPcx16@h3@@QAEHHHHHHHH@Z 10009930 f i RMG_SettingsDlg.obj
 0001:00008bd0       ?AddItem@H3BaseDlg@h3@@QAEPAUH3DlgItem@2@PAU32@H@Z 10009bd0 f i RMG_SettingsDlg.obj
 0001:00008c30       ?CreateText@H3BaseDlg@h3@@QAEPAUH3DlgText@2@HHHHPBD0HHW4eTextAlignment@NTextAlignment@NH3Dlg@2@H@Z 10009c30 f i RMG_SettingsDlg.obj
 0001:00008cf0       ??0H3Dlg@h3@@QAE@HHHHHHH@Z 10009cf0 f i RMG_SettingsDlg.obj
 0001:00008e50       ??1H3NetworkDlg@h3@@QAE@XZ 10009e50 f i RMG_SettingsDlg.obj
 0001:00008eb0       ??1H3Dlg@h3@@QAE@XZ        10009eb0 f i RMG_SettingsDlg.obj
 0001:00008f40       ?AddBackground@H3Dlg@h3@@QAEHHHHHHHHH@Z 10009f40 f i RMG_SettingsDlg.obj
 0001:00009170       ?vDestroy@H3Dlg@h3@@MAEPAU12@XZ 1000a170 f i RMG_SettingsDlg.obj
 0001:00009180       ?vShow@H3Dlg@h3@@MAEHHD@Z  1000a180 f i RMG_SettingsDlg.obj
 0001:00009190       ?vHide@H3Dlg@h3@@MAEHD@Z   1000a190 f i RMG_SettingsDlg.obj
 0001:000091a0       ?vPreProcess@H3Dlg@h3@@MAEHAAUH3Msg@2@@Z 1000a1a0 f i RMG_SettingsDlg.obj
 0001:000091b0       ?vRedraw@H3Dlg@h3@@MAEDDHH@Z 1000a1b0 f i RMG_SettingsDlg.obj
 0001:000091c0       ?vShowAndRun@H3Dlg@h3@@MAEHD@Z 1000a1c0 f i RMG_SettingsDlg.obj
 0001:000091d0       ?vInitiateItems@H3Dlg@h3@@MAEHXZ 1000a1d0 f i RMG_SettingsDlg.obj
 0001:000091e0       ?vActivateItems@H3Dlg@h3@@MAEHD@Z 1000a1e0 f i RMG_SettingsDlg.obj
 0001:000091f0       ?vOnMouseMove@H3Dlg@h3@@MAEDHH@Z 1000a1f0 f i RMG_SettingsDlg.obj
 0001:00009200       ?vOnRightClick@H3Dlg@h3@@MAEDH@Z 1000a200 f i RMG_SettingsDlg.obj
 0001:00009210       ?vOnLeftClick@H3Dlg@h3@@MAEDHAAD@Z 1000a210 f i RMG_SettingsDlg.obj
 0001:00009220       ?vEndDialogOnTimeExpired@H3Dlg@h3@@MAEHAAUH3Msg@2@@Z 1000a220 f i RMG_SettingsDlg.obj
 0001:00009230       ?vDialogProc@H3Dlg@h3@@MAEHAAUH3Msg@2@@Z 1000a230 f i RMG_SettingsDlg.obj
 0001:000094b0       ?OnDoubleClick@H3Dlg@h3@@UAEHHAAUH3Msg@2@@Z 1000a4b0 f i RMG_SettingsDlg.obj
 0001:000094b0       ?OnKeyHeld@H3Dlg@h3@@UAEHW4eVirtualKeys@NH3VKey@2@W4eMessageMsgFlag@NMessageMsgFlag@NH3Messages@2@@Z 1000a4b0 f i RMG_SettingsDlg.obj
 0001:000094b0       ?OnKeyPress@H3Dlg@h3@@UAEHW4eVirtualKeys@NH3VKey@2@W4eMessageMsgFlag@NMessageMsgFlag@NH3Messages@2@@Z 1000a4b0 f i RMG_SettingsDlg.obj
 0001:000094b0       ?OnLeftClick@H3Dlg@h3@@UAEHHAAUH3Msg@2@@Z 1000a4b0 f i RMG_SettingsDlg.obj
 0001:000094b0       ?OnMouseHover@H3Dlg@h3@@UAEHHH@Z 1000a4b0 f i RMG_SettingsDlg.obj
 0001:000094b0       ?OnNotify@H3Dlg@h3@@UAEHPAUH3DlgItem@2@AAUH3Msg@2@@Z 1000a4b0 f i RMG_SettingsDlg.obj
 0001:000094c0       ?DialogProc@H3Dlg@h3@@UAEHAAUH3Msg@2@@Z 1000a4c0 f i RMG_SettingsDlg.obj
 0001:000094c0       ?OnMouseHover@H3Dlg@h3@@UAEHPAUH3DlgItem@2@@Z 1000a4c0 f i RMG_SettingsDlg.obj
 0001:000094c0       ?OnMouseWheel@H3Dlg@h3@@UAEHH@Z 1000a4c0 f i RMG_SettingsDlg.obj
 0001:000094c0       ?OnRightClick@H3Dlg@h3@@UAEHPAUH3DlgItem@2@@Z 1000a4c0 f i RMG_SettingsDlg.obj
 0001:000094c0       ?OnWheelButton@H3Dlg@h3@@UAEHPAUH3DlgItem@2@@Z 1000a4c0 f i RMG_SettingsDlg.obj
 0001:000094d0       ?OnCreate@H3Dlg@h3@@UAEHXZ 1000a4d0 f i RMG_SettingsDlg.obj
 0001:000094d0       ?OnLeftClickOutside@H3Dlg@h3@@UAEHXZ 1000a4d0 f i RMG_SettingsDlg.obj
 0001:000094d0       ?OnRightClickOutside@H3Dlg@h3@@UAEHXZ 1000a4d0 f i RMG_SettingsDlg.obj
 0001:000094e0       ?ClickSound@H3SoundManager@h3@@QAEXXZ 1000a4e0 f i RMG_SettingsDlg.obj
 0001:00009520       ??_ERMG_SettingsDlg@rmgdlg@@EAEPAXI@Z 1000a520 f i * CIL library *:* CIL module *
 0001:00009520       ??_GRMG_SettingsDlg@rmgdlg@@EAEPAXI@Z 1000a520 f i RMG_SettingsDlg.obj
 0001:000095a0       ??_EBanksPage@RMG_SettingsDlg@rmgdlg@@UAEPAXI@Z 1000a5a0 f i * CIL library *:* CIL module *
 0001:000095a0       ??_GBanksPage@RMG_SettingsDlg@rmgdlg@@UAEPAXI@Z 1000a5a0 f i RMG_SettingsDlg.obj
 0001:000095d0       ??_EObjectsPanel@RMG_SettingsDlg@rmgdlg@@UAEPAXI@Z 1000a5d0 f i * CIL library *:* CIL module *
 0001:000095d0       ??_GObjectsPanel@RMG_SettingsDlg@rmgdlg@@UAEPAXI@Z 1000a5d0 f i RMG_SettingsDlg.obj
 0001:00009660       ??_EPage@RMG_SettingsDlg@rmgdlg@@UAEPAXI@Z 1000a660 f i * CIL library *:* CIL module *
 0001:00009660       ??_GPage@RMG_SettingsDlg@rmgdlg@@UAEPAXI@Z 1000a660 f i RMG_SettingsDlg.obj
 0001:00009690       ??_EObjectsPage@RMG_SettingsDlg@rmgdlg@@UAEPAXI@Z 1000a690 f i * CIL library *:* CIL module *
 0001:00009690       ??_GObjectsPage@RMG_SettingsDlg@rmgdlg@@UAEPAXI@Z 1000a690 f i RMG_SettingsDlg.obj
 0001:000096c0       ??_EMiscPage@RMG_SettingsDlg@rmgdlg@@UAEPAXI@Z 1000a6c0 f i * CIL library *:* CIL module *
 0001:000096c0       ??_GMiscPage@RMG_SettingsDlg@rmgdlg@@UAEPAXI@Z 1000a6c0 f i RMG_SettingsDlg.obj
 0001:000096f0       ??1?$array@V?$vector@HV?$allocator@H@std@@@std@@$03@std@@QAE@XZ 1000a6f0 f i RMG_SettingsDlg.obj
 0001:00009730       ??1?$vector@U?$pair@UH3ObjectAttributes@h3@@PAUH3LoadedPcx16@2@@std@@V?$allocator@U?$pair@UH3ObjectAttributes@h3@@PAUH3LoadedPcx16@2@@std@@@2@@std@@QAE@XZ 1000a730 f i RMG_SettingsDlg.obj
 0001:00009740       ??1?$vector@VRMGObject@rmgdlg@@V?$allocator@VRMGObject@rmgdlg@@@std@@@std@@QAE@XZ 1000a740 f i RMG_SettingsDlg.obj
 0001:00009750       ??0?$vector@HV?$allocator@H@std@@@std@@QAE@V?$initializer_list@H@1@ABV?$allocator@H@1@@Z 1000a750 f i RMG_SettingsDlg.obj
 0001:00009810       ?_Tidy@?$vector@U?$pair@UH3ObjectAttributes@h3@@PAUH3LoadedPcx16@2@@std@@V?$allocator@U?$pair@UH3ObjectAttributes@h3@@PAUH3LoadedPcx16@2@@std@@@2@@std@@AAEXXZ 1000a810 f i RMG_SettingsDlg.obj
 0001:000098d0       ?_Tidy@?$vector@VRMGObject@rmgdlg@@V?$allocator@VRMGObject@rmgdlg@@@std@@@std@@AAEXXZ 1000a8d0 f i RMG_SettingsDlg.obj
 0001:00009930       ?deallocate@?$allocator@U?$pair@UH3ObjectAttributes@h3@@PAUH3LoadedPcx16@2@@std@@@std@@QAEXQAU?$pair@UH3ObjectAttributes@h3@@PAUH3LoadedPcx16@2@@2@I@Z 1000a930 f i RMG_SettingsDlg.obj
 0001:00009970       ??1?$H3BinaryLoader@UH3LoadedDef@h3@@@h3@@QAE@XZ 1000a970 f i RMG_SettingsDlg.obj
 0001:00009970       ??1?$H3BinaryLoader@UH3LoadedPcx@h3@@@h3@@QAE@XZ 1000a970 f i RMG_SettingsDlg.obj
 0001:000099b0       ??$_Destroy_range@V?$allocator@U?$pair@UH3ObjectAttributes@h3@@PAUH3LoadedPcx16@2@@std@@@std@@@std@@YAXPAU?$pair@UH3ObjectAttributes@h3@@PAUH3LoadedPcx16@2@@0@QAU10@AAV?$allocator@U?$pair@UH3ObjectAttributes@h3@@PAUH3LoadedPcx16@2@@std@@@0@@Z 1000a9b0 f i RMG_SettingsDlg.obj
 0001:00009a10       ??$_Reallocate@$00@?$vector@U?$pair@UH3ObjectAttributes@h3@@PAUH3LoadedPcx16@2@@std@@V?$allocator@U?$pair@UH3ObjectAttributes@h3@@PAUH3LoadedPcx16@2@@std@@@2@@std@@AAEXAAI@Z 1000aa10 f i RMG_SettingsDlg.obj
 0001:00009a10       ??$_Reallocate@$0A@@?$vector@U?$pair@UH3ObjectAttributes@h3@@PAUH3LoadedPcx16@2@@std@@V?$allocator@U?$pair@UH3ObjectAttributes@h3@@PAUH3LoadedPcx16@2@@std@@@2@@std@@AAEXAAI@Z 1000aa10 f i RMG_SettingsDlg.obj
 0001:00009ab0       ??$_Assign_counted_range@PAU?$pair@UH3ObjectAttributes@h3@@PAUH3LoadedPcx16@2@@std@@@?$vector@U?$pair@UH3ObjectAttributes@h3@@PAUH3LoadedPcx16@2@@std@@V?$allocator@U?$pair@UH3ObjectAttributes@h3@@PAUH3LoadedPcx16@2@@std@@@2@@std@@AAEXPAU?$pair@UH3ObjectAttributes@h3@@PAUH3LoadedPcx16@2@@1@I@Z 1000aab0 f i RMG_SettingsDlg.obj
 0001:00009d50       ??$_Reallocate@$00@?$vector@VRMGObject@rmgdlg@@V?$allocator@VRMGObject@rmgdlg@@@std@@@std@@AAEXAAI@Z 1000ad50 f i RMG_SettingsDlg.obj
 0001:00009d50       ??$_Reallocate@$0A@@?$vector@VRMGObject@rmgdlg@@V?$allocator@VRMGObject@rmgdlg@@@std@@@std@@AAEXAAI@Z 1000ad50 f i RMG_SettingsDlg.obj
 0001:00009da0       ??0H3ObjectAttributes@h3@@QAE@$$QAU01@@Z 1000ada0 f i RMG_SettingsDlg.obj
 0001:00009e40       ?_Change_array@?$vector@U?$pair@UH3ObjectAttributes@h3@@PAUH3LoadedPcx16@2@@std@@V?$allocator@U?$pair@UH3ObjectAttributes@h3@@PAUH3LoadedPcx16@2@@std@@@2@@std@@AAEXQAU?$pair@UH3ObjectAttributes@h3@@PAUH3LoadedPcx16@2@@2@II@Z 1000ae40 f i RMG_SettingsDlg.obj
 0001:00009f10       ?allocate@?$allocator@U?$pair@UH3ObjectAttributes@h3@@PAUH3LoadedPcx16@2@@std@@@std@@QAEPAU?$pair@UH3ObjectAttributes@h3@@PAUH3LoadedPcx16@2@@2@I@Z 1000af10 f i RMG_SettingsDlg.obj
 0001:00009f70       ?_Change_array@?$vector@VRMGObject@rmgdlg@@V?$allocator@VRMGObject@rmgdlg@@@std@@@std@@AAEXQAVRMGObject@rmgdlg@@II@Z 1000af70 f i RMG_SettingsDlg.obj
 0001:00009fe0       ?allocate@?$allocator@VRMGObject@rmgdlg@@@std@@QAEPAVRMGObject@rmgdlg@@I@Z 1000afe0 f i RMG_SettingsDlg.obj
 0001:0000a190       ??$_Emplace_reallocate@ABUH3ObjectAttributes@h3@@ABQAUH3LoadedPcx16@2@@?$vector@VRMGObject@rmgdlg@@V?$allocator@VRMGObject@rmgdlg@@@std@@@std@@AAEPAVRMGObject@rmgdlg@@QAV23@ABUH3ObjectAttributes@h3@@ABQAUH3LoadedPcx16@5@@Z 1000b190 f i RMG_SettingsDlg.obj
 0001:0000a310       ??$_Emplace_reallocate@AAPAUH3DlgDef@h3@@@?$vector@PAUH3DlgDef@h3@@V?$allocator@PAUH3DlgDef@h3@@@std@@@std@@AAEPAPAUH3DlgDef@h3@@QAPAU23@AAPAU23@@Z 1000b310 f i RMG_SettingsDlg.obj
 0001:0000a310       ??$_Emplace_reallocate@PAUObjectsPanel@RMG_SettingsDlg@rmgdlg@@@?$vector@PAUObjectsPanel@RMG_SettingsDlg@rmgdlg@@V?$allocator@PAUObjectsPanel@RMG_SettingsDlg@rmgdlg@@@std@@@std@@AAEPAPAUObjectsPanel@RMG_SettingsDlg@rmgdlg@@QAPAU234@$$QAPAU234@@Z 1000b310 f i RMG_SettingsDlg.obj
 0001:0000a470       ??0H3ObjectAttributes@h3@@QAE@ABU01@@Z 1000b470 f i RMG_SettingsDlg.obj
 0001:0000a510       ??$_Emplace_reallocate@U?$pair@UH3ObjectAttributes@h3@@$$T@std@@@?$vector@U?$pair@UH3ObjectAttributes@h3@@PAUH3LoadedPcx16@2@@std@@V?$allocator@U?$pair@UH3ObjectAttributes@h3@@PAUH3LoadedPcx16@2@@std@@@2@@std@@AAEPAU?$pair@UH3ObjectAttributes@h3@@PAUH3LoadedPcx16@2@@1@QAU21@$$QAU?$pair@UH3ObjectAttributes@h3@@$$T@1@@Z 1000b510 f i RMG_SettingsDlg.obj
 0001:0000a670       ??$_Emplace_reallocate@AAU?$pair@UH3ObjectAttributes@h3@@PAUH3LoadedPcx16@2@@std@@@?$vector@U?$pair@UH3ObjectAttributes@h3@@PAUH3LoadedPcx16@2@@std@@V?$allocator@U?$pair@UH3ObjectAttributes@h3@@PAUH3LoadedPcx16@2@@std@@@2@@std@@AAEPAU?$pair@UH3ObjectAttributes@h3@@PAUH3LoadedPcx16@2@@1@QAU21@AAU21@@Z 1000b670 f i RMG_SettingsDlg.obj
 0001:0000a800       ??$?4U?$pair@UH3ObjectAttributes@h3@@PAUH3LoadedPcx16@2@@std@@$0A@@?$pair@UH3ObjectAttributes@h3@@PAUH3LoadedPcx16@2@@std@@QAEAAU01@ABU01@@Z 1000b800 f i RMG_SettingsDlg.obj
 0001:0000a890       ??$_Resize_reallocate@U_Value_init_tag@std@@@?$vector@PAUH3DlgCaptionButton@h3@@V?$allocator@PAUH3DlgCaptionButton@h3@@@std@@@std@@AAEXIABU_Value_init_tag@1@@Z 1000b890 f i RMG_SettingsDlg.obj
 0001:0000a9b0       ??1?$_Uninitialized_backout_al@V?$allocator@U?$pair@UH3ObjectAttributes@h3@@PAUH3LoadedPcx16@2@@std@@@std@@@std@@QAE@XZ 1000b9b0 f i RMG_SettingsDlg.obj
 0001:0000aa10       ??1?$unique_ptr@V?$tuple@P6AXXZ@std@@U?$default_delete@V?$tuple@P6AXXZ@std@@@2@@std@@QAE@XZ 1000ba10 f i RMG_SettingsDlg.obj
 0001:0000c870       ??$_Invoke@V?$tuple@P6AXXZ@std@@$0A@@thread@std@@CGIPAX@Z 1000d870 f i RMG_SettingsDlg.obj
 0001:0000cf86       ??0bad_alloc@std@@QAE@XZ   1000df86 f i libcpmt:xthrow.obj
 0001:0000cf9e       ??0length_error@std@@QAE@ABV01@@Z 1000df9e f i libcpmt:xthrow.obj
 0001:0000cfb9       ??0length_error@std@@QAE@PBD@Z 1000dfb9 f i libcpmt:xthrow.obj
 0001:0000cfd8       ??0logic_error@std@@QAE@ABV01@@Z 1000dfd8 f i libcpmt:xthrow.obj
 0001:0000cff3       ??0out_of_range@std@@QAE@ABV01@@Z 1000dff3 f i libcpmt:xthrow.obj
 0001:0000d00e       ??0out_of_range@std@@QAE@PBD@Z 1000e00e f i libcpmt:xthrow.obj
 0001:0000d02d       ??0runtime_error@std@@QAE@PBD@Z 1000e02d f i libcpmt:xthrow.obj
 0001:0000d04c       ??_E__non_rtti_object@std@@UAEPAXI@Z 1000e04c f i libvcruntime:rtti.obj
 0001:0000d04c       ??_Ebad_exception@std@@UAEPAXI@Z 1000e04c f i libvcruntime:frame.obj
 0001:0000d04c       ??_Ebad_typeid@std@@UAEPAXI@Z 1000e04c f i libvcruntime:rtti.obj
 0001:0000d04c       ??_Elength_error@std@@UAEPAXI@Z 1000e04c f i libcpmt:xthrow.obj
 0001:0000d04c       ??_Elogic_error@std@@UAEPAXI@Z 1000e04c f i libcpmt:xthrow.obj
 0001:0000d04c       ??_Eout_of_range@std@@UAEPAXI@Z 1000e04c f i libcpmt:xthrow.obj
 0001:0000d04c       ??_G__non_rtti_object@std@@UAEPAXI@Z 1000e04c f i libvcruntime:rtti.obj
 0001:0000d04c       ??_Gbad_exception@std@@UAEPAXI@Z 1000e04c f i libvcruntime:frame.obj
 0001:0000d04c       ??_Gbad_typeid@std@@UAEPAXI@Z 1000e04c f i libvcruntime:rtti.obj
 0001:0000d04c       ??_Glength_error@std@@UAEPAXI@Z 1000e04c f i libcpmt:xthrow.obj
 0001:0000d04c       ??_Glogic_error@std@@UAEPAXI@Z 1000e04c f i libcpmt:xthrow.obj
 0001:0000d04c       ??_Gout_of_range@std@@UAEPAXI@Z 1000e04c f i libcpmt:xthrow.obj
 0001:0000d079       ?_Xbad_alloc@std@@YAXXZ    1000e079 f   libcpmt:xthrow.obj
 0001:0000d079       ?__scrt_throw_std_bad_alloc@@YAXXZ 1000e079 f   LIBCMT:throw_bad_alloc.obj
 0001:0000d096       ?_Xlength_error@std@@YAXPBD@Z 1000e096 f   libcpmt:xthrow.obj
 0001:0000d0b6       ?_Xout_of_range@std@@YAXPBD@Z 1000e0b6 f   libcpmt:xthrow.obj
 0001:0000d0d6       ?_Xruntime_error@std@@YAXPBD@Z 1000e0d6 f   libcpmt:xthrow.obj
 0001:0000d0f6       ??0_Init_locks@std@@QAE@XZ 1000e0f6 f   libcpmt:xlock.obj
 0001:0000d123       ??0_Lockit@std@@QAE@H@Z    1000e123 f   libcpmt:xlock.obj
 0001:0000d154       ??1_Init_locks@std@@QAE@XZ 1000e154 f   libcpmt:xlock.obj
 0001:0000d17b       ??1_Lockit@std@@QAE@XZ     1000e17b f   libcpmt:xlock.obj
 0001:0000d19a       ??0_Locimp@locale@std@@AAE@_N@Z 1000e19a f i libcpmt:locale0.obj
 0001:0000d1db       ??1_Fac_node@std@@QAE@XZ   1000e1db f i libcpmt:locale0.obj
 0001:0000d20c       ??1_Fac_tidy_reg_t@std@@QAE@XZ 1000e20c f i libcpmt:locale0.obj
 0001:0000d230       ??1_Locimp@locale@std@@MAE@XZ 1000e230 f i libcpmt:locale0.obj
 0001:0000d25b       ??4?$_Yarn@D@std@@QAEAAV01@PBD@Z 1000e25b f i libcpmt:locale0.obj
 0001:0000d2af       ??_E_Locimp@locale@std@@MAEPAXI@Z 1000e2af f i libcpmt:locale0.obj
 0001:0000d2af       ??_G_Locimp@locale@std@@MAEPAXI@Z 1000e2af f i libcpmt:locale0.obj
 0001:0000d2d1       ?_Facet_Register@std@@YAXPAV_Facet_base@1@@Z 1000e2d1 f   libcpmt:locale0.obj
 0001:0000d2fe       ?_Getgloballocale@locale@std@@CAPAV_Locimp@12@XZ 1000e2fe f   libcpmt:locale0.obj
 0001:0000d304       ?_Init@locale@std@@CAPAV_Locimp@12@_N@Z 1000e304 f   libcpmt:locale0.obj
 0001:0000d391       ?_Locimp_dtor@_Locimp@locale@std@@CAXPAV123@@Z 1000e391 f   libcpmt:locale0.obj
 0001:0000d402       ?_Locinfo_ctor@_Locinfo@std@@SAXPAV12@PBD@Z 1000e402 f   libcpmt:locale0.obj
 0001:0000d44e       ?_Locinfo_dtor@_Locinfo@std@@SAXPAV12@@Z 1000e44e f   libcpmt:locale0.obj
 0001:0000d468       ?_New_Locimp@_Locimp@locale@std@@CAPAV123@_N@Z 1000e468 f   libcpmt:locale0.obj
 0001:0000d48b       ?_Setgloballocale@locale@std@@CAXPAX@Z 1000e48b f   libcpmt:locale0.obj
 0001:0000d4b3       __Deletegloballocale       1000e4b3 f   libcpmt:locale0.obj
 0001:0000d518       ?uncaught_exception@std@@YA_NXZ 1000e518 f   libcpmt:uncaught_exception.obj
 0001:0000d51d       ?_Callfns@ios_base@std@@AAEXW4event@12@@Z 1000e51d f i libcpmt:ios.obj
 0001:0000d550       ?_Ios_base_dtor@ios_base@std@@CAXPAV12@@Z 1000e550 f   libcpmt:ios.obj
 0001:0000d590       ?_Tidy@ios_base@std@@AAEXXZ 1000e590 f i libcpmt:ios.obj
 0001:0000d60b       ?_Syserror_map@std@@YAPBDH@Z 1000e60b f   libcpmt:syserror.obj
 0001:0000d630       __Getctype                 1000e630 f   libcpmt:_tolower.obj
 0001:0000d69b       __Tolower                  1000e69b f   libcpmt:_tolower.obj
 0001:0000d78a       __Toupper                  1000e78a f   libcpmt:_toupper.obj
 0001:0000d879       ??0system_error@std@@QAE@HABVerror_category@1@PBD@Z 1000e879 f i libcpmt:thread0.obj
 0001:0000d8c6       ??_E_Generic_error_category@std@@UAEPAXI@Z 1000e8c6 f i libcpmt:thread0.obj
 0001:0000d8c6       ??_G_Generic_error_category@std@@UAEPAXI@Z 1000e8c6 f i libcpmt:thread0.obj
 0001:0000d8e3       ?_Throw_Cpp_error@std@@YAXH@Z 1000e8e3 f   libcpmt:thread0.obj
 0001:0000d918       ?generic_category@std@@YAABVerror_category@1@XZ 1000e918 f i libcpmt:thread0.obj
 0001:0000d91e       ?message@_Generic_error_category@std@@UBE?AV?$basic_string@DU?$char_traits@D@std@@V?$allocator@D@2@@2@H@Z 1000e91e f i libcpmt:thread0.obj
 0001:0000d93b       ?name@_Generic_error_category@std@@UBEPBDXZ 1000e93b f i libcpmt:thread0.obj
 0001:0000d941       ?_Verify_ownership_levels@_Mutex_base@std@@IAE_NXZ 1000e941 f i libcpmt:xnotify.obj
 0001:0000d957       ?lock@_Mutex_base@std@@QAEXXZ 1000e957 f i libcpmt:xnotify.obj
 0001:0000d97e       __Cnd_do_broadcast_at_thread_exit 1000e97e f   libcpmt:xnotify.obj
 0001:0000da3f       __Thrd_detach              1000ea3f f   libcpmt:cthread.obj
 0001:0000da57       __Thrd_id                  1000ea57 f   libcpmt:cthread.obj
 0001:0000db50       ___std_find_trivial_4@12   1000eb50 f   libcpmt:vector_algorithms.obj
 0001:0000db59       __Mtxdst                   1000eb59 f   libcpmt:xmtx.obj
 0001:0000db67       __Mtxinit                  1000eb67 f   libcpmt:xmtx.obj
 0001:0000db7c       __Mtxlock                  1000eb7c f   libcpmt:xmtx.obj
 0001:0000db8a       __Mtxunlock                1000eb8a f   libcpmt:xmtx.obj
 0001:0000db98       ??1_Init_atexit@@QAE@XZ    1000eb98 f i libcpmt:iosptrs.obj
 0001:0000dc00       ?_Atexit@@YAXP6AXXZ@Z      1000ec00 f   libcpmt:iosptrs.obj
 0001:0000dc2f       ??1?$__crt_scoped_stack_ptr@_W@@QAE@XZ 1000ec2f f i libcpmt:StlLCMapStringA.obj
 0001:0000dc48       ___crtLCMapStringA         1000ec48 f   libcpmt:StlLCMapStringA.obj
 0001:0000de12       __freea_crt                1000ee12 f i libcpmt:StlLCMapStringA.obj
 0001:0000de30       __Mtx_lock                 1000ee30 f   libcpmt:mutex.obj
 0001:0000de41       __Mtx_unlock               1000ee41 f   libcpmt:mutex.obj
 0001:0000df8c       __Cnd_broadcast            1000ef8c f   libcpmt:cond.obj
 0001:0000dfa0       __Timespec64_get_sys       1000efa0 f   libcpmt:xtime.obj
 0001:0000dfde       __Xtime_get_ticks          1000efde f   libcpmt:xtime.obj
 0001:0000e039       ___crtGetSystemTimePreciseAsFileTime 1000f039 f   libcpmt:winapisupp.obj
 0001:0000e08e       ??_V@YAXPAX@Z              1000f08e f   LIBCMT:delete_array.obj
 0001:0000e093       ??_U@YAPAXI@Z              1000f093 f   LIBCMT:new_array.obj
 0001:0000e09c       ??2@YAPAXI@Z               1000f09c f   LIBCMT:new_scalar.obj
 0001:0000e0cc       ??3@YAXPAXI@Z              1000f0cc f   LIBCMT:delete_scalar_size.obj
 0001:0000e0da       ??_Etype_info@@UAEPAXI@Z   1000f0da f i LIBCMT:std_type_info_static.obj
 0001:0000e0da       ??_Gtype_info@@UAEPAXI@Z   1000f0da f i LIBCMT:std_type_info_static.obj
 0001:0000e13f       ___scrt_acquire_startup_lock 1000f13f f   LIBCMT:utility.obj
 0001:0000e171       ___scrt_dllmain_after_initialize_c 1000f171 f   LIBCMT:utility.obj
 0001:0000e19c       ___scrt_dllmain_before_initialize_c 1000f19c f   LIBCMT:utility.obj
[...]
 0002:0000df4c       __ehfuncinfo$?CreateGraphics@rmgdlg@@YAXABU?$H3Vector@PAUH3RmgObjectGenerator@h3@@@h3@@@Z 1004af4c     RMG_SettingsDlg.obj
 0002:0000df70       __unwindtable$?CreateGraphics@rmgdlg@@YAXABU?$H3Vector@PAUH3RmgObjectGenerator@h3@@@h3@@@Z 1004af70     RMG_SettingsDlg.obj
 0002:0000df78       __ehfuncinfo$?CreateResizedObjectPcx@rmgdlg@@YAXXZ 1004af78     RMG_SettingsDlg.obj
 0002:0000df9c       __unwindtable$?CreateResizedObjectPcx@rmgdlg@@YAXXZ 1004af9c     RMG_SettingsDlg.obj
 0002:0000dfa4       __ehfuncinfo$?NewScenarioDlg_Create@RMG_SettingsDlg@rmgdlg@@CGXPAVHiHook@@PAUH3SelectScenarioDialog@h3@@K@Z 1004afa4     RMG_SettingsDlg.obj
 0002:0000dfc8       __unwindtable$?NewScenarioDlg_Create@RMG_SettingsDlg@rmgdlg@@CGXPAVHiHook@@PAUH3SelectScenarioDialog@h3@@K@Z 1004afc8     RMG_SettingsDlg.obj
 0002:0000e028       __ehfuncinfo$?SelectScenarioDlgRandomizeProc@rmgdlg@@YIHPAUH3Msg@h3@@@Z 1004b028     RMG_SettingsDlg.obj
 0002:0000e04c       __unwindtable$?SelectScenarioDlgRandomizeProc@rmgdlg@@YIHPAUH3Msg@h3@@@Z 1004b04c     RMG_SettingsDlg.obj
 0002:0000e05c       __ehfuncinfo$?H3SelectScenarioDialog_ShowRandomMapsSettings@RMG_SettingsDlg@rmgdlg@@CGHPAVLoHook@@PAUHookContext@@@Z 1004b05c     RMG_SettingsDlg.obj
 0002:0000e080       __unwindtable$?H3SelectScenarioDialog_ShowRandomMapsSettings@RMG_SettingsDlg@rmgdlg@@CGHPAVLoHook@@PAUHookContext@@@Z 1004b080     RMG_SettingsDlg.obj
 0002:0000e090       __ehfuncinfo$?Dlg_SelectScenario_Proc@RMG_SettingsDlg@rmgdlg@@CGHPAVLoHook@@PAUHookContext@@@Z 1004b090     RMG_SettingsDlg.obj
 0002:0000e0b4       __unwindtable$?Dlg_SelectScenario_Proc@RMG_SettingsDlg@rmgdlg@@CGHPAVLoHook@@PAUHookContext@@@Z 1004b0b4     RMG_SettingsDlg.obj
 0002:0000e0cc       __ehfuncinfo$?GetObjectPrototypesLists@rmgdlg@@YAXXZ 1004b0cc     RMG_SettingsDlg.obj
 0002:0000e0f0       __unwindtable$?GetObjectPrototypesLists@rmgdlg@@YAXXZ 1004b0f0     RMG_SettingsDlg.obj
 0002:0000e138       __ehfuncinfo$?FindDataInObjectGeneratorsList@rmgdlg@@YAXAAV?$vector@U?$pair@UH3ObjectAttributes@h3@@PAUH3LoadedPcx16@2@@std@@V?$allocator@U?$pair@UH3ObjectAttributes@h3@@PAUH3LoadedPcx16@2@@std@@@2@@std@@@Z 1004b138     RMG_SettingsDlg.obj
 0002:0000e15c       __unwindtable$?FindDataInObjectGeneratorsList@rmgdlg@@YAXAAV?$vector@U?$pair@UH3ObjectAttributes@h3@@PAUH3LoadedPcx16@2@@std@@V?$allocator@U?$pair@UH3ObjectAttributes@h3@@PAUH3LoadedPcx16@2@@std@@@2@@std@@@Z 1004b15c     RMG_SettingsDlg.obj
 0002:0000e164       __ehfuncinfo$?GetObjectPrototypesByTypes@rmgdlg@@YAXAAV?$vector@U?$pair@UH3ObjectAttributes@h3@@PAUH3LoadedPcx16@2@@std@@V?$allocator@U?$pair@UH3ObjectAttributes@h3@@PAUH3LoadedPcx16@2@@std@@@2@@std@@PBHI@Z 1004b164     RMG_SettingsDlg.obj
 0002:0000e188       __unwindtable$?GetObjectPrototypesByTypes@rmgdlg@@YAXAAV?$vector@U?$pair@UH3ObjectAttributes@h3@@PAUH3LoadedPcx16@2@@std@@V?$allocator@U?$pair@UH3ObjectAttributes@h3@@PAUH3LoadedPcx16@2@@std@@@2@@std@@PBHI@Z 1004b188     RMG_SettingsDlg.obj
 0002:0000e1a0       __ehfuncinfo$??0PageHeader@ObjectsPage@RMG_SettingsDlg@rmgdlg@@QAE@HHHHH@Z 1004b1a0     RMG_SettingsDlg.obj
 0002:0000e1c8       __unwindtable$??0PageHeader@ObjectsPage@RMG_SettingsDlg@rmgdlg@@QAE@HHHHH@Z 1004b1c8     RMG_SettingsDlg.obj
 0002:0000e268       __ehfuncinfo$??0RMGObject@rmgdlg@@QAE@ABUH3ObjectAttributes@h3@@PAUH3LoadedPcx16@3@@Z 1004b268     RMG_SettingsDlg.obj
 0002:0000e28c       __unwindtable$??0RMGObject@rmgdlg@@QAE@ABUH3ObjectAttributes@h3@@PAUH3LoadedPcx16@3@@Z 1004b28c     RMG_SettingsDlg.obj
 0002:0000e29c       __ehfuncinfo$?SetActivePage@RMG_SettingsDlg@rmgdlg@@AAEHPAUPage@12@@Z 1004b29c     RMG_SettingsDlg.obj
 0002:0000e2c0       __unwindtable$?SetActivePage@RMG_SettingsDlg@rmgdlg@@AAEHPAUPage@12@@Z 1004b2c0     RMG_SettingsDlg.obj
 0002:0000e2c8       __ehfuncinfo$?ShowObjectExtendedInfo@BanksPage@RMG_SettingsDlg@rmgdlg@@UBEHPBUObjectsPanel@23@ABUH3Msg@h3@@@Z 1004b2c8     RMG_SettingsDlg.obj
 0002:0000e2ec       __unwindtable$?ShowObjectExtendedInfo@BanksPage@RMG_SettingsDlg@rmgdlg@@UBEHPBUObjectsPanel@23@ABUH3Msg@h3@@@Z 1004b2ec     RMG_SettingsDlg.obj
 0002:0000e2f4       __ehfuncinfo$?ShowObjectExtendedInfo@ObjectsPage@RMG_SettingsDlg@rmgdlg@@MBEHPBUObjectsPanel@23@ABUH3Msg@h3@@@Z 1004b2f4     RMG_SettingsDlg.obj
 0002:0000e318       __unwindtable$?ShowObjectExtendedInfo@ObjectsPage@RMG_SettingsDlg@rmgdlg@@MBEHPBUObjectsPanel@23@ABUH3Msg@h3@@@Z 1004b318     RMG_SettingsDlg.obj
 0002:0000e340       __ehfuncinfo$?FillObjects@ObjectsPage@RMG_SettingsDlg@rmgdlg@@MAEXH@Z 1004b340     RMG_SettingsDlg.obj
 0002:0000e364       __unwindtable$?FillObjects@ObjectsPage@RMG_SettingsDlg@rmgdlg@@MAEXH@Z 1004b364     RMG_SettingsDlg.obj
 0002:0000e37c       __ehfuncinfo$??0ObjectsPage@RMG_SettingsDlg@rmgdlg@@QAE@PAUH3DlgCaptionButton@h3@@ABV?$vector@U?$pair@UH3ObjectAttributes@h3@@PAUH3LoadedPcx16@2@@std@@V?$allocator@U?$pair@UH3ObjectAttributes@h3@@PAUH3LoadedPcx16@2@@std@@@2@@std@@H@Z 1004b37c     RMG_SettingsDlg.obj
 0002:0000e3a0       __unwindtable$??0ObjectsPage@RMG_SettingsDlg@rmgdlg@@QAE@PAUH3DlgCaptionButton@h3@@ABV?$vector@U?$pair@UH3ObjectAttributes@h3@@PAUH3LoadedPcx16@2@@std@@V?$allocator@U?$pair@UH3ObjectAttributes@h3@@PAUH3LoadedPcx16@2@@std@@@2@@std@@H@Z 1004b3a0     RMG_SettingsDlg.obj
 0002:0000e3e0       __ehfuncinfo$??1RMG_SettingsDlg@rmgdlg@@EAE@XZ 1004b3e0     RMG_SettingsDlg.obj
 0002:0000e404       __unwindtable$??1RMG_SettingsDlg@rmgdlg@@EAE@XZ 1004b404     RMG_SettingsDlg.obj
 0002:0000e414       __ehfuncinfo$?PanelInfoToObjectInfo@ObjectsPanel@RMG_SettingsDlg@rmgdlg@@QAEXXZ 1004b414     RMG_SettingsDlg.obj
 0002:0000e438       __ehfuncinfo$?ObjectInfoToPanelInfo@ObjectsPanel@RMG_SettingsDlg@rmgdlg@@QAEXXZ 1004b438     RMG_SettingsDlg.obj
 0002:0000e45c       __ehfuncinfo$?UnfocusEdits@ObjectsPanel@RMG_SettingsDlg@rmgdlg@@QAE?BHH@Z 1004b45c     RMG_SettingsDlg.obj
 0002:0000e480       __unwindtable$?UnfocusEdits@ObjectsPanel@RMG_SettingsDlg@rmgdlg@@QAE?BHH@Z 1004b480     RMG_SettingsDlg.obj
 0002:0000e488       __ehfuncinfo$?SetObject@ObjectsPanel@RMG_SettingsDlg@rmgdlg@@QAEXPAVRMGObject@3@@Z 1004b488     RMG_SettingsDlg.obj
 0002:0000e4ac       __unwindtable$?SetObject@ObjectsPanel@RMG_SettingsDlg@rmgdlg@@QAEXPAVRMGObject@3@@Z 1004b4ac     RMG_SettingsDlg.obj
 0002:0000e4b4       __ehfuncinfo$??0ObjectsPanel@RMG_SettingsDlg@rmgdlg@@QAE@HHPAUPage@12@@Z 1004b4b4     RMG_SettingsDlg.obj
 0002:0000e4d8       __unwindtable$??0ObjectsPanel@RMG_SettingsDlg@rmgdlg@@QAE@HHPAUPage@12@@Z 1004b4d8     RMG_SettingsDlg.obj
 0002:0000e548       __ehfuncinfo$?CreateHorizontalScrollBar@ObjectsPage@RMG_SettingsDlg@rmgdlg@@IAEXXZ 1004b548     RMG_SettingsDlg.obj
 0002:0000e56c       __unwindtable$?CreateHorizontalScrollBar@ObjectsPage@RMG_SettingsDlg@rmgdlg@@IAEXXZ 1004b56c     RMG_SettingsDlg.obj
 0002:0000e574       __ehfuncinfo$?CreateVerticalScrollBar@ObjectsPage@RMG_SettingsDlg@rmgdlg@@IAEXXZ 1004b574     RMG_SettingsDlg.obj
 0002:0000e598       __unwindtable$?CreateVerticalScrollBar@ObjectsPage@RMG_SettingsDlg@rmgdlg@@IAEXXZ 1004b598     RMG_SettingsDlg.obj
 0002:0000e5a0       __ehfuncinfo$?SaveRMGObjectsInfo@RMG_SettingsDlg@rmgdlg@@ABEHH@Z 1004b5a0     RMG_SettingsDlg.obj
 0002:0000e5c4       __ehfuncinfo$?WriteIniDlgSettings@RMG_SettingsDlg@rmgdlg@@ABEHXZ 1004b5c4     RMG_SettingsDlg.obj
 0002:0000e5e8       __ehfuncinfo$?ReadIniDlgSettings@RMG_SettingsDlg@rmgdlg@@AAEHXZ 1004b5e8     RMG_SettingsDlg.obj
 0002:0000e60c       __ehfuncinfo$?OnOK@RMG_SettingsDlg@rmgdlg@@EAEXXZ 1004b60c     RMG_SettingsDlg.obj
 0002:0000e630       __unwindtable$?OnOK@RMG_SettingsDlg@rmgdlg@@EAEXXZ 1004b630     RMG_SettingsDlg.obj
 0002:0000e640       __ehfuncinfo$?RemoveEditsFocus@RMG_SettingsDlg@rmgdlg@@ABEHH@Z 1004b640     RMG_SettingsDlg.obj
 0002:0000e664       __unwindtable$?RemoveEditsFocus@RMG_SettingsDlg@rmgdlg@@ABEHH@Z 1004b664     RMG_SettingsDlg.obj
 0002:0000e66c       __ehfuncinfo$?OnHelp@RMG_SettingsDlg@rmgdlg@@ABEXXZ 1004b66c     RMG_SettingsDlg.obj
 0002:0000e690       __unwindtable$?OnHelp@RMG_SettingsDlg@rmgdlg@@ABEXXZ 1004b690     RMG_SettingsDlg.obj
 0002:0000e6b8       __ehfuncinfo$??0RMG_SettingsDlg@rmgdlg@@QAE@HHHH@Z 1004b6b8     RMG_SettingsDlg.obj
 0002:0000e6e0       __unwindtable$??0RMG_SettingsDlg@rmgdlg@@QAE@HHHH@Z 1004b6e0     RMG_SettingsDlg.obj
 0002:0000e7b8       __ehfuncinfo$??R<lambda_1>@?1??SortRmgObjects@sorting@rmgdlg@@YAXAAV?$vector@VRMGObject@rmgdlg@@V?$allocator@VRMGObject@rmgdlg@@@std@@@std@@W4eSorting@23@_N@Z@QBE_NABVRMGObject@3@3@Z 1004b7b8     RMG_SettingsDlg.obj
 0002:0000e7e0       __unwindtable$??R<lambda_1>@?1??SortRmgObjects@sorting@rmgdlg@@YAXAAV?$vector@VRMGObject@rmgdlg@@V?$allocator@VRMGObject@rmgdlg@@@std@@@std@@W4eSorting@23@_N@Z@QBE_NABVRMGObject@3@3@Z 1004b7e0     RMG_SettingsDlg.obj
 0002:0000e890       __sehtable$___RTDynamicCast 1004b890     libvcruntime:rtti.obj
 0002:0000e910       .edata                     1004b910     RMG_CustomizeObjectProperties.exp
 0002:0000e938       rgpv                       1004b938     RMG_CustomizeObjectProperties.exp
 0002:0000e93c       rgszName                   1004b93c     RMG_CustomizeObjectProperties.exp
 0002:0000e940       rgwOrd                     1004b940     RMG_CustomizeObjectProperties.exp
 0002:0000e942       szName                     1004b942     RMG_CustomizeObjectProperties.exp
 0002:0000e964       $N00001                    1004b964     RMG_CustomizeObjectProperties.exp
 0002:0000eb52       .idata$6                   1004bb52     kernel32:KERNEL32.dll
 0003:00000000       ?init@std@@3JA             1004d000     libcpmt:xlock.obj
 0003:00000010       ?_Thread_exit_data_mutex@?A0x7f1b0160@@3Vmutex@std@@A 1004d010     libcpmt:xnotify.obj
 0003:00000040       ?atcount_cdecl@@3IA        1004d040     libcpmt:iosptrs.obj
 0003:000000e0       ?__vcrt_flsindex@@3KA      1004d0e0     libvcruntime:per_thread_data.obj
 0003:0000010c       ?errno_no_memory@@3HA      1004d10c     libucrt:errno.obj
 0003:00000110       ?doserrno_no_memory@@3KA   1004d110     libucrt:errno.obj
 0003:00000230       ?__acrt_flsindex@@3KA      1004d230     libucrt:per_thread_data.obj
 0003:00000234       __ctype_loc_style          1004d234     libucrt:wsetlocale.obj
 0003:00000304       ?__DAZ_ENABLED@?1??__set_fpsr_sse2@@9@9 1004d304     libucrt:fpctrl.obj
 0003:00000308       ?tzstd_program@@3PADA      1004d308     libucrt:timeset.obj
 0003:00000348       ?tzdst_program@@3PADA      1004d348     libucrt:timeset.obj
 0003:00000388       ?w_tzstd_program@@3PA_WA   1004d388     libucrt:timeset.obj
 0003:00000408       ?w_tzdst_program@@3PA_WA   1004d408     libucrt:timeset.obj
 0003:00000488       ?tzname_states@@3PAY01PADA 1004d488     libucrt:timeset.obj
 0003:00000490       ?w_tzname_states@@3PAY01PA_WA 1004d490     libucrt:timeset.obj
 0003:000006b8       __mbctypes                 1004d6b8     libucrt:mbctype.obj
 0003:000007c0       __mbcasemaps               1004d7c0     libucrt:mbctype.obj
 0003:000008c0       ?__rgctypeflag@@3PADA      1004d8c0     libucrt:mbctype.obj
 0003:000008c8       ?__rgcode_page_info@@3PAUcode_page_info@@A 1004d8c8     libucrt:mbctype.obj
 0003:00000ac0       ?__dcrt_lowio_console_output_handle@@3PAXA 1004dac0     libucrt:initcon.obj
 0003:00000ad8       ?firstLaunch@?7??SelectScenarioDlgRandomizeProc@rmgdlg@@YIHPAUH3Msg@h3@@@Z@4_NA 1004dad8     RMG_SettingsDlg.obj
 0003:000012c0       ?initlocks@std@@3V_Init_locks@1@A 1004e2c0     libcpmt:xlock.obj
 0003:000012c8       ?mtx@std@@3PAU_RTL_CRITICAL_SECTION@@A 1004e2c8     libcpmt:xlock.obj
 0003:000013a4       ?classic_locale@std@@3Vlocale@1@A 1004e3a4     libcpmt:locale0.obj
 0003:000013ac       ?_Fac_head@std@@3PAU_Fac_node@1@A 1004e3ac     libcpmt:locale0.obj
 0003:000013b0       ?_Fac_tidy_reg@std@@3U_Fac_tidy_reg_t@1@B 1004e3b0     libcpmt:locale0.obj
 0003:000013b4       _global_locale             1004e3b4     libcpmt:locale0.obj
 0003:000013b8       ?registered@?1??_Setgloballocale@locale@std@@CAXPAX@Z@4_NA 1004e3b8     libcpmt:locale0.obj
 0003:000013c0       ?stdstr@std@@3PAPAVios_base@1@A 1004e3c0     libcpmt:ios.obj
 0003:000013e8       ?stdopens@std@@3PADA       1004e3e8     libcpmt:ios.obj
 0003:000013f8       ?_Thread_exit_data@?A0x7f1b0160@@3U_At_thread_exit_block@1@A 1004e3f8     libcpmt:xnotify.obj
 0003:000015c0       ?initlocks@std@@3V_Init_locks@1@A 1004e5c0     libcpmt:iosptrs.obj
 0003:000015c1       ?init_atexit@@3U_Init_atexit@@A 1004e5c1     libcpmt:iosptrs.obj
 0003:000015c4       ?atfuns_cdecl@@3PAP6AXXZA  1004e5c4     libcpmt:iosptrs.obj
 0003:00001664       ?__KERNEL32Function_GetSystemTimePreciseAsFileTime@?A0x995b63b9@@3P6GXPAU_FILETIME@@@ZA 1004e664     libcpmt:winapisupp.obj
 0003:00001668       ?__KERNEL32Function_GetTempPath2W@?A0x995b63b9@@3P6GKKPA_W@ZA 1004e668     libcpmt:winapisupp.obj
 0003:00001674       ?is_initialized_as_dll@@3_NA 1004e674     LIBCMT:utility.obj
 0003:00001675       ?module_local_atexit_table_initialized@@3_NA 1004e675     LIBCMT:utility.obj
 0003:00001678       ?module_local_atexit_table@@3U_onexit_table_t@@A 1004e678     LIBCMT:utility.obj
 0003:00001684       ?module_local_at_quick_exit_table@@3U_onexit_table_t@@A 1004e684     LIBCMT:utility.obj
 0003:00001690       ?g_tss_cv@@3U_RTL_CONDITION_VARIABLE@@A 1004e690     LIBCMT:thread_safe_statics.obj
 0003:00001694       ?g_tss_srw@@3U_RTL_SRWLOCK@@A 1004e694     LIBCMT:thread_safe_statics.obj
 0003:00001698       ?__proc_attached@@3HA      1004e698     LIBCMT:dll_dllmain.obj
 0003:000016c0       _GS_ExceptionRecord        1004e6c0     LIBCMT:gs_report.obj
 0003:00001710       _GS_ContextRecord          1004e710     LIBCMT:gs_report.obj
 0003:000019e0       ?__vcrt_startup_thread_ptd@@3U__vcrt_ptd@@A 1004e9e0     libvcruntime:per_thread_data.obj
 0003:00001a0c       ___vcrt_lock_table         1004ea0c     libvcruntime:locks.obj
 0003:00001a24       ___vcrt_locks_initialized  1004ea24     libvcruntime:locks.obj
 0003:00001a50       ?heap@@3V_HeapManager@@A   1004ea50     libvcruntime:undname.obj
 0003:00001a64       ?module_handles@@3PAPAUHINSTANCE__@@A 1004ea64     libvcruntime:winapi_downlevel.obj
 0003:00001a70       ?function_pointers@@3PAPAXA 1004ea70     libvcruntime:winapi_downlevel.obj
 0003:00001a84       ?__acrt_invalid_parameter_handler@@3V?$dual_state_global@P6AXPB_W00II@Z@__crt_state_management@@A 1004ea84     libucrt:invalid_parameter.obj
 0003:00001a88       ?__acrt_lock_table@@3PAU_RTL_CRITICAL_SECTION@@A 1004ea88     libucrt:locks.obj
 0003:00001bd8       ?__acrt_locks_initialized@@3IA 1004ebd8     libucrt:locks.obj
 0003:00001bec       ?__acrt_new_handler@@3V?$dual_state_global@P6AHI@Z@__crt_state_management@@A 1004ebec     libucrt:new_handler.obj
 0003:00001bf0       ?c_termination_complete@@3JA 1004ebf0     libucrt:exit.obj
 0003:00001bf4       ?thread_local_exit_callback_func@@3P6GXPAXK0@ZA 1004ebf4     libucrt:exit.obj
 0003:00001bf8       ?c_exit_complete@?1???R<lambda_6e4b09c48022b2350581041d5f6b0c4c>@@QBE@XZ@4_NA 1004ebf8     libucrt:exit.obj
 0003:00001c00       ?program_name@?1???$common_configure_argv@D@@YAHW4_crt_argv_mode@@@Z@4PADA 1004ec00     libucrt:argv_parsing.obj
 0003:00001d30       ?internal_state@?1??_mbtowc_internal@@9@4U_Mbstatet@@A 1004ed30     libucrt:mbtowc.obj
 0003:00001d38       ?enable_percent_n@@3IA     1004ed38     libucrt:printf_count_output.obj
 0003:00001f58       ?module_handles@@3PAPAUHINSTANCE__@@A 1004ef58     libucrt:winapi_thunks.obj
 0003:00001fb0       ?encoded_function_pointers@@3PAPAXA 1004efb0     libucrt:winapi_thunks.obj
 0003:0000203c       ?static_enum_proc@?1??enum_system_locales_ex_nolock@@YAHQ6GHPA_WKJ@Z@Z@4P6GH0KJ@ZA 1004f03c     libucrt:winapi_thunks.obj
 0003:00002040       ?state_cache@?1???$get_cached_win_policy@Ubegin_thread_init_policy_properties@?1??__acrt_get_begin_thread_init_policy@@YA?AW4begin_thread_init_policy@@XZ@@@YA?AW4begin_thread_init_policy@@W4AppPolicyThreadInitializationType@@@Z@4JA 1004f040     libucrt:win_policies.obj
 0003:00002044       ?ctrlc_action@@3V?$dual_state_global@P6AXH@Z@__crt_state_management@@A 1004f044     libucrt:signal.obj
 0003:00002048       ?ctrlbreak_action@@3V?$dual_state_global@P6AXH@Z@__crt_state_management@@A 1004f048     libucrt:signal.obj
 0003:0000204c       ?abort_action@@3V?$dual_state_global@P6AXH@Z@__crt_state_management@@A 1004f04c     libucrt:signal.obj
 0003:00002050       ?term_action@@3V?$dual_state_global@P6AXH@Z@__crt_state_management@@A 1004f050     libucrt:signal.obj
 0003:00002060       ?_tzname@@3V?$dual_state_global@PAPAD@__crt_state_management@@A 1004f060     libucrt:timeset.obj
 0003:00002064       ?w_tzname@@3V?$dual_state_global@PAPA_W@__crt_state_management@@A 1004f064     libucrt:timeset.obj
 0003:00002068       ?tz_api_used@@3HA          1004f068     libucrt:tzset.obj
 0003:0000206c       ?tzset_init_state@@3V?$dual_state_global@J@__crt_state_management@@A 1004f06c     libucrt:tzset.obj
 0003:00002070       ?tz_info@@3U_TIME_ZONE_INFORMATION@@A 1004f070     libucrt:tzset.obj
 0003:00002128       ?fSystemSet@@3HA           1004f128     libucrt:mbctype.obj
 0003:0000212c       ?initialized@?1??__acrt_initialize_multibyte@@9@4_NA 1004f12c     libucrt:mbctype.obj
 0003:0000214c       ?user_matherr@@3V?$dual_state_global@P6AHPAU_exception@@@Z@__crt_state_management@@A 1004f14c     libucrt:matherr.obj
 0003:00002150       ?__acrt_global_new_mode@@3V?$dual_state_global@J@__crt_state_management@@A 1004f150     libucrt:new_mode.obj
 0003:00002154       ?internal_pst@?1??__mbrtoc32_utf8@__crt_mbstring@@YAIPA_UPBDIPAU_Mbstatet@@AAV__crt_cached_ptd_host@@@Z@4U3@A 1004f154     libucrt:mbrtoc32.obj
 0003:0000215c       ?__acrt_app_type@@3W4_crt_app_type@@A 1004f15c     libucrt:report_runtime_error.obj
 0003:00002160       ?internal_pst@?1??__c16rtomb_utf8@__crt_mbstring@@YAIPAD_SPAU_Mbstatet@@AAV__crt_cached_ptd_host@@@Z@4U3@A 1004f160     libucrt:c16rtomb.obj
 0003:0000216c       __pmatherr_set             1004f16c     libucrt:libm_error.obj
 0003:00003c74       ?plugin_On@?1??DllMain@@9@12@4HA 10050c74     dllmain.obj
 0003:00003c7c       ?assetsCreated@?1??GameStart@rmgdlg@@YGXPAVHiHook@@K@Z@4_NA 10050c7c     RMG_SettingsDlg.obj
 0003:00003c80       ?_instance@?1??Get@ColosseumOfTheMagiExtender@colosseumOfTheMagi@@SAAAV23@XZ@4V23@A 10050c80     ColosseumOfTheMagiExtender.obj
 0003:00003c90       ?$TSS0@?1??Get@ColosseumOfTheMagiExtender@colosseumOfTheMagi@@SAAAV23@XZ@4HA 10050c90     ColosseumOfTheMagiExtender.obj
 0003:00003c94       ?$TSS0@?1??Get@CreatureBanksExtender@cbanks@@SAAAV23@XZ@4HA 10050c94     CreatureBanksExtender.obj
 0003:00003c98       ?_instance@?1??Get@CreatureBanksExtender@cbanks@@SAAAV23@XZ@4V23@A 10050c98     CreatureBanksExtender.obj
 0003:00003ce4       ?$TSS0@?1??Get@GazeboExtender@gazebo@@SAAAV23@XZ@4HA 10050ce4     GazeboExtender.obj
 0003:00003ce8       ?_instance@?1??Get@GazeboExtender@gazebo@@SAAAV23@XZ@4V23@A 10050ce8     GazeboExtender.obj
 0003:00003cf8       ?$TSS0@?1??Get@ShrinesExternder@shrines@@SAAAV23@XZ@4HA 10050cf8     ShrinesExternder.obj
 0003:00003cfc       ?_instance@?1??Get@ShrinesExternder@shrines@@SAAAV23@XZ@4V23@A 10050cfc     ShrinesExternder.obj
 0003:00003d0c       ?_instance@?1??Get@WarehousesExtender@warehouses@@SAAAV23@XZ@4V23@A 10050d0c     WarehousesExtender.obj
 0003:00003d1c       ?$TSS0@?1??Get@WarehousesExtender@warehouses@@SAAAV23@XZ@4HA 10050d1c     WarehousesExtender.obj
 0003:00003d20       ?_instance@?1??Get@WoGObjectsExtender@wog@@SAAAV23@XZ@4V23@A 10050d20     WoGObjectsExtender.obj
 0003:00003d30       ?$TSS0@?1??Get@WoGObjectsExtender@wog@@SAAAV23@XZ@4HA 10050d30     WoGObjectsExtender.obj
 0003:00003d40       ?instance@?1??Get@RMGObjectsEditor@editor@@SAAAV23@XZ@4V23@A 10050d40     RMGObjectsEditor.obj
 0003:000060a0       ?$TSS0@?1??Get@RMGObjectsEditor@editor@@SAAAV23@XZ@4HA 100530a0     RMGObjectsEditor.obj
 0004:00000060       $R000000                   10054060     * linker generated manifest res *
